2026-01-20 01:51:34.342  5328-6126  ActivityManagerWrapper  com.miui.home                        E  getRecentTasks: mainTaskId=4140   userId=0   baseIntent=Intent { act=android.intent.action.MAIN flag=268435456 cmp=ComponentInfo{com.example.slowdown/com.example.slowdown.MainActivity} }
2026-01-20 01:51:34.827  2743-4486  SmartPower...241(27245) system_server                        I  background->idle(3001ms) R(become background) adj=700.
2026-01-20 01:51:34.827  2743-4486  SmartPower              system_server                        I  com.example.slowdown/10241 state=inactive adj=700 proc size=1 move to idle become background
2026-01-20 01:51:35.086  5328-6126  ActivityManagerWrapper  com.miui.home                        E  getRecentTasks: mainTaskId=4140   userId=0   baseIntent=Intent { act=android.intent.action.MAIN flag=268435456 cmp=ComponentInfo{com.example.slowdown/com.example.slowdown.MainActivity} }
2026-01-20 01:51:35.093  5328-6126  ActivityManagerWrapper  com.miui.home                        E  getRecentTasks: mainTaskId=4140   userId=0   baseIntent=Intent { act=android.intent.action.MAIN flag=268435456 cmp=ComponentInfo{com.example.slowdown/com.example.slowdown.MainActivity} }
2026-01-20 01:51:36.485 27245-27274 xample.slowdown         com.example.slowdown                 I  ProcessProfilingInfo new_methods=346 is saved saved_to_disk=1 resolve_classes_delay=8000
2026-01-20 01:51:36.828  2743-4486  SmartPower              system_server                        I  com.example.slowdown/10241 state=idle adj=700 proc size=1 move to hibernation become background
2026-01-20 01:51:36.843  2743-5193  ProcessMemoryCleaner    system_server                        D  Compact memory: com.example.slowdown/10241(27245) state=hibernation adj=700 pri=11 usage=5 isKilled=false pss:105761 swap:365
2026-01-20 01:51:37.546 27245-27259 System                  com.example.slowdown                 W  A resource failed to call close. 
2026-01-20 01:51:45.450  2743-2743  SmartPower...241(27245) system_server                        I  idle->background(10623ms) R(service create com.example.slowdown/.service.AppMonitorService) adj=0.
2026-01-20 01:51:45.453  2743-4486  SmartPower              system_server                        I  com.example.slowdown/10241 state=hibernation adj=0 proc size=1 move to background service create com.example.slowdown/.service.AppMonitorService
2026-01-20 01:51:45.462  2743-4486  SmartPower              system_server                        I  com.example.slowdown/10241 state=background adj=200 proc size=1 move to inactive service end com.example.slowdown/.service.AppMonitorService
2026-01-20 01:51:45.481 27245-27245 SlowDown                com.example.slowdown                 D  [Service] ===== AccessibilityService CONNECTED =====
2026-01-20 01:51:45.482 27245-27245 SlowDown                com.example.slowdown                 D  [Service] Service info: eventTypes=32, feedbackType=16, flags=2
2026-01-20 01:51:45.482 27245-27245 SlowDown                com.example.slowdown                 D  [Service] UsageTrackingManager initialized and periodic sync started
2026-01-20 01:51:45.486 27245-27245 SlowDown                com.example.slowdown                 D  [NotificationHelper] Notification channels created
2026-01-20 01:51:45.486 27245-27245 Compatibil...geReporter com.example.slowdown                 D  Compat change id reported: 160794467; UID 10241; state: ENABLED
2026-01-20 01:51:45.488 27245-27245 SlowDown                com.example.slowdown                 D  [Service] Foreground notification started - service should not be frozen now
2026-01-20 01:51:45.496 27245-27285 UsageTrackingManager    com.example.slowdown                 D  Starting periodic sync (interval: 300s)
2026-01-20 01:51:45.496 27245-27245 UsageTrackingManager    com.example.slowdown                 D  Running periodic UsageStats sync (interval: 300s)
2026-01-20 01:51:45.499 27245-27285 UsageTrackingManager    com.example.slowdown                 D  Querying usage events from 2026-01-20 00:00:00 to 2026-01-20 01:51:45
2026-01-20 01:51:45.505 27245-27300 UsageTrackingManager    com.example.slowdown                 D  Calculated foreground time for 1 apps
2026-01-20 01:51:45.505 27245-27300 UsageTrackingManager    com.example.slowdown                 D  Updating usage for com.bilibili.app.in: 35 minutes (2151924ms)
2026-01-20 01:51:45.533  5328-6126  ActivityManagerWrapper  com.miui.home                        E  getRecentTasks: mainTaskId=4140   userId=0   baseIntent=Intent { act=android.intent.action.MAIN flag=268435456 cmp=ComponentInfo{com.example.slowdown/com.example.slowdown.MainActivity} }
2026-01-20 01:51:45.541  5328-6126  ActivityManagerWrapper  com.miui.home                        E  getRecentTasks: mainTaskId=4140   userId=0   baseIntent=Intent { act=android.intent.action.MAIN flag=268435456 cmp=ComponentInfo{com.example.slowdown/com.example.slowdown.MainActivity} }
2026-01-20 01:51:46.133  5328-6126  ActivityManagerWrapper  com.miui.home                        E  getRecentTasks: mainTaskId=4140   userId=0   baseIntent=Intent { act=android.intent.action.MAIN flag=268435456 cmp=ComponentInfo{com.example.slowdown/com.example.slowdown.MainActivity} }
2026-01-20 01:51:46.145  5328-6126  ActivityManagerWrapper  com.miui.home                        E  getRecentTasks: mainTaskId=4140   userId=0   baseIntent=Intent { act=android.intent.action.MAIN flag=268435456 cmp=ComponentInfo{com.example.slowdown/com.example.slowdown.MainActivity} }
2026-01-20 01:51:46.205 27245-27245 SlowDown                com.example.slowdown                 D  [Service] onAccessibilityEvent: type=32, pkg=com.android.settings
2026-01-20 01:51:46.814  5328-6126  ActivityManagerWrapper  com.miui.home                        E  getRecentTasks: mainTaskId=4140   userId=0   baseIntent=Intent { act=android.intent.action.MAIN flag=268435456 cmp=ComponentInfo{com.example.slowdown/com.example.slowdown.MainActivity} }
2026-01-20 01:51:46.825  5328-6126  ActivityManagerWrapper  com.miui.home                        E  getRecentTasks: mainTaskId=4140   userId=0   baseIntent=Intent { act=android.intent.action.MAIN flag=268435456 cmp=ComponentInfo{com.example.slowdown/com.example.slowdown.MainActivity} }
2026-01-20 01:51:46.918 27245-27245 SlowDown                com.example.slowdown                 D  [Service] onAccessibilityEvent: type=32, pkg=com.android.settings
2026-01-20 01:51:47.640  2743-5429  PerfStubImpl            system_server                        D  perfWarmLaunchBoost: com.example.slowdown, -1, 1
2026-01-20 01:51:47.640  2743-5429  PerfStubImpl            system_server                        D  perfAnimBoost: com.example.slowdown
2026-01-20 01:51:47.642  2743-5429  SmartPower...241(27245) system_server                        I  background->invisible(2191ms) R(become foreground) adj=50.
2026-01-20 01:51:47.642  2743-4486  SmartPower              system_server                        I  com.example.slowdown/10241 state=inactive adj=50 proc size=1 move to background become foreground
2026-01-20 01:51:47.644  9354-20810 PerfEngineController    com.miui.powerkeeper                 D  ForegroundInfo{mForegroundPackageName='com.example.slowdown', mForegroundUid=10241, mForegroundPid=27245, mLastForegroundPackageName='com.android.settings', mLastForegroundUid=1000, mLastForegroundPid=4023, mMultiWindowForegroundPackageName='com.example.slowdown', mMultiWindowForegroundUid=10241, mFlags=0}
2026-01-20 01:51:47.644  5161-6958  A2dpLatencyMode         com.android.bluetooth                D  ForegroundInfo{mForegroundPackageName='com.example.slowdown', mForegroundUid=10241, mForegroundPid=27245, mLastForegroundPackageName='com.android.settings', mLastForegroundUid=1000, mLastForegroundPid=4023, mMultiWindowForegroundPackageName='com.example.slowdown', mMultiWindowForegroundUid=10241, mFlags=0}
2026-01-20 01:51:47.644 11977-26960 AutoInstallService      com.miui.core                        D  onForegroundInfoChanged: com.example.slowdown
2026-01-20 01:51:47.645  5328-5383  AppObserver             com.miui.home                        D  ForegroundInfo{mForegroundPackageName='com.example.slowdown', mForegroundUid=10241, mForegroundPid=27245, mLastForegroundPackageName='com.android.settings', mLastForegroundUid=1000, mLastForegroundPid=4023, mMultiWindowForegroundPackageName='com.example.slowdown', mMultiWindowForegroundUid=10241, mFlags=0}
2026-01-20 01:51:47.645  9376-9420  GID                     com.xiaomi.joyose                    I  PKG: com.example.slowdown IG ? false
2026-01-20 01:51:47.645  9376-9420  GST                     com.xiaomi.joyose                    I  forePkg: com.example.slowdown, preForePkg: com.android.settings
2026-01-20 01:51:47.646  7839-12548 ProcessMonitor          com.miui.securitycenter.remote       I  onForegroundInfoChanged: ForegroundInfo{mForegroundPackageName='com.example.slowdown', mForegroundUid=10241, mForegroundPid=27245, mLastForegroundPackageName='com.android.settings', mLastForegroundUid=1000, mLastForegroundPid=4023, mMultiWindowForegroundPackageName='com.example.slowdown', mMultiWindowForegroundUid=10241, mFlags=0}
2026-01-20 01:51:47.646  7839-12548 GameBoosterService      com.miui.securitycenter.remote       I  onForegroundInfoChanged: Cur=com.example.slowdown	 last=com.android.settings
2026-01-20 01:51:47.647  7839-12548 GameBoosterService      com.miui.securitycenter.remote       D  onGameStatusChange foreground:ForegroundInfo{mForegroundPackageName='com.example.slowdown', mForegroundUid=10241, mForegroundPid=27245, mLastForegroundPackageName='com.android.settings', mLastForegroundUid=1000, mLastForegroundPid=4023, mMultiWindowForegroundPackageName='com.example.slowdown', mMultiWindowForegroundUid=10241, mFlags=0}
2026-01-20 01:51:47.649  8808-8808  AppLifecycleObserver    com.xiaomi.xmsf                      D  onReceive: com.example.slowdown FOREGROUND
2026-01-20 01:51:47.649 27245-27245 OnBackInvokedCallback   com.example.slowdown                 W  OnBackInvokedCallback is not enabled for the application.
                                                                                                    Set 'android:enableOnBackInvokedCallback="true"' in the application manifest.
2026-01-20 01:51:47.650 26362-26525 VA_ActivityUtils        com.miui.voiceassist                 D  getTopActivity packageName:ComponentInfo{com.example.slowdown/com.example.slowdown.MainActivity}
2026-01-20 01:51:47.650 26362-26525 VA_AppStateWatcher      com.miui.voiceassist                 D  currentPkgName:com.example.slowdown, className:com.example.slowdown.MainActivity, lastPkgName:com.android.settings
2026-01-20 01:51:47.650 26362-26362 VA_TopAppC...edObserver com.miui.voiceassist                 D  onAppChanged...com.example.slowdown
2026-01-20 01:51:47.650 26362-26362 VA__LAS_LocalAppSearch  com.miui.voiceassist                 I  onTopAppChanged: com.example.slowdown
2026-01-20 01:51:47.651 26362-26362 VA_HybridL...leListener com.miui.voiceassist                 I  onTopAppChanged: newApp=com.example.slowdown from=com.android.settings fromPkg=com.example.slowdown
2026-01-20 01:51:47.652  9376-9420  GID                     com.xiaomi.joyose                    I  PKG: com.example.slowdown IG ? false
2026-01-20 01:51:47.653  7839-9252  SuggestManager          com.miui.securitycenter.remote       E  openApp name = com.example.slowdown
2026-01-20 01:51:47.653 27245-27261 AppScoutStateMachine    com.example.slowdown                 D  27245-ScoutStateMachinecreated
2026-01-20 01:51:47.653  9376-9420  GID                     com.xiaomi.joyose                    I  PKG: com.example.slowdown IG ? false
2026-01-20 01:51:47.654 26362-27004 VA_ActivityStateHelper  com.miui.voiceassist                 I  activityResumed componentName ComponentInfo{com.example.slowdown/com.example.slowdown.MainActivity}
2026-01-20 01:51:47.655  8808-15079 AppUpdateXmsfLauncher   com.xiaomi.xmsf                      D  activityResumed intent : Intent { cmp=com.example.slowdown/.MainActivity (has extras) }
2026-01-20 01:51:47.655  7839-12548 BeautyService           com.miui.securitycenter.remote       I  onForegroundInfoChanged: Cur=com.example.slowdown	 last=com.android.settings
2026-01-20 01:51:47.655  5328-5328  RecentsImpl             com.miui.home                        D  mActivityStateObserver com.example.slowdown.MainActivity
2026-01-20 01:51:47.655  5328-5328  RecentsImpl             com.miui.home                        W  onResumed className=com.example.slowdown.MainActivity   mIsInAnotherPro=false   isKeyguardLocked=false   mSecuritySpaceGuideShown=false
2026-01-20 01:51:47.656 10343-10523 auth                    com.xiaomi.xmsf                      D  [XMS][Auth] ActivityObserver activityResumed packageName: com.example.slowdown
2026-01-20 01:51:47.656  8808-12160 services                com.xiaomi.xmsf                      D  [XMS][observer] ActivityObserver activityResumed packageName: com.example.slowdown
2026-01-20 01:51:47.659 27245-27245 SlowDown                com.example.slowdown                 D  [MiuiHelper] canBackgroundStart check: opCode=10021, result=0, allowed=true
2026-01-20 01:51:47.670  8808-8808  PkgUtils                com.xiaomi.xmsf                      D  getApplicationInfo packageName:com.example.slowdown, flags:128 applicationInfo:ApplicationInfo{26ab4e0 com.example.slowdown} needSecondSpace:false
2026-01-20 01:51:47.676  2743-5429  WindowManager           system_server                        D  Input focus has changed to Window{e7091a4 u0 com.example.slowdown/com.example.slowdown.MainActivity} display=0 updateInputWindows = true
2026-01-20 01:51:47.677  2743-3297  WindowManager           system_server                        D  Update InputWindowHandle: e7091a4 com.example.slowdown/com.example.slowdown.MainActivity, frame=[0,0,0,0], touchableRegion=SkRegion((0,0,1080,2400)), scaleFactor=1.0, transform=null, windowToken=android.os.BinderProxy@c16a837, isClone=false, visibal=true, focusable=true, changed=true
2026-01-20 01:51:47.684  2059-5532  SurfaceFlinger          surfaceflinger                       I  sf.setTransactionState focusRequest transactionId:11781095341420 frontWin:e7091a4 com.example.slowdown/com.example.slowdown.MainActivity
2026-01-20 01:51:47.705  2743-5429  WindowManager           system_server                        D  finishDrawingLocked: mDrawState=COMMIT_DRAW_PENDING Window{e7091a4 u0 com.example.slowdown/com.example.slowdown.MainActivity} in Surface(name=com.example.slowdown/com.example.slowdown.MainActivity)/@0x7d9c56d
2026-01-20 01:51:47.709  2743-3297  SmartPower...241(27245) system_server                        I  invisible->visible(67ms) R(become visible) adj=0.
2026-01-20 01:51:47.709  2743-4486  SmartPower              system_server                        I  com.example.slowdown/10241 state=background adj=0 proc size=1 move to foreground become visible
2026-01-20 01:51:47.710  2743-3297  WindowManager           system_server                        I  showSurfaceRobustly mWin:Window{e7091a4 u0 com.example.slowdown/com.example.slowdown.MainActivity}
2026-01-20 01:51:47.719 27245-27245 DecorView[]             com.example.slowdown                 D  onWindowFocusChanged hasWindowFocus true
2026-01-20 01:51:47.719 27245-27245 HandWritingStubImpl     com.example.slowdown                 I  refreshLastKeyboardType: 1
2026-01-20 01:51:47.719 27245-27245 HandWritingStubImpl     com.example.slowdown                 I  getCurrentKeyboardType: 1
2026-01-20 01:51:47.722 10211-10211 SogouIME                com.sohu.inputmethod.sogou.xiaomi    D  SogouIME onStartInput: com.example.slowdown 71456757
2026-01-20 01:51:47.722 10211-10211 BaseInputMethodService  com.sohu.inputmethod.sogou.xiaomi    E  onStartInput app:com.example.slowdown restarting:false
2026-01-20 01:51:47.744  5328-6126  RecentsModel            com.miui.home                        W  getRunningTask   taskInfo=TaskInfo{userId=0 taskId=4140 displayId=0 isRunning=true baseIntent=Intent { act=android.intent.action.MAIN cat=[android.intent.category.LAUNCHER] flg=0x10000000 cmp=com.example.slowdown/.MainActivity } baseActivity=ComponentInfo{com.example.slowdown/com.example.slowdown.MainActivity} topActivity=ComponentInfo{com.example.slowdown/com.example.slowdown.MainActivity} origActivity=null realActivity=ComponentInfo{com.example.slowdown/com.example.slowdown.MainActivity} numActivities=1 lastActiveTime=33896203 supportsSplitScreenMultiWindow=true supportsMultiWindow=true resizeMode=1 isResizeable=true minWidth=-1 minHeight=-1 defaultMinSize=200 token=WCT{android.window.IWindowContainerToken$Stub$Proxy@4699367} topActivityType=1 pictureInPictureParams=null shouldDockBigOverlays=false launchIntoPipHostTaskId=0 displayCutoutSafeInsets=null topActivityInfo=ActivityInfo{4875514 com.example.slowdown.MainActivity} launchCookies=[] positionInParent=Point(0, 0) parentTaskId=-1 isFocused=true isVisible=true isSleeping=false topActivityInSizeCompat=false topActivityInMiuiSizeCompat=false topActivityEligibleForLetterboxEducation= false locusId=null displayAreaFeatureId=1 cameraCompatControlState=hidden mIsCastMode=false}
2026-01-20 01:51:47.744  5328-6126  RecentsModel            com.miui.home                        W  getTaskInfoIgnoreHomeAndFreeform   taskInfo=ComponentInfo{com.example.slowdown/com.example.slowdown.MainActivity}
2026-01-20 01:51:47.749  5328-6126  ActivityManagerWrapper  com.miui.home                        E  getRecentTasks: mainTaskId=4140   userId=0   baseIntent=Intent { act=android.intent.action.MAIN flag=268435456 cmp=ComponentInfo{com.example.slowdown/com.example.slowdown.MainActivity} }
2026-01-20 01:51:47.759  5328-6126  RecentsModel            com.miui.home                        W  getRunningTask   taskInfo=TaskInfo{userId=0 taskId=4140 displayId=0 isRunning=true baseIntent=Intent { act=android.intent.action.MAIN cat=[android.intent.category.LAUNCHER] flg=0x10000000 cmp=com.example.slowdown/.MainActivity } baseActivity=ComponentInfo{com.example.slowdown/com.example.slowdown.MainActivity} topActivity=ComponentInfo{com.example.slowdown/com.example.slowdown.MainActivity} origActivity=null realActivity=ComponentInfo{com.example.slowdown/com.example.slowdown.MainActivity} numActivities=1 lastActiveTime=33896217 supportsSplitScreenMultiWindow=true supportsMultiWindow=true resizeMode=1 isResizeable=true minWidth=-1 minHeight=-1 defaultMinSize=200 token=WCT{android.window.IWindowContainerToken$Stub$Proxy@73403b2} topActivityType=1 pictureInPictureParams=null shouldDockBigOverlays=false launchIntoPipHostTaskId=0 displayCutoutSafeInsets=null topActivityInfo=ActivityInfo{7f1ff03 com.example.slowdown.MainActivity} launchCookies=[] positionInParent=Point(0, 0) parentTaskId=-1 isFocused=true isVisible=true isSleeping=false topActivityInSizeCompat=false topActivityInMiuiSizeCompat=false topActivityEligibleForLetterboxEducation= false locusId=null displayAreaFeatureId=1 cameraCompatControlState=hidden mIsCastMode=false}
2026-01-20 01:51:47.759  5328-6126  RecentsModel            com.miui.home                        W  getTaskInfoIgnoreHomeAndFreeform   taskInfo=ComponentInfo{com.example.slowdown/com.example.slowdown.MainActivity}
2026-01-20 01:51:47.761  5328-6126  ActivityManagerWrapper  com.miui.home                        E  getRecentTasks: mainTaskId=4140   userId=0   baseIntent=Intent { act=android.intent.action.MAIN flag=268435456 cmp=ComponentInfo{com.example.slowdown/com.example.slowdown.MainActivity} }
2026-01-20 01:51:47.820 27245-27245 SlowDown                com.example.slowdown                 D  [Service] onAccessibilityEvent: type=32, pkg=com.example.slowdown
2026-01-20 01:51:48.366 26362-26525 VA_ActivityUtils        com.miui.voiceassist                 D  getTopActivity packageName:ComponentInfo{com.example.slowdown/com.example.slowdown.MainActivity}
2026-01-20 01:51:48.366 26362-26525 VA_AppStateWatcher      com.miui.voiceassist                 D  currentPkgName:com.example.slowdown, className:com.example.slowdown.MainActivity, lastPkgName:com.example.slowdown
2026-01-20 01:51:48.390  5328-6126  RecentsModel            com.miui.home                        W  getRunningTask   taskInfo=TaskInfo{userId=0 taskId=4140 displayId=0 isRunning=true baseIntent=Intent { act=android.intent.action.MAIN cat=[android.intent.category.LAUNCHER] flg=0x10000000 cmp=com.example.slowdown/.MainActivity } baseActivity=ComponentInfo{com.example.slowdown/com.example.slowdown.MainActivity} topActivity=ComponentInfo{com.example.slowdown/com.example.slowdown.MainActivity} origActivity=null realActivity=ComponentInfo{com.example.slowdown/com.example.slowdown.MainActivity} numActivities=1 lastActiveTime=33896848 supportsSplitScreenMultiWindow=true supportsMultiWindow=true resizeMode=1 isResizeable=true minWidth=-1 minHeight=-1 defaultMinSize=200 token=WCT{android.window.IWindowContainerToken$Stub$Proxy@f6b7cb9} topActivityType=1 pictureInPictureParams=null shouldDockBigOverlays=false launchIntoPipHostTaskId=0 displayCutoutSafeInsets=null topActivityInfo=ActivityInfo{daa8fe com.example.slowdown.MainActivity} launchCookies=[] positionInParent=Point(0, 0) parentTaskId=-1 isFocused=true isVisible=true isSleeping=false topActivityInSizeCompat=false topActivityInMiuiSizeCompat=false topActivityEligibleForLetterboxEducation= false locusId=null displayAreaFeatureId=1 cameraCompatControlState=hidden mIsCastMode=false}
2026-01-20 01:51:48.390  5328-6126  RecentsModel            com.miui.home                        W  getTaskInfoIgnoreHomeAndFreeform   taskInfo=ComponentInfo{com.example.slowdown/com.example.slowdown.MainActivity}
2026-01-20 01:51:48.391  5328-6126  ActivityManagerWrapper  com.miui.home                        E  getRecentTasks: mainTaskId=4140   userId=0   baseIntent=Intent { act=android.intent.action.MAIN flag=268435456 cmp=ComponentInfo{com.example.slowdown/com.example.slowdown.MainActivity} }
2026-01-20 01:51:48.396  5328-6126  RecentsModel            com.miui.home                        W  getRunningTask   taskInfo=TaskInfo{userId=0 taskId=4140 displayId=0 isRunning=true baseIntent=Intent { act=android.intent.action.MAIN cat=[android.intent.category.LAUNCHER] flg=0x10000000 cmp=com.example.slowdown/.MainActivity } baseActivity=ComponentInfo{com.example.slowdown/com.example.slowdown.MainActivity} topActivity=ComponentInfo{com.example.slowdown/com.example.slowdown.MainActivity} origActivity=null realActivity=ComponentInfo{com.example.slowdown/com.example.slowdown.MainActivity} numActivities=1 lastActiveTime=33896854 supportsSplitScreenMultiWindow=true supportsMultiWindow=true resizeMode=1 isResizeable=true minWidth=-1 minHeight=-1 defaultMinSize=200 token=WCT{android.window.IWindowContainerToken$Stub$Proxy@3f032ac} topActivityType=1 pictureInPictureParams=null shouldDockBigOverlays=false launchIntoPipHostTaskId=0 displayCutoutSafeInsets=null topActivityInfo=ActivityInfo{9be2b75 com.example.slowdown.MainActivity} launchCookies=[] positionInParent=Point(0, 0) parentTaskId=-1 isFocused=true isVisible=true isSleeping=false topActivityInSizeCompat=false topActivityInMiuiSizeCompat=false topActivityEligibleForLetterboxEducation= false locusId=null displayAreaFeatureId=1 cameraCompatControlState=hidden mIsCastMode=false}
2026-01-20 01:51:48.396  5328-6126  RecentsModel            com.miui.home                        W  getTaskInfoIgnoreHomeAndFreeform   taskInfo=ComponentInfo{com.example.slowdown/com.example.slowdown.MainActivity}
2026-01-20 01:51:48.397  5328-6126  ActivityManagerWrapper  com.miui.home                        E  getRecentTasks: mainTaskId=4140   userId=0   baseIntent=Intent { act=android.intent.action.MAIN flag=268435456 cmp=ComponentInfo{com.example.slowdown/com.example.slowdown.MainActivity} }
2026-01-20 01:51:48.524  2743-3297  WindowManager           system_server                        D  Update InputWindowHandle: e7091a4 com.example.slowdown/com.example.slowdown.MainActivity, frame=[0,0,0,0], touchableRegion=SkRegion((0,0,1080,2400)), scaleFactor=1.0, transform=null, windowToken=android.os.BinderProxy@c16a837, isClone=false, visibal=true, focusable=true, changed=true
2026-01-20 01:51:48.847  9354-9774  DisplayFrameSetting     com.miui.powerkeeper                 I  homeToAppEnd pkg=com.example.slowdown
2026-01-20 01:51:49.648  2743-4157  MIUIInput               system_server                        D  [MotionEvent] publisher action=0x0, 17558478, channel 'e7091a4 com.example.slowdown/com.example.slowdown.MainActivity (server)'
2026-01-20 01:51:49.713  2743-4157  MIUIInput               system_server                        D  [MotionEvent] publisher action=0x1, 17558544, channel 'e7091a4 com.example.slowdown/com.example.slowdown.MainActivity (server)'
2026-01-20 01:51:49.788 27245-27245 SlowDown                com.example.slowdown                 D  [Service] onAccessibilityEvent: type=32, pkg=com.example.slowdown
2026-01-20 01:51:50.469 27245-27245 SlowDown                com.example.slowdown                 D  [MiuiHelper] canBackgroundStart check: opCode=10021, result=0, allowed=true
2026-01-20 01:51:50.657  7839-9264  AppPredictService       com.miui.securitycenter.remote       D  start doPredict com.example.slowdown
2026-01-20 01:51:50.662  2743-4157  MIUIInput               system_server                        D  [MotionEvent] publisher action=0x0, 17559493, channel 'e7091a4 com.example.slowdown/com.example.slowdown.MainActivity (server)'
2026-01-20 01:51:50.738  2743-4157  MIUIInput               system_server                        D  [MotionEvent] publisher action=0x1, 17559570, channel 'e7091a4 com.example.slowdown/com.example.slowdown.MainActivity (server)'
2026-01-20 01:51:51.716  2743-4157  MIUIInput               system_server                        D  [MotionEvent] publisher action=0x0, 17560548, channel 'e7091a4 com.example.slowdown/com.example.slowdown.MainActivity (server)'
2026-01-20 01:51:51.786  2743-4157  MIUIInput               system_server                        D  [MotionEvent] publisher action=0x1, 17560617, channel 'e7091a4 com.example.slowdown/com.example.slowdown.MainActivity (server)'
2026-01-20 01:51:51.805 27245-27245 OnBackInvokedCallback   com.example.slowdown                 W  OnBackInvokedCallback is not enabled for the application.
                                                                                                    Set 'android:enableOnBackInvokedCallback="true"' in the application manifest.
2026-01-20 01:51:51.853 27245-27245 IconCustomizer          com.example.slowdown                 D  Content Ratio = -1.0
2026-01-20 01:51:51.854 27245-27245 IconCustomizer          com.example.slowdown                 D  Generate customized icon for com.android.vending.png
2026-01-20 01:51:51.877 27245-27245 IconCustomizer          com.example.slowdown                 D  Content Ratio = -1.0
2026-01-20 01:51:51.878 27245-27245 IconCustomizer          com.example.slowdown                 D  Generate customized icon for com.miui.miservice.png
2026-01-20 01:51:51.892 27245-27245 IconCustomizer          com.example.slowdown                 D  Content Ratio = 1.1818181
2026-01-20 01:51:51.893 27245-27245 IconCustomizer          com.example.slowdown                 D  Generate customized icon for cn.kuwo.kwmusiccaDM.png
2026-01-20 01:51:51.901 27245-27245 IconCustomizer          com.example.slowdown                 D  Content Ratio = 1.625
2026-01-20 01:51:51.901 27245-27245 IconCustomizer          com.example.slowdown                 D  Content Ratio = 1.625
2026-01-20 01:51:51.901 27245-27245 IconCustomizer          com.example.slowdown                 D  BitmapDensity = 320  setTargetDensity = 320
2026-01-20 01:51:51.902 27245-27245 IconCustomizer          com.example.slowdown                 D  Generate customized icon for com.aloggers.atimeloggerapp.png
2026-01-20 01:51:51.912 27245-27245 IconCustomizer          com.example.slowdown                 D  Content Ratio = -1.0
2026-01-20 01:51:51.913 27245-27245 IconCustomizer          com.example.slowdown                 D  Generate customized icon for com.android.chrome.png
2026-01-20 01:51:51.922 27245-27245 IconCustomizer          com.example.slowdown                 D  Content Ratio = -1.0
2026-01-20 01:51:51.923 27245-27245 IconCustomizer          com.example.slowdown                 D  Generate customized icon for com.coolapk.market.png
2026-01-20 01:51:51.927 27245-27245 IconCustomizer          com.example.slowdown                 D  Content Ratio = 1.1818181
2026-01-20 01:51:51.928 27245-27245 IconCustomizer          com.example.slowdown                 D  Generate customized icon for com.fanjiao.png
2026-01-20 01:51:51.934 27245-27245 IconCustomizer          com.example.slowdown                 D  Content Ratio = -1.0
2026-01-20 01:51:51.935 27245-27245 IconCustomizer          com.example.slowdown                 D  Generate customized icon for com.farplace.qingzhuo.png
2026-01-20 01:51:51.942 27245-27245 IconCustomizer          com.example.slowdown                 D  Content Ratio = -1.0
2026-01-20 01:51:51.943 27245-27245 IconCustomizer          com.example.slowdown                 D  Generate customized icon for com.github.metacubex.clash.meta.png
2026-01-20 01:51:51.951 27245-27245 IconCustomizer          com.example.slowdown                 D  Content Ratio = -1.0
2026-01-20 01:51:51.952 27245-27245 IconCustomizer          com.example.slowdown                 D  Generate customized icon for com.google.android.gm.png
2026-01-20 01:51:51.958 27245-27245 IconCustomizer          com.example.slowdown                 D  Content Ratio = -1.0
2026-01-20 01:51:51.960 27245-27245 IconCustomizer          com.example.slowdown                 D  Generate customized icon for com.google.android.youtube.png
2026-01-20 01:51:51.974 27245-27245 IconCustomizer          com.example.slowdown                 D  Content Ratio = -1.0
2026-01-20 01:51:51.975 27245-27245 IconCustomizer          com.example.slowdown                 D  Generate customized icon for com.microsoft.emmx.png
2026-01-20 01:51:51.981 27245-27245 IconCustomizer          com.example.slowdown                 D  Content Ratio = 1.1818181
2026-01-20 01:51:51.981 27245-27245 IconCustomizer          com.example.slowdown                 D  Generate customized icon for com.mipay.wallet.png
2026-01-20 01:51:51.996 27245-27245 IconCustomizer          com.example.slowdown                 D  Content Ratio = 1.1818181
2026-01-20 01:51:51.996 27245-27245 IconCustomizer          com.example.slowdown                 D  Generate customized icon for com.moqu.lnkfun.png
2026-01-20 01:51:52.006 27245-27245 IconCustomizer          com.example.slowdown                 D  Content Ratio = -1.0
2026-01-20 01:51:52.008 27245-27245 IconCustomizer          com.example.slowdown                 D  Generate customized icon for me.ele.png
2026-01-20 01:51:52.018 27245-27245 IconCustomizer          com.example.slowdown                 D  Content Ratio = -1.0
2026-01-20 01:51:52.020 27245-27245 IconCustomizer          com.example.slowdown                 D  Generate customized icon for com.google.android.documentsui.png
2026-01-20 01:51:52.030 27245-27245 IconCustomizer          com.example.slowdown                 D  Content Ratio = -1.0
2026-01-20 01:51:52.031 27245-27245 IconCustomizer          com.example.slowdown                 D  Generate customized icon for ai.inflection.pi.png
2026-01-20 01:51:52.043 27245-27245 IconCustomizer          com.example.slowdown                 D  Content Ratio = -1.0
2026-01-20 01:51:52.044 27245-27245 IconCustomizer          com.example.slowdown                 D  Generate customized icon for ai.perplexity.app.android.png
2026-01-20 01:51:52.051 27245-27245 IconCustomizer          com.example.slowdown                 D  Content Ratio = -1.0
2026-01-20 01:51:52.052 27245-27245 IconCustomizer          com.example.slowdown                 D  Generate customized icon for ai.x.grok.png
2026-01-20 01:51:52.056 27245-27245 IconCustomizer          com.example.slowdown                 D  Content Ratio = -1.0
2026-01-20 01:51:52.057 27245-27245 IconCustomizer          com.example.slowdown                 D  Generate customized icon for bin.mt.plus.png
2026-01-20 01:51:52.071 27245-27245 IconCustomizer          com.example.slowdown                 D  Content Ratio = 1.1818181
2026-01-20 01:51:52.071 27245-27245 IconCustomizer          com.example.slowdown                 D  Generate customized icon for com.MobileTicket.png
2026-01-20 01:51:52.078 27245-27245 IconCustomizer          com.example.slowdown                 D  Content Ratio = 0.609375
2026-01-20 01:51:52.080 27245-27245 IconCustomizer          com.example.slowdown                 D  Content Ratio = 0.609375
2026-01-20 01:51:52.080 27245-27245 IconCustomizer          com.example.slowdown                 D  BitmapDensity = 320  setTargetDensity = 320
2026-01-20 01:51:52.080 27245-27245 IconCustomizer          com.example.slowdown                 D  Generate customized icon for com.alibaba.wireless.png
2026-01-20 01:51:52.083 27245-27257 xample.slowdown         com.example.slowdown                 W  Cleared Reference was only reachable from finalizer (only reported once)
2026-01-20 01:51:52.085 27245-27245 IconCustomizer          com.example.slowdown                 D  Content Ratio = -1.0
2026-01-20 01:51:52.086 27245-27245 IconCustomizer          com.example.slowdown                 D  Generate customized icon for com.aliyun.tongyi.png
2026-01-20 01:51:52.094 27245-27259 System                  com.example.slowdown                 W  A resource failed to call close. 
2026-01-20 01:51:52.098 27245-27245 IconCustomizer          com.example.slowdown                 D  Content Ratio = -1.0
2026-01-20 01:51:52.099 27245-27245 IconCustomizer          com.example.slowdown                 D  Generate customized icon for com.andymstone.metronome.png
2026-01-20 01:51:52.106 27245-27245 IconCustomizer          com.example.slowdown                 D  Content Ratio = -1.0
2026-01-20 01:51:52.107 27245-27245 IconCustomizer          com.example.slowdown                 D  Generate customized icon for com.anthropic.claude.png
2026-01-20 01:51:52.111 27245-27245 IconCustomizer          com.example.slowdown                 D  Content Ratio = 1.1818181
2026-01-20 01:51:52.111 27245-27245 IconCustomizer          com.example.slowdown                 D  Generate customized icon for com.autonavi.minimap.png
2026-01-20 01:51:52.117 27245-27245 IconCustomizer          com.example.slowdown                 D  Content Ratio = 1.1818181
2026-01-20 01:51:52.117 27245-27245 IconCustomizer          com.example.slowdown                 D  Generate customized icon for com.baidu.netdisk.png
2026-01-20 01:51:52.126 27245-27245 IconCustomizer          com.example.slowdown                 D  Content Ratio = -1.0
2026-01-20 01:51:52.128 27245-27245 IconCustomizer          com.example.slowdown                 D  Generate customized icon for com.bilibili.app.in.png
2026-01-20 01:51:52.134 27245-27245 IconCustomizer          com.example.slowdown                 D  Content Ratio = -1.0
2026-01-20 01:51:52.135 27245-27245 IconCustomizer          com.example.slowdown                 D  Generate customized icon for com.compose.batteryinfo.png
2026-01-20 01:51:52.140 27245-27245 IconCustomizer          com.example.slowdown                 D  Content Ratio = 1.1818181
2026-01-20 01:51:52.140 27245-27245 IconCustomizer          com.example.slowdown                 D  Generate customized icon for com.ct.client.png
2026-01-20 01:51:52.144 27245-27245 IconCustomizer          com.example.slowdown                 D  Content Ratio = -1.0
2026-01-20 01:51:52.145 27245-27245 IconCustomizer          com.example.slowdown                 D  Generate customized icon for com.deepl.mobiletranslator.png
2026-01-20 01:51:52.154 27245-27245 IconCustomizer          com.example.slowdown                 D  Content Ratio = -1.0
2026-01-20 01:51:52.155 27245-27245 IconCustomizer          com.example.slowdown                 D  Generate customized icon for com.deepseek.chat.png
2026-01-20 01:51:52.164 27245-27245 IconCustomizer          com.example.slowdown                 D  Content Ratio = 0.5148515
2026-01-20 01:51:52.167 27245-27245 IconCustomizer          com.example.slowdown                 D  Content Ratio = 0.5148515
2026-01-20 01:51:52.167 27245-27245 IconCustomizer          com.example.slowdown                 D  BitmapDensity = 160  setTargetDensity = 160
2026-01-20 01:51:52.168 27245-27245 IconCustomizer          com.example.slowdown                 D  Generate customized icon for com.didjdk.adbhelper.png
2026-01-20 01:51:52.174 27245-27245 IconCustomizer          com.example.slowdown                 D  Content Ratio = -1.0
2026-01-20 01:51:52.175 27245-27245 IconCustomizer          com.example.slowdown                 D  Generate customized icon for com.discord.png
2026-01-20 01:51:52.204 27245-27245 IconCustomizer          com.example.slowdown                 D  Content Ratio = -1.0
2026-01-20 01:51:52.205 27245-27245 IconCustomizer          com.example.slowdown                 D  Generate customized icon for com.duolingo.png
2026-01-20 01:51:52.214 27245-27245 IconCustomizer          com.example.slowdown                 D  Content Ratio = -1.0
2026-01-20 01:51:52.216 27245-27245 IconCustomizer          com.example.slowdown                 D  Generate customized icon for com.eg.android.AlipayGphone.png
2026-01-20 01:51:52.222 27245-27245 IconCustomizer          com.example.slowdown                 D  Content Ratio = -1.0
2026-01-20 01:51:52.223 27245-27245 IconCustomizer          com.example.slowdown                 D  Generate customized icon for com.esharp.livemickaraoke.png
2026-01-20 01:51:52.229 27245-27245 IconCustomizer          com.example.slowdown                 D  Content Ratio = -1.0
2026-01-20 01:51:52.229 27245-27245 IconCustomizer          com.example.slowdown                 D  Generate customized icon for com.eusoft.eudic.png
2026-01-20 01:51:52.234 27245-27245 IconCustomizer          com.example.slowdown                 D  Content Ratio = 1.1818181
2026-01-20 01:51:52.235 27245-27245 IconCustomizer          com.example.slowdown                 D  Generate customized icon for com.eusoft.ting.en.png
2026-01-20 01:51:52.240 27245-27245 IconCustomizer          com.example.slowdown                 D  Content Ratio = -1.0
2026-01-20 01:51:52.240 27245-27245 IconCustomizer          com.example.slowdown                 D  Generate customized icon for com.flomo.app.png
2026-01-20 01:51:52.248 27245-27245 IconCustomizer          com.example.slowdown                 D  Content Ratio = -1.0
2026-01-20 01:51:52.249 27245-27245 IconCustomizer          com.example.slowdown                 D  Generate customized icon for com.foxdebug.acodefree.png
2026-01-20 01:51:52.257 27245-27245 IconCustomizer          com.example.slowdown                 D  Content Ratio = -1.0
2026-01-20 01:51:52.258 27245-27245 IconCustomizer          com.example.slowdown                 D  Generate customized icon for com.google.ai.edge.gallery.png
2026-01-20 01:51:52.266 27245-27245 IconCustomizer          com.example.slowdown                 D  Content Ratio = -1.0
2026-01-20 01:51:52.267 27245-27245 IconCustomizer          com.example.slowdown                 D  Generate customized icon for com.google.android.apps.bard.png
2026-01-20 01:51:52.273 27245-27245 IconCustomizer          com.example.slowdown                 D  Content Ratio = -1.0
2026-01-20 01:51:52.275 27245-27245 IconCustomizer          com.example.slowdown                 D  Generate customized icon for com.google.android.apps.labs.language.tailwind.png
2026-01-20 01:51:52.281 27245-27245 IconCustomizer          com.example.slowdown                 D  Content Ratio = -1.0
2026-01-20 01:51:52.283 27245-27245 IconCustomizer          com.example.slowdown                 D  Generate customized icon for com.google.android.apps.translate.png
2026-01-20 01:51:52.289 27245-27245 IconCustomizer          com.example.slowdown                 D  Content Ratio = -1.0
2026-01-20 01:51:52.290 27245-27245 IconCustomizer          com.example.slowdown                 D  Generate customized icon for com.google.android.googlequicksearchbox.png
2026-01-20 01:51:52.295 27245-27245 IconCustomizer          com.example.slowdown                 D  Content Ratio = -1.0
2026-01-20 01:51:52.295 27245-27245 IconCustomizer          com.example.slowdown                 D  Generate customized icon for com.google.audio.hearing.visualization.accessibility.scribe.png
2026-01-20 01:51:52.301 27245-27245 IconCustomizer          com.example.slowdown                 D  Content Ratio = 1.1818181
2026-01-20 01:51:52.301 27245-27245 IconCustomizer          com.example.slowdown                 D  Generate customized icon for com.greenpoint.android.mc10086.activity.png
2026-01-20 01:51:52.306 27245-27245 IconCustomizer          com.example.slowdown                 D  Content Ratio = 1.1818181
2026-01-20 01:51:52.307 27245-27245 IconCustomizer          com.example.slowdown                 D  Generate customized icon for com.hihonor.cloudmusic.png
2026-01-20 01:51:52.312 27245-27245 IconCustomizer          com.example.slowdown                 D  Content Ratio = 1.1818181
2026-01-20 01:51:52.312 27245-27245 IconCustomizer          com.example.slowdown                 D  Generate customized icon for com.hil_hk.euclidea.png
2026-01-20 01:51:52.325 27245-27245 IconCustomizer          com.example.slowdown                 D  Content Ratio = -1.0
2026-01-20 01:51:52.326 27245-27245 IconCustomizer          com.example.slowdown                 D  Generate customized icon for com.hitrolab.audioeditor.png
2026-01-20 01:51:52.331 27245-27245 IconCustomizer          com.example.slowdown                 D  Content Ratio = 1.1818181
2026-01-20 01:51:52.332 27245-27245 IconCustomizer          com.example.slowdown                 D  Generate customized icon for com.hpbr.bosszhipin.png
2026-01-20 01:51:52.342 27245-27245 IconCustomizer          com.example.slowdown                 D  Content Ratio = 0.4431818
2026-01-20 01:51:52.342 27245-27245 IconCustomizer          com.example.slowdown                 D  Generate customized icon for com.hustzp.com.xichuangzhu.png
2026-01-20 01:51:52.353 27245-27245 IconCustomizer          com.example.slowdown                 D  Content Ratio = 0.8863636
2026-01-20 01:51:52.353 27245-27245 IconCustomizer          com.example.slowdown                 D  Generate customized icon for com.lemon.lvoverseas.png
2026-01-20 01:51:52.357 27245-27245 IconCustomizer          com.example.slowdown                 D  Content Ratio = -1.0
2026-01-20 01:51:52.358 27245-27245 IconCustomizer          com.example.slowdown                 D  Generate customized icon for com.mad.zenflipclock.png
2026-01-20 01:51:52.363 27245-27245 IconCustomizer          com.example.slowdown                 D  Content Ratio = -1.0
2026-01-20 01:51:52.364 27245-27245 IconCustomizer          com.example.slowdown                 D  Generate customized icon for com.manmanbuy.bijia.png
2026-01-20 01:51:52.373 27245-27245 IconCustomizer          com.example.slowdown                 D  Content Ratio = -1.0
2026-01-20 01:51:52.373 27245-27245 IconCustomizer          com.example.slowdown                 D  Generate customized icon for com.medium.reader.png
2026-01-20 01:51:52.380 27245-27245 IconCustomizer          com.example.slowdown                 D  Content Ratio = 1.1729324
2026-01-20 01:51:52.380 27245-27245 IconCustomizer          com.example.slowdown                 D  Generate customized icon for com.mi.health.png
2026-01-20 01:51:52.389 27245-27245 IconCustomizer          com.example.slowdown                 D  Content Ratio = -1.0
2026-01-20 01:51:52.392 27245-27245 IconCustomizer          com.example.slowdown                 D  Generate customized icon for com.microsoft.office.officehubrow.png
2026-01-20 01:51:52.406 27245-27245 IconCustomizer          com.example.slowdown                 D  Content Ratio = 0.37772396
2026-01-20 01:51:52.406 27245-27245 IconCustomizer          com.example.slowdown                 D  Generate customized icon for com.miui.huanji.png
2026-01-20 01:51:52.414 27245-27245 IconCustomizer          com.example.slowdown                 D  Content Ratio = 0.86187845
2026-01-20 01:51:52.414 27245-27245 IconCustomizer          com.example.slowdown                 D  Generate customized icon for com.netease.mobimail.png
2026-01-20 01:51:52.423 27245-27245 IconCustomizer          com.example.slowdown                 D  Content Ratio = -1.0
2026-01-20 01:51:52.423 27245-27245 IconCustomizer          com.example.slowdown                 D  Generate customized icon for com.openai.chatgpt.png
2026-01-20 01:51:52.437 27245-27245 IconCustomizer          com.example.slowdown                 D  Content Ratio = -1.0
2026-01-20 01:51:52.438 27245-27245 IconCustomizer          com.example.slowdown                 D  Generate customized icon for com.openai.sora.png
2026-01-20 01:51:52.451 27245-27245 IconCustomizer          com.example.slowdown                 D  Content Ratio = -1.0
2026-01-20 01:51:52.452 27245-27245 IconCustomizer          com.example.slowdown                 D  Generate customized icon for com.ovelin.guitartuna.png
2026-01-20 01:51:52.471 27245-27245 IconCustomizer          com.example.slowdown                 D  Content Ratio = 0.3326226
2026-01-20 01:51:52.472 27245-27245 IconCustomizer          com.example.slowdown                 D  Generate customized icon for com.plan.kot32.tomatotime.png
2026-01-20 01:51:52.506 27245-27245 IconCustomizer          com.example.slowdown                 D  Content Ratio = 0.16613418
2026-01-20 01:51:52.506 27245-27245 IconCustomizer          com.example.slowdown                 D  Generate customized icon for com.powersi.xiangyibaoapp.png
2026-01-20 01:51:52.514 27245-27245 IconCustomizer          com.example.slowdown                 D  Content Ratio = -1.0
2026-01-20 01:51:52.515 27245-27245 IconCustomizer          com.example.slowdown                 D  Generate customized icon for com.reddit.frontpage.png
2026-01-20 01:51:52.522 27245-27245 IconCustomizer          com.example.slowdown                 D  Content Ratio = -1.0
2026-01-20 01:51:52.522 27245-27245 IconCustomizer          com.example.slowdown                 D  Generate customized icon for com.sankuai.meituan.png
2026-01-20 01:51:52.526 27245-27245 IconCustomizer          com.example.slowdown                 D  Content Ratio = 1.1818181
2026-01-20 01:51:52.527 27245-27245 IconCustomizer          com.example.slowdown                 D  Generate customized icon for com.sdu.didi.psnger.png
2026-01-20 01:51:52.531 27245-27245 IconCustomizer          com.example.slowdown                 D  Content Ratio = 0.8678161
2026-01-20 01:51:52.532 27245-27245 IconCustomizer          com.example.slowdown                 D  Generate customized icon for com.smartisan.notes.png
2026-01-20 01:51:52.537 27245-27245 IconCustomizer          com.example.slowdown                 D  Content Ratio = 0.6638298
2026-01-20 01:51:52.537 27245-27245 IconCustomizer          com.example.slowdown                 D  Generate customized icon for com.taobao.idlefish.png
2026-01-20 01:51:52.546 27245-27245 IconCustomizer          com.example.slowdown                 D  Content Ratio = 0.4431818
2026-01-20 01:51:52.546 27245-27245 IconCustomizer          com.example.slowdown                 D  Generate customized icon for com.taobao.trip.png
2026-01-20 01:51:52.550 27245-27245 IconCustomizer          com.example.slowdown                 D  Content Ratio = -1.0
2026-01-20 01:51:52.550 27245-27245 IconCustomizer          com.example.slowdown                 D  Generate customized icon for com.tencent.hunyuan.app.chat.png
2026-01-20 01:51:52.558 27245-27245 IconCustomizer          com.example.slowdown                 D  Content Ratio = 1.1818181
2026-01-20 01:51:52.558 27245-27245 IconCustomizer          com.example.slowdown                 D  Generate customized icon for com.tencent.tim.png
2026-01-20 01:51:52.562 27245-27245 IconCustomizer          com.example.slowdown                 D  Content Ratio = 1.1818181
2026-01-20 01:51:52.562 27245-27245 IconCustomizer          com.example.slowdown                 D  Generate customized icon for com.tencent.weread.png
2026-01-20 01:51:52.567 27245-27245 IconCustomizer          com.example.slowdown                 D  Content Ratio = -1.0
2026-01-20 01:51:52.568 27245-27245 IconCustomizer          com.example.slowdown                 D  Generate customized icon for com.ticktick.task.png
2026-01-20 01:51:52.573 27245-27245 IconCustomizer          com.example.slowdown                 D  Content Ratio = -1.0
2026-01-20 01:51:52.573 27245-27245 IconCustomizer          com.example.slowdown                 D  Generate customized icon for com.twitter.android.png
2026-01-20 01:51:52.577 27245-27245 IconCustomizer          com.example.slowdown                 D  Content Ratio = 1.1818181
2026-01-20 01:51:52.577 27245-27245 IconCustomizer          com.example.slowdown                 D  Generate customized icon for com.unionpay.png
2026-01-20 01:51:52.586 27245-27245 IconCustomizer          com.example.slowdown                 D  Content Ratio = 1.1818181
2026-01-20 01:51:52.586 27245-27245 IconCustomizer          com.example.slowdown                 D  Generate customized icon for com.unnoo.quan.png
2026-01-20 01:51:52.594 27245-27245 IconCustomizer          com.example.slowdown                 D  Content Ratio = -1.0
2026-01-20 01:51:52.596 27245-27245 IconCustomizer          com.example.slowdown                 D  Generate customized icon for com.v2ray.ang.png
2026-01-20 01:51:52.605 27245-27245 IconCustomizer          com.example.slowdown                 D  Content Ratio = -1.0
