2026-01-21 05:46:19.622  2566-13354 ActivityManager         system_server                        W  Invalid packageName: com.example.slowdown
2026-01-21 05:46:19.622  2566-13354 ActivityManager         system_server                        W  Invalid packageName: com.example.slowdown
2026-01-21 05:46:20.028  2566-2659  PerfStubImpl            system_server                        D  perfAppUpdateBoost: com.sharonZ.slowdown, -1, 0
2026-01-21 05:46:20.030  2566-2659  PackageManager          system_server                        I  Update package com.sharonZ.slowdown code path from /data/app/~~5XDk2W1be7f7_SANdoSRFg==/com.sharonZ.slowdown-avtrb4PaiGlIN5tegN0hWg== to /data/app/~~juBjvBkEepfrsN9FUF3AhA==/com.sharonZ.slowdown-HlW3NsPK1vnTCryeKKbz8w==; Retain data and using new
2026-01-21 05:46:20.031  2566-2659  AppsFilter              system_server                        I  interaction: PackageSetting{e0c27bb com.fido.asm/10131} -> PackageSetting{49f8c22 com.sharonZ.slowdown/10248} BLOCKED
2026-01-21 05:46:20.031  2566-2659  AppsFilter              system_server                        I  interaction: PackageSetting{e0c27bb com.fido.asm/10131} -> PackageSetting{49f8c22 com.sharonZ.slowdown/10248} BLOCKED
2026-01-21 05:46:20.031  2566-2659  AppsFilter              system_server                        I  interaction: PackageSetting{e0c27bb com.fido.asm/10131} -> PackageSetting{114e031 com.sharonZ.slowdown/10248} BLOCKED
2026-01-21 05:46:20.031  2566-2659  AppsFilter              system_server                        I  interaction: PackageSetting{e0c27bb com.fido.asm/10131} -> PackageSetting{114e031 com.sharonZ.slowdown/10248} BLOCKED
2026-01-21 05:46:20.113  2566-2627  ActivityManager         system_server                        I  Force stopping com.sharonZ.slowdown appid=10248 user=-1: installPackageLI
2026-01-21 05:46:20.133  2566-2659  PackageFreezer          system_server                        W  Freeze package com.sharonZ.slowdown about 0.104 seconds for reason: installPackageLI
2026-01-21 05:46:20.133  2566-2659  InstallationTiming      system_server                        I  com.sharonZ.slowdown|null|346|81|59|1|7|0
2026-01-21 05:46:20.133  2566-2659  AppsFilter              system_server                        I  interaction: PackageSetting{e0c27bb com.fido.asm/10131} -> PackageSetting{114e031 com.sharonZ.slowdown/10248} BLOCKED
2026-01-21 05:46:20.141  2566-2659  ActivityManager         system_server                        I  Force stopping com.sharonZ.slowdown appid=10248 user=0: pkg removed
2026-01-21 05:46:20.149  7314-7314  MediaProvider           com.android.providers.media.module   I  Invalidating LocalCallingIdentity cache for package com.sharonZ.slowdown. Reason: package android.intent.action.PACKAGE_REMOVED
2026-01-21 05:46:20.150  7314-7314  MediaProvider           com.android.providers.media.module   W  WorkProfileOwnerApps cache miss for package com.sharonZ.slowdown
2026-01-21 05:46:20.154  5104-5104  BluetoothMapAppObserver com.android.bluetooth                D  The removed package is: com.sharonZ.slowdown
2026-01-21 05:46:20.155  6681-6681  PackageInstallHelper    com.xiaomi.misettings                D  doAppChange:com.sharonZ.slowdown
2026-01-21 05:46:20.157  7827-7827  AppPredictService       com.miui.securitycenter.remote       D  AppChangedReceiver::onReceive::packageName = com.sharonZ.slowdown action = android.intent.action.PACKAGE_REMOVED
2026-01-21 05:46:20.158  8939-9352  services                com.xiaomi.xmsf                      D  [XMS][observer] PackageMonitor onReceive packageName: com.sharonZ.slowdown true
2026-01-21 05:46:20.160  5279-5675  NotificationProvider    com.android.systemui                 D  call method=clearPkgUsageInfoWhenRemoved extras=Bundle[{packageName=com.sharonZ.slowdown}]
2026-01-21 05:46:20.154  2566-4215  MiuiNetwor...AppBuckets system_server                        D  updateAppPN packageName=com.sharonZ.slowdown,uid=10248,installed=false
2026-01-21 05:46:20.161  9612-9612  VA__LAS_Ap...geReceiver com.miui.voiceassist                 I  app uninstall: com.sharonZ.slowdown
2026-01-21 05:46:20.162  7353-7353  VA_PackageMonitor       com.miui.voiceassist                 D  package added:com.sharonZ.slowdown;appInstalled=true
2026-01-21 05:46:20.162  9612-9700  VA__LAS_Ap...geReceiver com.miui.voiceassist                 I  com.sharonZ.slowdown is exist，not delete database record
2026-01-21 05:46:20.174  7874-13595 com.milink...nk:runtime com.milink.runtime                   D  Java_com_milink_runtime_MiLinkRuntimeContextNative_onEvent event=e_app_upgrade, flags=0, data=com.sharonZ.slowdown (jni_runtime.cpp:121)
2026-01-21 05:46:20.174  7874-13595 com.milink...nk:runtime com.milink.runtime                   I  milink::runtime::RuntimeImpl::onEvent event=e_app_upgrade, flags=0, data=com.sharonZ.slowdown (runtime_impl.cpp:202)
2026-01-21 05:46:20.175  7874-13595 com.milink...on_manager com.milink.runtime                   I  milink::session::SessionManagerStubImpl::onAppUpgrade app_id=com.sharonZ.slowdown (session_manager_stub_impl.cpp:451)
2026-01-21 05:46:20.175  7874-13595 com.milink...on_manager com.milink.runtime                   I  milink::session::SessionManagerStubImpl::clearApp src=on_app_upgrade, app_id=com.sharonZ.slowdown, force=1 (session_manager_stub_impl.cpp:462)
2026-01-21 05:46:20.176  2566-4215  MiuiNetwor...afficLimit system_server                        D  updateAppPN packageName=com.sharonZ.slowdown,uid=10248,installed=false
2026-01-21 05:46:20.182 10357-10357 auth                    com.xiaomi.xmsf                      D  [XMS][Auth] PackageMonitor onReceive packageName: com.sharonZ.slowdown
2026-01-21 05:46:20.182  7314-7314  MediaProvider           com.android.providers.media.module   I  Invalidating LocalCallingIdentity cache for package com.sharonZ.slowdown. Reason: package android.intent.action.PACKAGE_ADDED
2026-01-21 05:46:20.183  9395-9761  Market-PackageMonitor   com.xiaomi.market                    I  [Download/Install] onReceive: android.intent.action.PACKAGE_REMOVED, pkg: com.sharonZ.slowdown
2026-01-21 05:46:20.185  2566-2624  MiuiCompatModePackages  system_server                        I  package com.sharonZ.slowdown updated, removing config
2026-01-21 05:46:20.188  7588-12462 SQLiteLog               com.qualcomm.qti.workloadclassifier  W  (28) double-quoted string literal: "com.sharonZ.slowdown"
2026-01-21 05:46:20.188  5262-5262  CarrierSvcBindHelper    com.android.phone                    D  onPackageUpdateFinished: com.sharonZ.slowdown
2026-01-21 05:46:20.189  5262-5262  CarrierSvcBindHelper    com.android.phone                    D  onPackageModified: com.sharonZ.slowdown
2026-01-21 05:46:20.189  5104-5104  BluetoothMapAppObserver com.android.bluetooth                D  The installed package is: com.sharonZ.slowdown
2026-01-21 05:46:20.189  5104-6184  Avrcp_ext               com.android.bluetooth                D  AvrcpServiceBroadcastReceiver-> packageName: com.sharonZ.slowdown
2026-01-21 05:46:20.189  5104-6184  Avrcp_ext               com.android.bluetooth                D  packageName: com.sharonZ.slowdown removed: false
2026-01-21 05:46:20.191 11181-11181 Finsky                  com.android.vending                  I  [2] klk.f(9): AIM: AppInfoCacheUpdater -> invalidating apps: [com.sharonZ.slowdown]
2026-01-21 05:46:20.192 11181-11273 Finsky                  com.android.vending                  I  [78] knd.a(55): AIM: AppInfoManager-Perf > OnDeviceAppInfo > cacheHitCount=0, cacheMissCount=1. Missed  in cache (limit 10) : [com.sharonZ.slowdown]
2026-01-21 05:46:20.194  6681-6681  PackageInstallHelper    com.xiaomi.misettings                D  doAppChange:com.sharonZ.slowdown
2026-01-21 05:46:20.195  7353-7353  VA_PackageMonitor       com.miui.voiceassist                 D  package added:com.sharonZ.slowdown
2026-01-21 05:46:20.195  7353-7353  VA_AiConn:ApkConstants  com.miui.voiceassist                 I  isPhoneCarLinkApp packageName=com.sharonZ.slowdown
2026-01-21 05:46:20.196 10357-10357 auth                    com.xiaomi.xmsf                      D  [XMS][Auth] PackageMonitor onReceive packageName: com.sharonZ.slowdown
2026-01-21 05:46:20.202  8939-9352  services                com.xiaomi.xmsf                      D  [XMS][observer] PackageMonitor onReceive packageName: com.sharonZ.slowdown true
2026-01-21 05:46:20.202  8939-9352  services                com.xiaomi.xmsf                      D  [XMS][observer] sendInnerBroadcast action: com.xiaomi.xms.action.PACKAGE_REPLACED, packageName: com.sharonZ.slowdown
2026-01-21 05:46:20.207  7827-7827  AppPredictService       com.miui.securitycenter.remote       D  AppChangedReceiver::onReceive::packageName = com.sharonZ.slowdown action = android.intent.action.PACKAGE_ADDED
2026-01-21 05:46:20.207  7827-8666  AppInstalledReceiver    com.miui.securitycenter.remote       D  packageName: com.sharonZ.slowdown
2026-01-21 05:46:20.208  2566-4215  MiuiNetwor...AppBuckets system_server                        D  updateAppPN packageName=com.sharonZ.slowdown,uid=10248,installed=true
2026-01-21 05:46:20.208  2566-4215  MiuiNetwor...afficLimit system_server                        D  updateAppPN packageName=com.sharonZ.slowdown,uid=10248,installed=true
2026-01-21 05:46:20.209  9395-10011 Market-PackageMonitor   com.xiaomi.market                    I  [Download/Install] onReceive: android.intent.action.PACKAGE_ADDED, pkg: com.sharonZ.slowdown
2026-01-21 05:46:20.211  9612-9612  VA__LAS_Ap...geReceiver com.miui.voiceassist                 I  app install: com.sharonZ.slowdown
2026-01-21 05:46:20.220  5262-5262  ImsResolver             com.android.phone                    D  maybeAddedImsService, packageName: com.sharonZ.slowdown
2026-01-21 05:46:20.222  6681-6705  PackageInstallHelper    com.xiaomi.misettings                D  com.sharonZ.slowdowncategoryId:usagestats_app_category_miui_undefined
2026-01-21 05:46:20.227  2566-2566  SLM-SRV-SLAAppLib       system_server                        E  initBroadcastReceivercom.sharonZ.slowdown
2026-01-21 05:46:20.227  2566-2566  SLM-SRV-SLAAppLib       system_server                        I  ACTION_PACKAGE_REMOVED uid = 10248com.sharonZ.slowdown
2026-01-21 05:46:20.229  2566-2566  Telecom                 system_server                        I  CarModeTracker: Package com.sharonZ.slowdown is not tracked.: SSH.oR@APE
2026-01-21 05:46:20.233  9395-10011 Market-LocalAppManager  com.xiaomi.market                    I  add package to list: com.sharonZ.slowdown
2026-01-21 05:46:20.244  2566-4627  AppScanObserverService  system_server                        E  Try to add a invalid package: com.sharonZ.slowdown | 10248 | 0
2026-01-21 05:46:20.247  2566-2566  SLM-SRV-SLAAppLib       system_server                        E  initBroadcastReceivercom.sharonZ.slowdown
2026-01-21 05:46:20.247  2566-2566  SLM-SRV-SLAAppLib       system_server                        I  ACTION_PACKAGE_ADDED uid = 10248com.sharonZ.slowdown
2026-01-21 05:46:20.252 11181-11181 Finsky                  com.android.vending                  I  [2] klk.f(9): AIM: AppInfoCacheUpdater -> invalidating apps: [com.sharonZ.slowdown]
2026-01-21 05:46:20.254 11181-11284 Finsky                  com.android.vending                  I  [88] knd.a(55): AIM: AppInfoManager-Perf > OnDeviceAppInfo > cacheHitCount=0, cacheMissCount=1. Missed  in cache (limit 10) : [com.sharonZ.slowdown]
2026-01-21 05:46:20.264  7588-12462 SQLiteLog               com.qualcomm.qti.workloadclassifier  W  (28) double-quoted string literal: "com.sharonZ.slowdown"
2026-01-21 05:46:20.272  9612-9612  VA__LAS_Ap...geReceiver com.miui.voiceassist                 I  app update: com.sharonZ.slowdown
2026-01-21 05:46:20.275  2566-2566  SLM-SRV-SLAAppLib       system_server                        E  initBroadcastReceivercom.sharonZ.slowdown
2026-01-21 05:46:20.275  2566-2566  SLM-SRV-SLAAppLib       system_server                        I  ACTION_PACKAGE_REPLACED uid = 10248com.sharonZ.slowdown
2026-01-21 05:46:20.275  2566-2566  AlarmManager            system_server                        W  Package com.sharonZ.slowdown, uid 10248 lost permission to set exact alarms!
2026-01-21 05:46:20.282  9612-10351 VA__LAS_PackageUtil     com.miui.voiceassist                 I  filterHideApps pkg: com.sharonZ.slowdown; false;duration=5
2026-01-21 05:46:20.282  9612-9700  VA__LAS_PackageUtil     com.miui.voiceassist                 I  filterHideApps pkg: com.sharonZ.slowdown; false;duration=5
2026-01-21 05:46:20.306  9612-9700  VA__LAS_Ap...geReceiver com.miui.voiceassist                 I  com.sharonZ.slowdown already insert database
2026-01-21 05:46:20.316  6353-13610 ProximityAuth           com.google.android.gms.persistent    I  [RecentAppsMediator] Package added: (user=UserHandle{0}) com.sharonZ.slowdown
2026-01-21 05:46:20.355  8003-13636 SQLiteLog               com.google.android.gms               W  (28) double-quoted string literal: "com.sharonZ.slowdown"
2026-01-21 05:46:20.380  2566-6852  ActivityManager         system_server                        W  Invalid packageName: com.example.slowdown
2026-01-21 05:46:20.380  2566-6852  ActivityManager         system_server                        W  Invalid packageName: com.example.slowdown
2026-01-21 05:46:20.411  2566-4306  ActivityTaskManager     system_server                        W  aInfo is null for resolve intent: Intent { act=android.intent.action.MAIN cat=[android.intent.category.LAUNCHER] flg=0x10000000 cmp=com.example.slowdown/com.sharonZ.slowdown.MainActivity }
2026-01-21 05:46:20.411  2566-4306  XSpaceMana...erviceImpl system_server                        W  checkXSpaceControl, from:com.android.shell, to:com.example.slowdown, with act:android.intent.action.MAIN, callingUserId:0, toUserId:0
2026-01-21 05:46:20.411  2566-4306  ActivityTaskManager     system_server                        I  START u0 {act=android.intent.action.MAIN cat=[android.intent.category.LAUNCHER] flg=0x10000000 cmp=com.example.slowdown/com.sharonZ.slowdown.MainActivity} from uid 2000 from pid 13652 callingPackage com.android.shell
2026-01-21 05:46:20.411  2566-4306  ActivityStarterImpl     system_server                        E  Error: Activity class {com.example.slowdown/com.sharonZ.slowdown.MainActivity} does not exist.
2026-01-21 05:46:36.426  2566-2623  ProcessManager          system_server                        D  saveLockedAppIntoSettings:[{"u":0,"pkgs":["hello.litiaotiao.app","li.songe.gkd","com.example.slowdown"]},{"u":-100,"pkgs":["com.jeejen.family.miui"]}]
2026-01-21 05:46:37.454  5310-5310  Launcher.Model          com.miui.home                        D  LauncherAppsCallback onPackageChanged|com.sharonZ.slowdown|UserHandle{0}
2026-01-21 05:46:37.511  5310-5445  IconCustomizer          com.miui.home                        D  Generate customized icon for com.sharonZ.slowdown.png
2026-01-21 05:46:37.513  5310-5445  Launcher.AllAppsList    com.miui.home                        D  updatePackage, packageName=com.sharonZ.slowdown, loadMissing=false, user=UserHandle{0}, matchedSize=1
2026-01-21 05:46:37.517  5310-5445  Launcher.AllAppsList    com.miui.home                        D  updatePackage, find appInfo=AppInfo, id=-1, itemType=0, user=UserHandle{0}, mIconType=0, pkgName=com.sharonZ.slowdown, className=com.sharonZ.slowdown.MainActivity, screenId=-1, container=-1, cellX=-1, cellY=-1, spanX=1, spanY=1 from ComponentInfo{com.sharonZ.slowdown/com.sharonZ.slowdown.MainActivity}
2026-01-21 05:46:37.518  5310-5445  Launcher.Model          com.miui.home                        D  onReceiveBackground, mAllAppsList=add=[], remove=[], modified=[(0, AppInfo, id=-1, itemType=0, user=UserHandle{0}, mIconType=0, pkgName=com.sharonZ.slowdown, className=com.sharonZ.slowdown.MainActivity, screenId=-1, container=-1, cellX=-1, cellY=-1, spanX=1, spanY=1)]
2026-01-21 05:46:37.749  5310-5310  Launcher.Model          com.miui.home                        D  LauncherAppsCallback onPackageChanged|com.sharonZ.slowdown|UserHandle{0}
2026-01-21 05:46:37.783  5310-5445  IconCustomizer          com.miui.home                        D  Generate customized icon for com.sharonZ.slowdown.png
2026-01-21 05:46:37.784  5310-5445  Launcher.AllAppsList    com.miui.home                        D  updatePackage, packageName=com.sharonZ.slowdown, loadMissing=false, user=UserHandle{0}, matchedSize=1
2026-01-21 05:46:37.784  5310-5445  Launcher.AllAppsList    com.miui.home                        D  updatePackage, find appInfo=AppInfo, id=-1, itemType=0, user=UserHandle{0}, mIconType=0, pkgName=com.sharonZ.slowdown, className=com.sharonZ.slowdown.MainActivity, screenId=-1, container=-1, cellX=-1, cellY=-1, spanX=1, spanY=1 from ComponentInfo{com.sharonZ.slowdown/com.sharonZ.slowdown.MainActivity}
2026-01-21 05:46:37.785  5310-5445  Launcher.Model          com.miui.home                        D  onReceiveBackground, mAllAppsList=add=[], remove=[], modified=[(0, AppInfo, id=-1, itemType=0, user=UserHandle{0}, mIconType=0, pkgName=com.sharonZ.slowdown, className=com.sharonZ.slowdown.MainActivity, screenId=-1, container=-1, cellX=-1, cellY=-1, spanX=1, spanY=1)]
2026-01-21 05:46:51.818  2566-4311  ActivityManager         system_server                        W  Invalid packageName: com.example.slowdown
2026-01-21 05:46:51.818  2566-4311  ActivityManager         system_server                        W  Invalid packageName: com.example.slowdown
2026-01-21 05:46:52.294  2566-2659  PerfStubImpl            system_server                        D  perfAppUpdateBoost: com.sharonZ.slowdown, -1, 0
2026-01-21 05:46:52.301  2566-2627  ActivityManager         system_server                        I  Force stopping com.sharonZ.slowdown appid=10248 user=-1: installPackageLI
2026-01-21 05:46:52.302  2566-2659  PackageManager          system_server                        I  Update package com.sharonZ.slowdown code path from /data/app/~~juBjvBkEepfrsN9FUF3AhA==/com.sharonZ.slowdown-HlW3NsPK1vnTCryeKKbz8w== to /data/app/~~ldE5pwEWn4VasIaZfhbVgQ==/com.sharonZ.slowdown-83gk6XdHKGGpTC51HEEAxQ==; Retain data and using new
2026-01-21 05:46:52.302  2566-2659  AppsFilter              system_server                        I  interaction: PackageSetting{e0c27bb com.fido.asm/10131} -> PackageSetting{5344627 com.sharonZ.slowdown/10248} BLOCKED
2026-01-21 05:46:52.302  2566-2659  AppsFilter              system_server                        I  interaction: PackageSetting{e0c27bb com.fido.asm/10131} -> PackageSetting{5344627 com.sharonZ.slowdown/10248} BLOCKED
2026-01-21 05:46:52.302  2566-2659  AppsFilter              system_server                        I  interaction: PackageSetting{e0c27bb com.fido.asm/10131} -> PackageSetting{114e031 com.sharonZ.slowdown/10248} BLOCKED
2026-01-21 05:46:52.302  2566-2659  AppsFilter              system_server                        I  interaction: PackageSetting{e0c27bb com.fido.asm/10131} -> PackageSetting{114e031 com.sharonZ.slowdown/10248} BLOCKED
2026-01-21 05:46:52.381  2566-2659  PackageFreezer          system_server                        W  Freeze package com.sharonZ.slowdown about 0.081 seconds for reason: installPackageLI
2026-01-21 05:46:52.381  2566-2659  InstallationTiming      system_server                        I  com.sharonZ.slowdown|null|339|83|59|0|8|0
2026-01-21 05:46:52.382  2566-2659  AppsFilter              system_server                        I  interaction: PackageSetting{e0c27bb com.fido.asm/10131} -> PackageSetting{114e031 com.sharonZ.slowdown/10248} BLOCKED
2026-01-21 05:46:52.386  2566-2659  ActivityManager         system_server                        I  Force stopping com.sharonZ.slowdown appid=10248 user=0: pkg removed
2026-01-21 05:46:52.401  7314-7314  MediaProvider           com.android.providers.media.module   I  Invalidating LocalCallingIdentity cache for package com.sharonZ.slowdown. Reason: package android.intent.action.PACKAGE_REMOVED
2026-01-21 05:46:52.401  7314-7314  MediaProvider           com.android.providers.media.module   W  WorkProfileOwnerApps cache miss for package com.sharonZ.slowdown
2026-01-21 05:46:52.405  2566-4215  MiuiNetwor...AppBuckets system_server                        D  updateAppPN packageName=com.sharonZ.slowdown,uid=10248,installed=false
2026-01-21 05:46:52.405  2566-4215  MiuiNetwor...afficLimit system_server                        D  updateAppPN packageName=com.sharonZ.slowdown,uid=10248,installed=false
2026-01-21 05:46:52.406  5104-5104  BluetoothMapAppObserver com.android.bluetooth                D  The removed package is: com.sharonZ.slowdown
2026-01-21 05:46:52.410  7827-7827  AppPredictService       com.miui.securitycenter.remote       D  AppChangedReceiver::onReceive::packageName = com.sharonZ.slowdown action = android.intent.action.PACKAGE_REMOVED
2026-01-21 05:46:52.410  8939-9352  services                com.xiaomi.xmsf                      D  [XMS][observer] PackageMonitor onReceive packageName: com.sharonZ.slowdown true
2026-01-21 05:46:52.410  9612-9612  VA__LAS_Ap...geReceiver com.miui.voiceassist                 I  app uninstall: com.sharonZ.slowdown
2026-01-21 05:46:52.411  5279-5675  NotificationProvider    com.android.systemui                 D  call method=clearPkgUsageInfoWhenRemoved extras=Bundle[{packageName=com.sharonZ.slowdown}]
2026-01-21 05:46:52.411 10357-10357 auth                    com.xiaomi.xmsf                      D  [XMS][Auth] PackageMonitor onReceive packageName: com.sharonZ.slowdown
2026-01-21 05:46:52.411  9612-10351 VA__LAS_Ap...geReceiver com.miui.voiceassist                 I  com.sharonZ.slowdown is exist，not delete database record
2026-01-21 05:46:52.411  9395-9778  Market-PackageMonitor   com.xiaomi.market                    I  [Download/Install] onReceive: android.intent.action.PACKAGE_REMOVED, pkg: com.sharonZ.slowdown
2026-01-21 05:46:52.412  7314-7314  MediaProvider           com.android.providers.media.module   I  Invalidating LocalCallingIdentity cache for package com.sharonZ.slowdown. Reason: package android.intent.action.PACKAGE_ADDED
2026-01-21 05:46:52.413  2566-2624  MiuiCompatModePackages  system_server                        I  package com.sharonZ.slowdown updated, removing config
2026-01-21 05:46:52.415  2566-4215  MiuiNetwor...AppBuckets system_server                        D  updateAppPN packageName=com.sharonZ.slowdown,uid=10248,installed=true
2026-01-21 05:46:52.415  2566-4215  MiuiNetwor...afficLimit system_server                        D  updateAppPN packageName=com.sharonZ.slowdown,uid=10248,installed=true
2026-01-21 05:46:52.415  7426-7981  BackPackageManager      com.miui.daemon                      I  remove app : key == com.sharonZ.slowdown&&10248
2026-01-21 05:46:52.415  7353-7353  VA_PackageMonitor       com.miui.voiceassist                 D  package added:com.sharonZ.slowdown;appInstalled=true
2026-01-21 05:46:52.417  5104-5104  BluetoothMapAppObserver com.android.bluetooth                D  The installed package is: com.sharonZ.slowdown
2026-01-21 05:46:52.417  5104-6184  Avrcp_ext               com.android.bluetooth                D  AvrcpServiceBroadcastReceiver-> packageName: com.sharonZ.slowdown
2026-01-21 05:46:52.417  5104-6184  Avrcp_ext               com.android.bluetooth                D  packageName: com.sharonZ.slowdown removed: false
2026-01-21 05:46:52.420  7353-7353  VA_PackageMonitor       com.miui.voiceassist                 D  package added:com.sharonZ.slowdown
2026-01-21 05:46:52.420  7353-7353  VA_AiConn:ApkConstants  com.miui.voiceassist                 I  isPhoneCarLinkApp packageName=com.sharonZ.slowdown
2026-01-21 05:46:52.420  6681-6681  PackageInstallHelper    com.xiaomi.misettings                D  doAppChange:com.sharonZ.slowdown
2026-01-21 05:46:52.420  9612-9612  VA__LAS_Ap...geReceiver com.miui.voiceassist                 I  app install: com.sharonZ.slowdown
2026-01-21 05:46:52.421 11181-11181 Finsky                  com.android.vending                  I  [2] klk.f(9): AIM: AppInfoCacheUpdater -> invalidating apps: [com.sharonZ.slowdown]
2026-01-21 05:46:52.421 10357-10357 auth                    com.xiaomi.xmsf                      D  [XMS][Auth] PackageMonitor onReceive packageName: com.sharonZ.slowdown
2026-01-21 05:46:52.422  8939-9352  services                com.xiaomi.xmsf                      D  [XMS][observer] PackageMonitor onReceive packageName: com.sharonZ.slowdown true
2026-01-21 05:46:52.422  8939-9352  services                com.xiaomi.xmsf                      D  [XMS][observer] sendInnerBroadcast action: com.xiaomi.xms.action.PACKAGE_REPLACED, packageName: com.sharonZ.slowdown
2026-01-21 05:46:52.424 11181-11280 Finsky                  com.android.vending                  I  [84] knd.a(55): AIM: AppInfoManager-Perf > OnDeviceAppInfo > cacheHitCount=0, cacheMissCount=1. Missed  in cache (limit 10) : [com.sharonZ.slowdown]
2026-01-21 05:46:52.425  9395-9776  Market-PackageMonitor   com.xiaomi.market                    I  [Download/Install] onReceive: android.intent.action.PACKAGE_ADDED, pkg: com.sharonZ.slowdown
2026-01-21 05:46:52.425  9395-9776  Market-LocalAppManager  com.xiaomi.market                    I  add package to list: com.sharonZ.slowdown
2026-01-21 05:46:52.428  6681-6681  PackageInstallHelper    com.xiaomi.misettings                D  doAppChange:com.sharonZ.slowdown
2026-01-21 05:46:52.438  2566-2566  SLM-SRV-SLAAppLib       system_server                        E  initBroadcastReceivercom.sharonZ.slowdown
2026-01-21 05:46:52.438  2566-2566  SLM-SRV-SLAAppLib       system_server                        I  ACTION_PACKAGE_REMOVED uid = 10248com.sharonZ.slowdown
2026-01-21 05:46:52.442  2566-2566  Telecom                 system_server                        I  CarModeTracker: Package com.sharonZ.slowdown is not tracked.: SSH.oR@APg
2026-01-21 05:46:52.446  9612-10351 VA__LAS_PackageUtil     com.miui.voiceassist                 I  filterHideApps pkg: com.sharonZ.slowdown; false;duration=0
2026-01-21 05:46:52.452  2566-4627  AppScanObserverService  system_server                        E  Try to add a invalid package: com.sharonZ.slowdown | 10248 | 0
2026-01-21 05:46:52.453  5262-5262  CarrierSvcBindHelper    com.android.phone                    D  onPackageUpdateFinished: com.sharonZ.slowdown
2026-01-21 05:46:52.453  2566-2566  SLM-SRV-SLAAppLib       system_server                        E  initBroadcastReceivercom.sharonZ.slowdown
2026-01-21 05:46:52.453  2566-2566  SLM-SRV-SLAAppLib       system_server                        I  ACTION_PACKAGE_ADDED uid = 10248com.sharonZ.slowdown
2026-01-21 05:46:52.454  9612-10351 VA__LAS_Ap...geReceiver com.miui.voiceassist                 I  com.sharonZ.slowdown already insert database
2026-01-21 05:46:52.457  5262-5262  CarrierSvcBindHelper    com.android.phone                    D  onPackageModified: com.sharonZ.slowdown
2026-01-21 05:46:52.462  9612-9612  VA__LAS_Ap...geReceiver com.miui.voiceassist                 I  app update: com.sharonZ.slowdown
2026-01-21 05:46:52.467  9612-10351 VA__LAS_PackageUtil     com.miui.voiceassist                 I  filterHideApps pkg: com.sharonZ.slowdown; false;duration=1
2026-01-21 05:46:52.469  7588-12462 SQLiteLog               com.qualcomm.qti.workloadclassifier  W  (28) double-quoted string literal: "com.sharonZ.slowdown"
2026-01-21 05:46:52.471  2566-2566  SLM-SRV-SLAAppLib       system_server                        E  initBroadcastReceivercom.sharonZ.slowdown
2026-01-21 05:46:52.471  2566-2566  SLM-SRV-SLAAppLib       system_server                        I  ACTION_PACKAGE_REPLACED uid = 10248com.sharonZ.slowdown
2026-01-21 05:46:52.472  2566-2566  AlarmManager            system_server                        W  Package com.sharonZ.slowdown, uid 10248 lost permission to set exact alarms!
2026-01-21 05:46:52.472  5262-5262  ImsResolver             com.android.phone                    D  maybeAddedImsService, packageName: com.sharonZ.slowdown
2026-01-21 05:46:52.487  6681-6706  PackageInstallHelper    com.xiaomi.misettings                D  com.sharonZ.slowdowncategoryId:usagestats_app_category_miui_undefined
2026-01-21 05:46:52.490  7874-14387 com.milink...nk:runtime com.milink.runtime                   D  Java_com_milink_runtime_MiLinkRuntimeContextNative_onEvent event=e_app_upgrade, flags=0, data=com.sharonZ.slowdown (jni_runtime.cpp:121)
2026-01-21 05:46:52.490  7874-14387 com.milink...nk:runtime com.milink.runtime                   I  milink::runtime::RuntimeImpl::onEvent event=e_app_upgrade, flags=0, data=com.sharonZ.slowdown (runtime_impl.cpp:202)
2026-01-21 05:46:52.490  7874-14387 com.milink...on_manager com.milink.runtime                   I  milink::session::SessionManagerStubImpl::onAppUpgrade app_id=com.sharonZ.slowdown (session_manager_stub_impl.cpp:451)
2026-01-21 05:46:52.490  7874-14387 com.milink...on_manager com.milink.runtime                   I  milink::session::SessionManagerStubImpl::clearApp src=on_app_upgrade, app_id=com.sharonZ.slowdown, force=1 (session_manager_stub_impl.cpp:462)
2026-01-21 05:46:52.493 11181-11181 Finsky                  com.android.vending                  I  [2] klk.f(9): AIM: AppInfoCacheUpdater -> invalidating apps: [com.sharonZ.slowdown]
2026-01-21 05:46:52.497 11181-11284 Finsky                  com.android.vending                  I  [88] knd.a(55): AIM: AppInfoManager-Perf > OnDeviceAppInfo > cacheHitCount=0, cacheMissCount=1. Missed  in cache (limit 10) : [com.sharonZ.slowdown]
2026-01-21 05:46:52.520  7827-8865  AppInstalledReceiver    com.miui.securitycenter.remote       D  packageName: com.sharonZ.slowdown
2026-01-21 05:46:52.521  7827-7827  AppPredictService       com.miui.securitycenter.remote       D  AppChangedReceiver::onReceive::packageName = com.sharonZ.slowdown action = android.intent.action.PACKAGE_ADDED
2026-01-21 05:46:52.538  2566-8465  ActivityManager         system_server                        W  Invalid packageName: com.example.slowdown
2026-01-21 05:46:52.538  2566-8465  ActivityManager         system_server                        W  Invalid packageName: com.example.slowdown
2026-01-21 05:46:52.550  7588-12462 SQLiteLog               com.qualcomm.qti.workloadclassifier  W  (28) double-quoted string literal: "com.sharonZ.slowdown"
2026-01-21 05:46:52.582  6353-14401 ProximityAuth           com.google.android.gms.persistent    I  [RecentAppsMediator] Package added: (user=UserHandle{0}) com.sharonZ.slowdown
2026-01-21 05:46:52.611  2566-4378  ActivityTaskManager     system_server                        W  aInfo is null for resolve intent: Intent { act=android.intent.action.MAIN cat=[android.intent.category.LAUNCHER] flg=0x10000000 cmp=com.example.slowdown/com.sharonZ.slowdown.MainActivity }
2026-01-21 05:46:52.611  2566-4378  XSpaceMana...erviceImpl system_server                        W  checkXSpaceControl, from:com.android.shell, to:com.example.slowdown, with act:android.intent.action.MAIN, callingUserId:0, toUserId:0
2026-01-21 05:46:52.611  2566-4378  ActivityTaskManager     system_server                        I  START u0 {act=android.intent.action.MAIN cat=[android.intent.category.LAUNCHER] flg=0x10000000 cmp=com.example.slowdown/com.sharonZ.slowdown.MainActivity} from uid 2000 from pid 14417 callingPackage com.android.shell
2026-01-21 05:46:52.611  2566-4378  ActivityStarterImpl     system_server                        E  Error: Activity class {com.example.slowdown/com.sharonZ.slowdown.MainActivity} does not exist.
2026-01-21 05:46:52.655  8003-14407 SQLiteLog               com.google.android.gms               W  (28) double-quoted string literal: "com.sharonZ.slowdown"
2026-01-21 05:46:53.013  5310-5310  Launcher.Model          com.miui.home                        D  LauncherAppsCallback onPackageChanged|com.sharonZ.slowdown|UserHandle{0}
2026-01-21 05:46:53.064  5310-5445  IconCustomizer          com.miui.home                        D  Generate customized icon for com.sharonZ.slowdown.png
2026-01-21 05:46:53.066  5310-5445  Launcher.AllAppsList    com.miui.home                        D  updatePackage, packageName=com.sharonZ.slowdown, loadMissing=false, user=UserHandle{0}, matchedSize=1
2026-01-21 05:46:53.066  5310-5445  Launcher.AllAppsList    com.miui.home                        D  updatePackage, find appInfo=AppInfo, id=-1, itemType=0, user=UserHandle{0}, mIconType=0, pkgName=com.sharonZ.slowdown, className=com.sharonZ.slowdown.MainActivity, screenId=-1, container=-1, cellX=-1, cellY=-1, spanX=1, spanY=1 from ComponentInfo{com.sharonZ.slowdown/com.sharonZ.slowdown.MainActivity}
2026-01-21 05:46:53.066  5310-5445  Launcher.Model          com.miui.home                        D  onReceiveBackground, mAllAppsList=add=[], remove=[], modified=[(0, AppInfo, id=-1, itemType=0, user=UserHandle{0}, mIconType=0, pkgName=com.sharonZ.slowdown, className=com.sharonZ.slowdown.MainActivity, screenId=-1, container=-1, cellX=-1, cellY=-1, spanX=1, spanY=1)]
