2026-01-20 01:51:52.606 27245-27245 IconCustomizer          com.example.slowdown                 D  Generate customized icon for com.windyty.android.png
2026-01-20 01:51:52.613 27245-27245 IconCustomizer          com.example.slowdown                 D  Content Ratio = 1.1818181
2026-01-20 01:51:52.614 27245-27245 IconCustomizer          com.example.slowdown                 D  Generate customized icon for com.wuba.png
2026-01-20 01:51:52.623 27245-27245 IconCustomizer          com.example.slowdown                 D  Content Ratio = -1.0
2026-01-20 01:51:52.625 27245-27245 IconCustomizer          com.example.slowdown                 D  Generate customized icon for com.xd.xztt.global.google.png
2026-01-20 01:51:53.011 27245-27245 IconCustomizer          com.example.slowdown                 D  Content Ratio = 0.055397727
2026-01-20 01:51:53.012 27245-27245 IconCustomizer          com.example.slowdown                 D  Generate customized icon for com.xiaoe.client.png
2026-01-20 01:51:53.018 27245-27245 IconCustomizer          com.example.slowdown                 D  Content Ratio = -1.0
2026-01-20 01:51:53.019 27245-27245 IconCustomizer          com.example.slowdown                 D  Generate customized icon for com.xunmeng.pinduoduo.png
2026-01-20 01:51:53.025 27245-27245 IconCustomizer          com.example.slowdown                 D  Content Ratio = -1.0
2026-01-20 01:51:53.026 27245-27245 IconCustomizer          com.example.slowdown                 D  Generate customized icon for com.zhihu.android.png
2026-01-20 01:51:53.035 27245-27245 IconCustomizer          com.example.slowdown                 D  Content Ratio = -1.0
2026-01-20 01:51:53.036 27245-27245 IconCustomizer          com.example.slowdown                 D  Generate customized icon for hello.litiaotiao.app.png
2026-01-20 01:51:53.040 27245-27245 IconCustomizer          com.example.slowdown                 D  Content Ratio = -1.0
2026-01-20 01:51:53.040 27245-27245 IconCustomizer          com.example.slowdown                 D  Generate customized icon for li.songe.gkd.png
2026-01-20 01:51:53.051 27245-27245 IconCustomizer          com.example.slowdown                 D  Content Ratio = -1.0
2026-01-20 01:51:53.052 27245-27245 IconCustomizer          com.example.slowdown                 D  Generate customized icon for md.obsidian.png
2026-01-20 01:51:53.060 27245-27245 IconCustomizer          com.example.slowdown                 D  Content Ratio = -1.0
2026-01-20 01:51:53.060 27245-27245 IconCustomizer          com.example.slowdown                 D  Generate customized icon for notion.id.png
2026-01-20 01:51:53.066 27245-27245 IconCustomizer          com.example.slowdown                 D  Content Ratio = 0.8666667
2026-01-20 01:51:53.067 27245-27245 IconCustomizer          com.example.slowdown                 D  Content Ratio = 0.8666667
2026-01-20 01:51:53.067 27245-27245 IconCustomizer          com.example.slowdown                 D  BitmapDensity = 0  setTargetDensity = 0
2026-01-20 01:51:53.068 27245-27245 IconCustomizer          com.example.slowdown                 D  Generate customized icon for org.chromium.webapk.aba294c41cb5fb184_v2.png
2026-01-20 01:51:53.074 27245-27245 IconCustomizer          com.example.slowdown                 D  Content Ratio = -1.0
2026-01-20 01:51:53.075 27245-27245 IconCustomizer          com.example.slowdown                 D  Generate customized icon for org.cohortor.gstrings.png
2026-01-20 01:51:53.082 27245-27245 IconCustomizer          com.example.slowdown                 D  Content Ratio = 0.77040815
2026-01-20 01:51:53.084 27245-27245 IconCustomizer          com.example.slowdown                 D  Content Ratio = 0.77040815
2026-01-20 01:51:53.084 27245-27245 IconCustomizer          com.example.slowdown                 D  BitmapDensity = 160  setTargetDensity = 160
2026-01-20 01:51:53.084 27245-27245 IconCustomizer          com.example.slowdown                 D  Generate customized icon for org.epcdiy.memory.png
2026-01-20 01:51:53.103 27245-27245 IconCustomizer          com.example.slowdown                 D  Content Ratio = -1.0
2026-01-20 01:51:53.105 27245-27245 IconCustomizer          com.example.slowdown                 D  Generate customized icon for org.isoron.uhabits.png
2026-01-20 01:51:53.111 27245-27245 IconCustomizer          com.example.slowdown                 D  Content Ratio = -1.0
2026-01-20 01:51:53.112 27245-27245 IconCustomizer          com.example.slowdown                 D  Generate customized icon for org.telegram.messenger.png
2026-01-20 01:51:53.120 27245-27245 IconCustomizer          com.example.slowdown                 D  Content Ratio = 1.1818181
2026-01-20 01:51:53.120 27245-27245 IconCustomizer          com.example.slowdown                 D  Generate customized icon for unity.Annapurna.Gorogoa.png
2026-01-20 01:51:53.143  2743-4157  MIUIInput               system_server                        D  [MotionEvent] publisher action=0x0, 17561975, channel 'e7091a4 com.example.slowdown/com.example.slowdown.MainActivity (server)'
2026-01-20 01:51:53.209 27245-27245 Looper                  com.example.slowdown                 W  PerfMonitor longMsg : seq=3995 plan=01:51:51.800 late=9ms wall=1399ms running=0ms h=android.view.Choreographer$FrameHandler c=android.view.Choreographer$FrameDisplayEventReceiver procState=-1
2026-01-20 01:51:53.209 27245-27245 Looper                  com.example.slowdown                 W  PerfMonitor doFrame : time=1399ms vsyncFrame=0 latency=9ms procState=-1 historyMsgCount=3
2026-01-20 01:51:53.209  2743-4157  MIUIInput               system_server                        D  [MotionEvent] publisher action=0x1, 17562041, channel 'e7091a4 com.example.slowdown/com.example.slowdown.MainActivity (server)'
2026-01-20 01:51:53.221 27245-27245 Choreographer           com.example.slowdown                 I  Skipped 170 frames!  The application may be doing too much work on its main thread.
2026-01-20 01:51:53.232 27245-27245 Looper                  com.example.slowdown                 W  PerfMonitor doFrame : time=11ms vsyncFrame=0 latency=1405ms procState=-1 historyMsgCount=4 (msgIndex=1 wall=1399ms seq=3995 late=9ms h=android.view.Choreographer$FrameHandler c=android.view.Choreographer$FrameDisplayEventReceiver)
2026-01-20 01:51:54.808  2743-4157  MIUIInput               system_server                        D  [MotionEvent] publisher action=0x0, 17563637, channel 'e7091a4 com.example.slowdown/com.example.slowdown.MainActivity (server)'
2026-01-20 01:51:54.883  2743-4157  MIUIInput               system_server                        D  [MotionEvent] publisher action=0x1, 17563714, channel 'e7091a4 com.example.slowdown/com.example.slowdown.MainActivity (server)'
2026-01-20 01:51:57.030  2743-4157  MIUIInput               system_server                        D  [MotionEvent] publisher action=0x0, 17565860, channel 'e7091a4 com.example.slowdown/com.example.slowdown.MainActivity (server)'
2026-01-20 01:51:57.104  2743-4157  MIUIInput               system_server                        D  [MotionEvent] publisher action=0x1, 17565935, channel 'e7091a4 com.example.slowdown/com.example.slowdown.MainActivity (server)'
2026-01-20 01:51:57.116 27245-27245 IS_CTS_MODE             com.example.slowdown                 D  false
2026-01-20 01:51:57.116 27245-27245 MULTI_WINDOW_ENABLED    com.example.slowdown                 D  false
2026-01-20 01:51:57.123 27245-27245 OnBackInvokedCallback   com.example.slowdown                 W  OnBackInvokedCallback is not enabled for the application.
                                                                                                    Set 'android:enableOnBackInvokedCallback="true"' in the application manifest.
2026-01-20 01:51:57.125 27245-27245 ViewRootImpl            com.example.slowdown                 I  use first frame acceleration
2026-01-20 01:51:57.125 27245-27245 DecorView[]             com.example.slowdown                 D  updateDecorCaptionStatus windowMode is 1
2026-01-20 01:51:57.129  2743-7324  WindowManager           system_server                        D  Input focus has changed to Window{6f57977 u0 com.example.slowdown/com.example.slowdown.MainActivity} display=0 updateInputWindows = false
2026-01-20 01:51:57.131  2743-7324  CoreBackPreview         system_server                        D  Window{6f57977 u0 com.example.slowdown/com.example.slowdown.MainActivity}: Setting back callback OnBackInvokedCallbackInfo{mCallback=android.window.IOnBackInvokedCallback$Stub$Proxy@a6db249, mPriority=0}
2026-01-20 01:51:57.132  2743-3297  WindowManager           system_server                        D  Focus not requested for window=Window{6f57977 u0 com.example.slowdown/com.example.slowdown.MainActivity} because it has no surface or is not focusable.
2026-01-20 01:51:57.155  2743-3297  WindowManager           system_server                        D  Update InputWindowHandle: 6f57977 com.example.slowdown/com.example.slowdown.MainActivity, frame=[0,0,0,0], touchableRegion=SkRegion((-100,-721,980,1679)), scaleFactor=1.0, transform=null, windowToken=android.os.BinderProxy@acfcf76, isClone=false, visibal=true, focusable=true, changed=true
2026-01-20 01:51:57.163  2059-5551  SurfaceFlinger          surfaceflinger                       I  sf.setTransactionState focusRequest transactionId:11781095341555 frontWin:6f57977 com.example.slowdown/com.example.slowdown.MainActivity
2026-01-20 01:51:57.168 27245-27279 Parcel                  com.example.slowdown                 W  Expecting binder but got null!
2026-01-20 01:51:57.168  2743-5983  WindowManager           system_server                        D  finishDrawingLocked: mDrawState=COMMIT_DRAW_PENDING Window{6f57977 u0 com.example.slowdown/com.example.slowdown.MainActivity} in Surface(name=com.example.slowdown/com.example.slowdown.MainActivity)/@0xc4c206f
2026-01-20 01:51:57.172  2743-3297  WindowManager           system_server                        I  showSurfaceRobustly mWin:Window{6f57977 u0 com.example.slowdown/com.example.slowdown.MainActivity}
2026-01-20 01:51:57.175 27245-27245 Choreographer           com.example.slowdown                 I  first vsync insert message into MessageQueue Head
2026-01-20 01:51:57.175  2743-3297  WindowManager           system_server                        D  Update InputWindowHandle: 6f57977 com.example.slowdown/com.example.slowdown.MainActivity, frame=[0,0,0,0], touchableRegion=SkRegion((-100,-721,980,1679)), scaleFactor=1.0, transform=null, windowToken=android.os.BinderProxy@acfcf76, isClone=false, visibal=true, focusable=true, changed=true
2026-01-20 01:51:57.176 27245-27245 DecorView[]             com.example.slowdown                 D  onWindowFocusChanged hasWindowFocus false
2026-01-20 01:51:57.197 27245-27245 DecorView[]             com.example.slowdown                 D  onWindowFocusChanged hasWindowFocus true
2026-01-20 01:51:57.197 27245-27245 HandWritingStubImpl     com.example.slowdown                 I  refreshLastKeyboardType: 1
2026-01-20 01:51:57.198 27245-27245 HandWritingStubImpl     com.example.slowdown                 I  getCurrentKeyboardType: 1
2026-01-20 01:51:57.200 10211-10211 SogouIME                com.sohu.inputmethod.sogou.xiaomi    D  SogouIME onFinishInput: com.example.slowdown 71456757
2026-01-20 01:51:57.202 10211-10211 SogouIME                com.sohu.inputmethod.sogou.xiaomi    D  SogouIME onStartInput: com.example.slowdown 252021755
2026-01-20 01:51:57.202 10211-10211 BaseInputMethodService  com.sohu.inputmethod.sogou.xiaomi    E  onStartInput app:com.example.slowdown restarting:false
2026-01-20 01:51:57.298 27245-27245 SlowDown                com.example.slowdown                 D  [Service] onAccessibilityEvent: type=32, pkg=com.example.slowdown
2026-01-20 01:51:57.405  2743-3297  WindowManager           system_server                        D  Update InputWindowHandle: 6f57977 com.example.slowdown/com.example.slowdown.MainActivity, frame=[0,0,0,0], touchableRegion=SkRegion((-100,-721,980,1679)), scaleFactor=1.0, transform=null, windowToken=android.os.BinderProxy@acfcf76, isClone=false, visibal=true, focusable=true, changed=true
2026-01-20 01:51:57.896  2743-4157  MIUIInput               system_server                        D  [MotionEvent] publisher action=0x0, 17566727, channel '6f57977 com.example.slowdown/com.example.slowdown.MainActivity (server)'
2026-01-20 01:51:57.961  2743-4157  MIUIInput               system_server                        D  [MotionEvent] publisher action=0x1, 17566793, channel '6f57977 com.example.slowdown/com.example.slowdown.MainActivity (server)'
2026-01-20 01:51:58.509  2743-4157  MIUIInput               system_server                        D  [MotionEvent] publisher action=0x0, 17567339, channel '6f57977 com.example.slowdown/com.example.slowdown.MainActivity (server)'
2026-01-20 01:51:58.582  2743-4157  MIUIInput               system_server                        D  [MotionEvent] publisher action=0x1, 17567414, channel '6f57977 com.example.slowdown/com.example.slowdown.MainActivity (server)'
2026-01-20 01:51:58.589  2743-7324  CoreBackPreview         system_server                        D  Window{6f57977 u0 com.example.slowdown/com.example.slowdown.MainActivity}: Setting back callback null
2026-01-20 01:51:58.593 27245-27279 OpenGLRenderer          com.example.slowdown                 D  endAllActiveAnimators on 0xb400007de7250b00 (UnprojectedRipple) with handle 0xb400007d5813a820
2026-01-20 01:51:58.594  2743-7324  InputManager-JNI        system_server                        W  Input channel object '6f57977 com.example.slowdown/com.example.slowdown.MainActivity (client)' was disposed without first being removed with the input manager!
2026-01-20 01:51:58.598  2743-7324  WindowManager           system_server                        D  Input focus has changed to Window{e7091a4 u0 com.example.slowdown/com.example.slowdown.MainActivity} display=0 updateInputWindows = false
2026-01-20 01:51:58.605  2059-5532  SurfaceFlinger          surfaceflinger                       I  sf.setTransactionState focusRequest transactionId:11781095341600 frontWin:e7091a4 com.example.slowdown/com.example.slowdown.MainActivity
2026-01-20 01:51:58.614 27245-27245 DecorView[]             com.example.slowdown                 D  onWindowFocusChanged hasWindowFocus true
2026-01-20 01:51:58.614 27245-27245 HandWritingStubImpl     com.example.slowdown                 I  refreshLastKeyboardType: 1
2026-01-20 01:51:58.615 27245-27245 HandWritingStubImpl     com.example.slowdown                 I  getCurrentKeyboardType: 1
2026-01-20 01:51:58.616 10211-10211 SogouIME                com.sohu.inputmethod.sogou.xiaomi    D  SogouIME onFinishInput: com.example.slowdown 252021755
2026-01-20 01:51:58.617 10211-10211 SogouIME                com.sohu.inputmethod.sogou.xiaomi    D  SogouIME onStartInput: com.example.slowdown 237862513
2026-01-20 01:51:58.617 10211-10211 BaseInputMethodService  com.sohu.inputmethod.sogou.xiaomi    E  onStartInput app:com.example.slowdown restarting:false
2026-01-20 01:51:59.020  2743-4157  MIUIInput               system_server                        D  [MotionEvent] publisher action=0x0, 17567851, channel 'e7091a4 com.example.slowdown/com.example.slowdown.MainActivity (server)'
2026-01-20 01:51:59.085  2743-4157  MIUIInput               system_server                        D  [MotionEvent] publisher action=0x1, 17567916, channel 'e7091a4 com.example.slowdown/com.example.slowdown.MainActivity (server)'
2026-01-20 01:51:59.089 27245-27245 AppDetailViewModel      com.example.slowdown                 D  [updateRestrictionMode] Called with: isEnabled=true, limitMode=soft, dailyLimitMinutes=null
2026-01-20 01:51:59.089 27245-27245 AppDetailViewModel      com.example.slowdown                 D  [updateRestrictionMode] Updating existing app: com.bilibili.app.in
2026-01-20 01:51:59.092 27245-27245 AppDetailViewModel      com.example.slowdown                 D  [updateRestrictionMode] Update completed: com.bilibili.app.in, isEnabled=true, limitMode=soft, dailyLimitMinutes=null
2026-01-20 01:51:59.130 27245-27245 SlowDown                com.example.slowdown                 D  [Service] onAccessibilityEvent: type=32, pkg=com.example.slowdown
2026-01-20 01:51:59.698  2743-4157  MIUIInput               system_server                        D  [MotionEvent] publisher action=0x0, 17568530, channel 'e7091a4 com.example.slowdown/com.example.slowdown.MainActivity (server)'
2026-01-20 01:51:59.772  2743-4157  MIUIInput               system_server                        D  [MotionEvent] publisher action=0x1, 17568604, channel 'e7091a4 com.example.slowdown/com.example.slowdown.MainActivity (server)'
2026-01-20 01:51:59.780 27245-27245 IS_CTS_MODE             com.example.slowdown                 D  false
2026-01-20 01:51:59.780 27245-27245 MULTI_WINDOW_ENABLED    com.example.slowdown                 D  false
2026-01-20 01:51:59.785 27245-27245 OnBackInvokedCallback   com.example.slowdown                 W  OnBackInvokedCallback is not enabled for the application.
                                                                                                    Set 'android:enableOnBackInvokedCallback="true"' in the application manifest.
2026-01-20 01:51:59.787 27245-27245 ViewRootImpl            com.example.slowdown                 I  use first frame acceleration
2026-01-20 01:51:59.787 27245-27245 DecorView[]             com.example.slowdown                 D  updateDecorCaptionStatus windowMode is 1
2026-01-20 01:51:59.790  2743-7513  WindowManager           system_server                        D  Input focus has changed to Window{202824f u0 com.example.slowdown/com.example.slowdown.MainActivity} display=0 updateInputWindows = false
2026-01-20 01:51:59.791  2743-3297  WindowManager           system_server                        D  Focus not requested for window=Window{202824f u0 com.example.slowdown/com.example.slowdown.MainActivity} because it has no surface or is not focusable.
2026-01-20 01:51:59.791  2743-7513  CoreBackPreview         system_server                        D  Window{202824f u0 com.example.slowdown/com.example.slowdown.MainActivity}: Setting back callback OnBackInvokedCallbackInfo{mCallback=android.window.IOnBackInvokedCallback$Stub$Proxy@9bcb461, mPriority=0}
2026-01-20 01:51:59.811  2743-3297  WindowManager           system_server                        D  Update InputWindowHandle: 202824f com.example.slowdown/com.example.slowdown.MainActivity, frame=[0,0,0,0], touchableRegion=SkRegion((-100,-666,980,1734)), scaleFactor=1.0, transform=null, windowToken=android.os.BinderProxy@22a94ae, isClone=false, visibal=true, focusable=true, changed=true
2026-01-20 01:51:59.817  2059-5532  SurfaceFlinger          surfaceflinger                       I  sf.setTransactionState focusRequest transactionId:11781095341638 frontWin:202824f com.example.slowdown/com.example.slowdown.MainActivity
2026-01-20 01:51:59.822 27245-27279 Parcel                  com.example.slowdown                 W  Expecting binder but got null!
2026-01-20 01:51:59.822  2743-7513  WindowManager           system_server                        D  finishDrawingLocked: mDrawState=COMMIT_DRAW_PENDING Window{202824f u0 com.example.slowdown/com.example.slowdown.MainActivity} in Surface(name=com.example.slowdown/com.example.slowdown.MainActivity)/@0xe266c47
2026-01-20 01:51:59.827  2743-3297  WindowManager           system_server                        I  showSurfaceRobustly mWin:Window{202824f u0 com.example.slowdown/com.example.slowdown.MainActivity}
2026-01-20 01:51:59.829 27245-27245 Choreographer           com.example.slowdown                 I  first vsync insert message into MessageQueue Head
2026-01-20 01:51:59.829  2743-3297  WindowManager           system_server                        D  Update InputWindowHandle: 202824f com.example.slowdown/com.example.slowdown.MainActivity, frame=[0,0,0,0], touchableRegion=SkRegion((-100,-666,980,1734)), scaleFactor=1.0, transform=null, windowToken=android.os.BinderProxy@22a94ae, isClone=false, visibal=true, focusable=true, changed=true
2026-01-20 01:51:59.831 27245-27245 DecorView[]             com.example.slowdown                 D  onWindowFocusChanged hasWindowFocus false
2026-01-20 01:51:59.850 27245-27245 DecorView[]             com.example.slowdown                 D  onWindowFocusChanged hasWindowFocus true
2026-01-20 01:51:59.851 27245-27245 HandWritingStubImpl     com.example.slowdown                 I  refreshLastKeyboardType: 1
2026-01-20 01:51:59.851 27245-27245 HandWritingStubImpl     com.example.slowdown                 I  getCurrentKeyboardType: 1
2026-01-20 01:51:59.853 10211-10211 SogouIME                com.sohu.inputmethod.sogou.xiaomi    D  SogouIME onFinishInput: com.example.slowdown 237862513
2026-01-20 01:51:59.853 10211-10211 SogouIME                com.sohu.inputmethod.sogou.xiaomi    D  SogouIME onStartInput: com.example.slowdown 135720151
2026-01-20 01:51:59.853 10211-10211 BaseInputMethodService  com.sohu.inputmethod.sogou.xiaomi    E  onStartInput app:com.example.slowdown restarting:false
2026-01-20 01:51:59.951 27245-27245 SlowDown                com.example.slowdown                 D  [Service] onAccessibilityEvent: type=32, pkg=com.example.slowdown
2026-01-20 01:52:00.060  2743-3297  WindowManager           system_server                        D  Update InputWindowHandle: 202824f com.example.slowdown/com.example.slowdown.MainActivity, frame=[0,0,0,0], touchableRegion=SkRegion((-100,-666,980,1734)), scaleFactor=1.0, transform=null, windowToken=android.os.BinderProxy@22a94ae, isClone=false, visibal=true, focusable=true, changed=true
2026-01-20 01:52:01.437  2743-4157  MIUIInput               system_server                        D  [MotionEvent] publisher action=0x0, 17570267, channel '202824f com.example.slowdown/com.example.slowdown.MainActivity (server)'
2026-01-20 01:52:01.512  2743-4157  MIUIInput               system_server                        D  [MotionEvent] publisher action=0x1, 17570343, channel '202824f com.example.slowdown/com.example.slowdown.MainActivity (server)'
2026-01-20 01:52:01.514 27245-27245 AppDetailViewModel      com.example.slowdown                 D  [updateRestrictionMode] Called with: isEnabled=true, limitMode=soft, dailyLimitMinutes=null
2026-01-20 01:52:01.514 27245-27245 AppDetailViewModel      com.example.slowdown                 D  [updateRestrictionMode] Updating existing app: com.bilibili.app.in
2026-01-20 01:52:01.516 27245-27245 AppDetailViewModel      com.example.slowdown                 D  [updateRestrictionMode] Update completed: com.bilibili.app.in, isEnabled=true, limitMode=soft, dailyLimitMinutes=null
2026-01-20 01:52:01.520  2743-9860  CoreBackPreview         system_server                        D  Window{202824f u0 com.example.slowdown/com.example.slowdown.MainActivity}: Setting back callback null
2026-01-20 01:52:01.524 27245-27279 OpenGLRenderer          com.example.slowdown                 D  endAllActiveAnimators on 0xb400007de72f4400 (UnprojectedRipple) with handle 0xb400007de72ea9a0
2026-01-20 01:52:01.524  2743-9860  InputManager-JNI        system_server                        W  Input channel object '202824f com.example.slowdown/com.example.slowdown.MainActivity (client)' was disposed without first being removed with the input manager!
2026-01-20 01:52:01.528  2743-9860  WindowManager           system_server                        D  Input focus has changed to Window{e7091a4 u0 com.example.slowdown/com.example.slowdown.MainActivity} display=0 updateInputWindows = false
2026-01-20 01:52:01.533  2059-3210  SurfaceFlinger          surfaceflinger                       I  sf.setTransactionState focusRequest transactionId:11781095341685 frontWin:e7091a4 com.example.slowdown/com.example.slowdown.MainActivity
2026-01-20 01:52:01.542 27245-27245 DecorView[]             com.example.slowdown                 D  onWindowFocusChanged hasWindowFocus true
2026-01-20 01:52:01.542 27245-27245 HandWritingStubImpl     com.example.slowdown                 I  refreshLastKeyboardType: 1
2026-01-20 01:52:01.542 27245-27245 HandWritingStubImpl     com.example.slowdown                 I  getCurrentKeyboardType: 1
2026-01-20 01:52:01.544 10211-10211 SogouIME                com.sohu.inputmethod.sogou.xiaomi    D  SogouIME onFinishInput: com.example.slowdown 135720151
2026-01-20 01:52:01.544 10211-10211 SogouIME                com.sohu.inputmethod.sogou.xiaomi    D  SogouIME onStartInput: com.example.slowdown 231379117
2026-01-20 01:52:01.544 10211-10211 BaseInputMethodService  com.sohu.inputmethod.sogou.xiaomi    E  onStartInput app:com.example.slowdown restarting:false
2026-01-20 01:52:02.355  2743-4157  MIUIInput               system_server                        D  [MotionEvent] publisher action=0x0, 17571185, channel 'e7091a4 com.example.slowdown/com.example.slowdown.MainActivity (server)'
2026-01-20 01:52:02.418  2743-4157  MIUIInput               system_server                        D  [MotionEvent] publisher action=0x1, 17571250, channel 'e7091a4 com.example.slowdown/com.example.slowdown.MainActivity (server)'
2026-01-20 01:52:02.428 27245-27245 IS_CTS_MODE             com.example.slowdown                 D  false
2026-01-20 01:52:02.428 27245-27245 MULTI_WINDOW_ENABLED    com.example.slowdown                 D  false
2026-01-20 01:52:02.434 27245-27245 OnBackInvokedCallback   com.example.slowdown                 W  OnBackInvokedCallback is not enabled for the application.
                                                                                                    Set 'android:enableOnBackInvokedCallback="true"' in the application manifest.
2026-01-20 01:52:02.436 27245-27245 ViewRootImpl            com.example.slowdown                 I  use first frame acceleration
2026-01-20 01:52:02.436 27245-27245 DecorView[]             com.example.slowdown                 D  updateDecorCaptionStatus windowMode is 1
2026-01-20 01:52:02.441  2743-3153  WindowManager           system_server                        D  Input focus has changed to Window{5c044e6 u0 com.example.slowdown/com.example.slowdown.MainActivity} display=0 updateInputWindows = false
2026-01-20 01:52:02.442  2743-3297  WindowManager           system_server                        D  Focus not requested for window=Window{5c044e6 u0 com.example.slowdown/com.example.slowdown.MainActivity} because it has no surface or is not focusable.
2026-01-20 01:52:02.442  2743-3153  CoreBackPreview         system_server                        D  Window{5c044e6 u0 com.example.slowdown/com.example.slowdown.MainActivity}: Setting back callback OnBackInvokedCallbackInfo{mCallback=android.window.IOnBackInvokedCallback$Stub$Proxy@9344a40, mPriority=0}
2026-01-20 01:52:02.469  2743-3297  WindowManager           system_server                        D  Update InputWindowHandle: 5c044e6 com.example.slowdown/com.example.slowdown.MainActivity, frame=[0,0,0,0], touchableRegion=SkRegion((-100,-666,980,1734)), scaleFactor=1.0, transform=null, windowToken=android.os.BinderProxy@ec7f741, isClone=false, visibal=true, focusable=true, changed=true
2026-01-20 01:52:02.471  2059-2475  SurfaceFlinger          surfaceflinger                       I  sf.setTransactionState focusRequest transactionId:11781095341723 frontWin:5c044e6 com.example.slowdown/com.example.slowdown.MainActivity
2026-01-20 01:52:02.478 27245-27279 Parcel                  com.example.slowdown                 W  Expecting binder but got null!
2026-01-20 01:52:02.478  2743-3153  WindowManager           system_server                        D  finishDrawingLocked: mDrawState=COMMIT_DRAW_PENDING Window{5c044e6 u0 com.example.slowdown/com.example.slowdown.MainActivity} in Surface(name=com.example.slowdown/com.example.slowdown.MainActivity)/@0xb790abe
2026-01-20 01:52:02.481  2743-3297  WindowManager           system_server                        I  showSurfaceRobustly mWin:Window{5c044e6 u0 com.example.slowdown/com.example.slowdown.MainActivity}
2026-01-20 01:52:02.484  2743-3297  WindowManager           system_server                        D  Update InputWindowHandle: 5c044e6 com.example.slowdown/com.example.slowdown.MainActivity, frame=[0,0,0,0], touchableRegion=SkRegion((-100,-666,980,1734)), scaleFactor=1.0, transform=null, windowToken=android.os.BinderProxy@ec7f741, isClone=false, visibal=true, focusable=true, changed=true
2026-01-20 01:52:02.489 27245-27245 DecorView[]             com.example.slowdown                 D  onWindowFocusChanged hasWindowFocus false
2026-01-20 01:52:02.490 27245-27245 Choreographer           com.example.slowdown                 I  first vsync insert message into MessageQueue Head
2026-01-20 01:52:02.504 27245-27245 DecorView[]             com.example.slowdown                 D  onWindowFocusChanged hasWindowFocus true
2026-01-20 01:52:02.505 27245-27245 HandWritingStubImpl     com.example.slowdown                 I  refreshLastKeyboardType: 1
2026-01-20 01:52:02.505 27245-27245 HandWritingStubImpl     com.example.slowdown                 I  getCurrentKeyboardType: 1
2026-01-20 01:52:02.506 10211-10211 SogouIME                com.sohu.inputmethod.sogou.xiaomi    D  SogouIME onFinishInput: com.example.slowdown 231379117
2026-01-20 01:52:02.507 10211-10211 SogouIME                com.sohu.inputmethod.sogou.xiaomi    D  SogouIME onStartInput: com.example.slowdown 242450291
2026-01-20 01:52:02.507 10211-10211 BaseInputMethodService  com.sohu.inputmethod.sogou.xiaomi    E  onStartInput app:com.example.slowdown restarting:false
2026-01-20 01:52:02.605 27245-27245 SlowDown                com.example.slowdown                 D  [Service] onAccessibilityEvent: type=32, pkg=com.example.slowdown
2026-01-20 01:52:02.714  2743-3297  WindowManager           system_server                        D  Update InputWindowHandle: 5c044e6 com.example.slowdown/com.example.slowdown.MainActivity, frame=[0,0,0,0], touchableRegion=SkRegion((-100,-666,980,1734)), scaleFactor=1.0, transform=null, windowToken=android.os.BinderProxy@ec7f741, isClone=false, visibal=true, focusable=true, changed=true
2026-01-20 01:52:03.416  2743-4157  MIUIInput               system_server                        D  [MotionEvent] publisher action=0x0, 17572247, channel '5c044e6 com.example.slowdown/com.example.slowdown.MainActivity (server)'
2026-01-20 01:52:03.477  2743-4157  MIUIInput               system_server                        D  [MotionEvent] publisher action=0x1, 17572308, channel '5c044e6 com.example.slowdown/com.example.slowdown.MainActivity (server)'
2026-01-20 01:52:03.479 27245-27245 AppDetailViewModel      com.example.slowdown                 D  [updateRestrictionMode] Called with: isEnabled=true, limitMode=soft, dailyLimitMinutes=null
2026-01-20 01:52:03.479 27245-27245 AppDetailViewModel      com.example.slowdown                 D  [updateRestrictionMode] Updating existing app: com.bilibili.app.in
2026-01-20 01:52:03.484  2743-3153  CoreBackPreview         system_server                        D  Window{5c044e6 u0 com.example.slowdown/com.example.slowdown.MainActivity}: Setting back callback null
2026-01-20 01:52:03.488 27245-27279 OpenGLRenderer          com.example.slowdown                 D  endAllActiveAnimators on 0xb400007de72f4900 (UnprojectedRipple) with handle 0xb400007de70e39e0
2026-01-20 01:52:03.489  2743-3153  InputManager-JNI        system_server                        W  Input channel object '5c044e6 com.example.slowdown/com.example.slowdown.MainActivity (client)' was disposed without first being removed with the input manager!
2026-01-20 01:52:03.493  2743-3153  WindowManager           system_server                        D  Input focus has changed to Window{e7091a4 u0 com.example.slowdown/com.example.slowdown.MainActivity} display=0 updateInputWindows = false
2026-01-20 01:52:03.497 27245-27245 AppDetailViewModel      com.example.slowdown                 D  [updateRestrictionMode] Update completed: com.bilibili.app.in, isEnabled=true, limitMode=soft, dailyLimitMinutes=null
2026-01-20 01:52:03.501  2059-2474  SurfaceFlinger          surfaceflinger                       I  sf.setTransactionState focusRequest transactionId:11781095341770 frontWin:e7091a4 com.example.slowdown/com.example.slowdown.MainActivity
2026-01-20 01:52:03.510 27245-27245 DecorView[]             com.example.slowdown                 D  onWindowFocusChanged hasWindowFocus true
2026-01-20 01:52:03.511 27245-27245 HandWritingStubImpl     com.example.slowdown                 I  refreshLastKeyboardType: 1
2026-01-20 01:52:03.511 27245-27245 HandWritingStubImpl     com.example.slowdown                 I  getCurrentKeyboardType: 1
2026-01-20 01:52:03.513 10211-10211 SogouIME                com.sohu.inputmethod.sogou.xiaomi    D  SogouIME onFinishInput: com.example.slowdown 242450291
2026-01-20 01:52:03.513 10211-10211 SogouIME                com.sohu.inputmethod.sogou.xiaomi    D  SogouIME onStartInput: com.example.slowdown 145525417
2026-01-20 01:52:03.513 10211-10211 BaseInputMethodService  com.sohu.inputmethod.sogou.xiaomi    E  onStartInput app:com.example.slowdown restarting:false
2026-01-20 01:52:04.109  2743-4157  MIUIInput               system_server                        D  [MotionEvent] publisher action=0x0, 17572939, channel 'e7091a4 com.example.slowdown/com.example.slowdown.MainActivity (server)'
2026-01-20 01:52:04.164  2743-4157  MIUIInput               system_server                        D  [MotionEvent] publisher action=0x1, 17572996, channel 'e7091a4 com.example.slowdown/com.example.slowdown.MainActivity (server)'
2026-01-20 01:52:04.174 27245-27245 IS_CTS_MODE             com.example.slowdown                 D  false
2026-01-20 01:52:04.174 27245-27245 MULTI_WINDOW_ENABLED    com.example.slowdown                 D  false
2026-01-20 01:52:04.182 27245-27245 OnBackInvokedCallback   com.example.slowdown                 W  OnBackInvokedCallback is not enabled for the application.
                                                                                                    Set 'android:enableOnBackInvokedCallback="true"' in the application manifest.
2026-01-20 01:52:04.184 27245-27245 ViewRootImpl            com.example.slowdown                 I  use first frame acceleration
2026-01-20 01:52:04.184 27245-27245 DecorView[]             com.example.slowdown                 D  updateDecorCaptionStatus windowMode is 1
2026-01-20 01:52:04.188  2743-7324  WindowManager           system_server                        D  Input focus has changed to Window{204e8d2 u0 com.example.slowdown/com.example.slowdown.MainActivity} display=0 updateInputWindows = false
2026-01-20 01:52:04.189  2743-3297  WindowManager           system_server                        D  Focus not requested for window=Window{204e8d2 u0 com.example.slowdown/com.example.slowdown.MainActivity} because it has no surface or is not focusable.
2026-01-20 01:52:04.190  2743-7324  CoreBackPreview         system_server                        D  Window{204e8d2 u0 com.example.slowdown/com.example.slowdown.MainActivity}: Setting back callback OnBackInvokedCallbackInfo{mCallback=android.window.IOnBackInvokedCallback$Stub$Proxy@e7ceecc, mPriority=0}
2026-01-20 01:52:04.217  2743-3297  WindowManager           system_server                        D  Update InputWindowHandle: 204e8d2 com.example.slowdown/com.example.slowdown.MainActivity, frame=[0,0,0,0], touchableRegion=SkRegion((-100,-666,980,1734)), scaleFactor=1.0, transform=null, windowToken=android.os.BinderProxy@5e2475d, isClone=false, visibal=true, focusable=true, changed=true
2026-01-20 01:52:04.219  2059-5551  SurfaceFlinger          surfaceflinger                       I  sf.setTransactionState focusRequest transactionId:11781095341808 frontWin:204e8d2 com.example.slowdown/com.example.slowdown.MainActivity
2026-01-20 01:52:04.226 27245-27279 Parcel                  com.example.slowdown                 W  Expecting binder but got null!
2026-01-20 01:52:04.226  2743-7324  WindowManager           system_server                        D  finishDrawingLocked: mDrawState=COMMIT_DRAW_PENDING Window{204e8d2 u0 com.example.slowdown/com.example.slowdown.MainActivity} in Surface(name=com.example.slowdown/com.example.slowdown.MainActivity)/@0x1d8c02a
2026-01-20 01:52:04.230  2743-3297  WindowManager           system_server                        I  showSurfaceRobustly mWin:Window{204e8d2 u0 com.example.slowdown/com.example.slowdown.MainActivity}
2026-01-20 01:52:04.232  2743-3297  WindowManager           system_server                        D  Update InputWindowHandle: 204e8d2 com.example.slowdown/com.example.slowdown.MainActivity, frame=[0,0,0,0], touchableRegion=SkRegion((-100,-666,980,1734)), scaleFactor=1.0, transform=null, windowToken=android.os.BinderProxy@5e2475d, isClone=false, visibal=true, focusable=true, changed=true
2026-01-20 01:52:04.238 27245-27245 Choreographer           com.example.slowdown                 I  first vsync insert message into MessageQueue Head
2026-01-20 01:52:04.239 27245-27245 DecorView[]             com.example.slowdown                 D  onWindowFocusChanged hasWindowFocus false
2026-01-20 01:52:04.253 27245-27245 DecorView[]             com.example.slowdown                 D  onWindowFocusChanged hasWindowFocus true
2026-01-20 01:52:04.253 27245-27245 HandWritingStubImpl     com.example.slowdown                 I  refreshLastKeyboardType: 1
2026-01-20 01:52:04.253 27245-27245 HandWritingStubImpl     com.example.slowdown                 I  getCurrentKeyboardType: 1
2026-01-20 01:52:04.255 10211-10211 SogouIME                com.sohu.inputmethod.sogou.xiaomi    D  SogouIME onFinishInput: com.example.slowdown 145525417
2026-01-20 01:52:04.256 10211-10211 SogouIME                com.sohu.inputmethod.sogou.xiaomi    D  SogouIME onStartInput: com.example.slowdown 251437007
2026-01-20 01:52:04.256 10211-10211 BaseInputMethodService  com.sohu.inputmethod.sogou.xiaomi    E  onStartInput app:com.example.slowdown restarting:false
2026-01-20 01:52:04.354 27245-27245 SlowDown                com.example.slowdown                 D  [Service] onAccessibilityEvent: type=32, pkg=com.example.slowdown
2026-01-20 01:52:04.462  2743-3297  WindowManager           system_server                        D  Update InputWindowHandle: 204e8d2 com.example.slowdown/com.example.slowdown.MainActivity, frame=[0,0,0,0], touchableRegion=SkRegion((-100,-666,980,1734)), scaleFactor=1.0, transform=null, windowToken=android.os.BinderProxy@5e2475d, isClone=false, visibal=true, focusable=true, changed=true
2026-01-20 01:52:05.051  2743-4157  MIUIInput               system_server                        D  [MotionEvent] publisher action=0x0, 17573881, channel '204e8d2 com.example.slowdown/com.example.slowdown.MainActivity (server)'
2026-01-20 01:52:05.109  2743-4157  MIUIInput               system_server                        D  [MotionEvent] publisher action=0x1, 17573940, channel '204e8d2 com.example.slowdown/com.example.slowdown.MainActivity (server)'
2026-01-20 01:52:05.111 27245-27245 AppDetailViewModel      com.example.slowdown                 D  [updateRestrictionMode] Called with: isEnabled=true, limitMode=soft, dailyLimitMinutes=null
2026-01-20 01:52:05.111 27245-27245 AppDetailViewModel      com.example.slowdown                 D  [updateRestrictionMode] Updating existing app: com.bilibili.app.in
2026-01-20 01:52:05.116  2743-3153  CoreBackPreview         system_server                        D  Window{204e8d2 u0 com.example.slowdown/com.example.slowdown.MainActivity}: Setting back callback null
2026-01-20 01:52:05.120 27245-27279 OpenGLRenderer          com.example.slowdown                 D  endAllActiveAnimators on 0xb400007d50ad7b00 (UnprojectedRipple) with handle 0xb400007de70e3060
2026-01-20 01:52:05.121  2743-3153  InputManager-JNI        system_server                        W  Input channel object '204e8d2 com.example.slowdown/com.example.slowdown.MainActivity (client)' was disposed without first being removed with the input manager!
2026-01-20 01:52:05.124  2743-3153  WindowManager           system_server                        D  Input focus has changed to Window{e7091a4 u0 com.example.slowdown/com.example.slowdown.MainActivity} display=0 updateInputWindows = false
2026-01-20 01:52:05.127 27245-27245 AppDetailViewModel      com.example.slowdown                 D  [updateRestrictionMode] Update completed: com.bilibili.app.in, isEnabled=true, limitMode=soft, dailyLimitMinutes=null
2026-01-20 01:52:05.133  2059-5551  SurfaceFlinger          surfaceflinger                       I  sf.setTransactionState focusRequest transactionId:11781095341855 frontWin:e7091a4 com.example.slowdown/com.example.slowdown.MainActivity
2026-01-20 01:52:05.142 27245-27245 DecorView[]             com.example.slowdown                 D  onWindowFocusChanged hasWindowFocus true
2026-01-20 01:52:05.143 27245-27245 HandWritingStubImpl     com.example.slowdown                 I  refreshLastKeyboardType: 1
2026-01-20 01:52:05.143 27245-27245 HandWritingStubImpl     com.example.slowdown                 I  getCurrentKeyboardType: 1
2026-01-20 01:52:05.144 10211-10211 SogouIME                com.sohu.inputmethod.sogou.xiaomi    D  SogouIME onFinishInput: com.example.slowdown 251437007
2026-01-20 01:52:05.145 10211-10211 SogouIME                com.sohu.inputmethod.sogou.xiaomi    D  SogouIME onStartInput: com.example.slowdown 10102885
2026-01-20 01:52:05.145 10211-10211 BaseInputMethodService  com.sohu.inputmethod.sogou.xiaomi    E  onStartInput app:com.example.slowdown restarting:false
2026-01-20 01:52:05.546  2743-4157  MIUIInput               system_server                        D  [MotionEvent] publisher action=0x0, 17574377, channel 'e7091a4 com.example.slowdown/com.example.slowdown.MainActivity (server)'
2026-01-20 01:52:05.715 27245-27245 SlowDown                com.example.slowdown                 D  [Service] onAccessibilityEvent: type=32, pkg=com.example.slowdown
2026-01-20 01:52:05.720  2743-4157  MIUIInput               system_server                        D  [MotionEvent] publisher action=0x1, 17574552, channel 'e7091a4 com.example.slowdown/com.example.slowdown.MainActivity (server)'
2026-01-20 01:52:05.834 27245-27245 Compatibil...geReporter com.example.slowdown                 D  Compat change id reported: 171228096; UID 10241; state: ENABLED
2026-01-20 01:52:07.125  9354-9774  DisplayFrameSetting     com.miui.powerkeeper                 I  setScreenEffect pkg=com.example.slowdown fps=120 cookie=244
2026-01-20 01:52:07.125  5328-5328  RecentsModel            com.miui.home                        D  logTasks: type_all, [TaskInfo{userId=0 taskId=4140 displayId=0 isRunning=true baseIntent=Intent { act=android.intent.action.MAIN cat=[android.intent.category.LAUNCHER] flg=0x10000000 cmp=com.example.slowdown/.MainActivity } baseActivity=ComponentInfo{com.example.slowdown/com.example.slowdown.MainActivity} topActivity=ComponentInfo{com.example.slowdown/com.example.slowdown.MainActivity} origActivity=null realActivity=ComponentInfo{com.example.slowdown/com.example.slowdown.MainActivity} numActivities=1 lastActiveTime=33915586 supportsSplitScreenMultiWindow=true supportsMultiWindow=true resizeMode=1 isResizeable=true minWidth=-1 minHeight=-1 defaultMinSize=200 token=WCT{android.window.IWindowContainerToken$Stub$Proxy@b814dae} topActivityType=1 pictureInPictureParams=null shouldDockBigOverlays=false launchIntoPipHostTaskId=0 displayCutoutSafeInsets=null topActivityInfo=ActivityInfo{e4d474f com.example.slowdown.MainActivity} launchCookies=[] positionInParent=Point(0, 0) parentTaskId=-1 isFocused=true isVisible=true isSleeping=false topActivityInSizeCompat=false topActivityInMiuiSizeCompat=false topActivityEligibleForLetterboxEducation= false locusId=null displayAreaFeatureId=1 cameraCompatControlState=hidden mIsCastMode=false}, TaskInfo{userId=0 taskId=2 displayId=0 isRunning=true baseIntent=Intent { act=android.intent.action.MAIN cat=[android.intent.category.HOME] flg=0x10800100 cmp=com.miui.home/.launcher.Launcher } baseActivity=ComponentInfo{com.miui.home/com.miui.home.launcher.Launcher} topActivity=ComponentInfo{com.miui.home/com.miui.home.launcher.Launcher} origActivity=null realActivity=ComponentInfo{com.miui.home/com.miui.home.launcher.Launcher} numActivities=1 lastActiveTime=33876792 supportsSplitScreenMultiWindow=true supportsMultiWindow=true resizeMode=2 isResizeable=true minWidth=-1 minHeight=-1 defaultMinSize=200 token=WCT{android.window.IWindowContainerToken$Stub$Proxy@8bb9edc} topActivityType=2 pictureInPictureParams=null shouldDockBigOverlays=false launchIntoPipHostTaskId=0 displayCutoutSafeInsets=Rect(0, 104 - 0, 0) topActivityInfo=ActivityInfo{c71dbe5 com.miui.home.launcher.Launcher} launchCookies=[] positionInParent=Point(0, 0) parentTaskId=-1 isFocused=false isVisible=false isSleeping=false topActivityInSizeCompat=false topActivityInMiuiSizeCompat=false topActivityEligibleForLetterboxEducation= false locusId=null displayAreaFeatureId=1 cameraCompatControlState=hidden mIsCastMode=false}, TaskInfo{userId=0 taskId=4108 displayId=0 isRunning=true baseIntent=Intent { act=android.intent.action.MAIN cat=[android.intent.category.LAUNCHER] flg=0x10200000 cmp=com.bilibili.app.in/tv.danmaku.bili.MainActivityV2 } baseActivity=ComponentInfo{com.bilibili.app.in/tv.danmaku.bili.MainActivityV2} topActivity=ComponentInfo{com.bilibili.app.in/tv.danmaku.bili.MainActivityV2} origActivity=null realActivity=ComponentInfo{com.bilibili.app.in/tv.danmaku.bili.MainActivityV2} numActivities=1 lastActiveTime=33465997 supportsSplitScreenMultiWindow=true supportsMultiWindow=true resizeMode=1 isResizeable=true minWidth=-1 minHeight=-1 defaultMinSize=200 token=WCT{android.window.IWindowContainerToken$Stub$Proxy@59896ba} topActivityType=1 pictureInPictureParams=null shouldDockBigOverlays=false launchIntoPipHostTaskId=0 displayCutoutSafeInsets=Rect(0, 104 - 0, 0) topActivityInfo=ActivityInfo{dc1096b tv.danmaku.bili.MainActivityV2} launchCookies=[] positionInParent=Point(0, 0) parentTaskId=-1 isFocused=false isVisible=false isSleeping=false topActivityInSizeCompat=false topActivityInMiuiSizeCompat=false topActivityEligibleForLetterboxEducation= false locusId=null displayAreaFeatureId=1 cameraCompatControlState=hidden mIsCastMode=false}, TaskInfo{userId=0 taskId=4113 displayId=0 isRunning=true baseIntent=Intent { act=android.intent.action.MAIN cat=[android.intent.category.LAUNCHER] flg=0x10200000 cmp=com.android.chrome/com.google.android.apps.chrome.Main } baseActivity=ComponentInfo{com.android.chrome/com.google.android.apps.chrome.Main} topActivity=ComponentInfo{com.android.chrome/org.chromium.chrom
