2026-01-20 01:52:21.333  2743-4157  MIUIInput               system_server                        D  [MotionEvent] publisher action=0x1, 17590165, channel 'e7091a4 com.example.slowdown/com.example.slowdown.MainActivity (server)'
2026-01-20 01:52:21.342 27245-27245 IS_CTS_MODE             com.example.slowdown                 D  false
2026-01-20 01:52:21.342 27245-27245 MULTI_WINDOW_ENABLED    com.example.slowdown                 D  false
2026-01-20 01:52:21.349 27245-27245 OnBackInvokedCallback   com.example.slowdown                 W  OnBackInvokedCallback is not enabled for the application.
                                                                                                    Set 'android:enableOnBackInvokedCallback="true"' in the application manifest.
2026-01-20 01:52:21.351 27245-27245 ViewRootImpl            com.example.slowdown                 I  use first frame acceleration
2026-01-20 01:52:21.351 27245-27245 DecorView[]             com.example.slowdown                 D  updateDecorCaptionStatus windowMode is 1
2026-01-20 01:52:21.354  2743-7512  WindowManager           system_server                        D  Input focus has changed to Window{e664b34 u0 com.example.slowdown/com.example.slowdown.MainActivity} display=0 updateInputWindows = false
2026-01-20 01:52:21.356  2743-3297  WindowManager           system_server                        D  Focus not requested for window=Window{e664b34 u0 com.example.slowdown/com.example.slowdown.MainActivity} because it has no surface or is not focusable.
2026-01-20 01:52:21.356  2743-7513  CoreBackPreview         system_server                        D  Window{e664b34 u0 com.example.slowdown/com.example.slowdown.MainActivity}: Setting back callback OnBackInvokedCallbackInfo{mCallback=android.window.IOnBackInvokedCallback$Stub$Proxy@3dcee1e, mPriority=0}
2026-01-20 01:52:21.375  2743-3297  WindowManager           system_server                        D  Update InputWindowHandle: e664b34 com.example.slowdown/com.example.slowdown.MainActivity, frame=[0,0,0,0], touchableRegion=SkRegion((-100,-666,980,1734)), scaleFactor=1.0, transform=null, windowToken=android.os.BinderProxy@2700e07, isClone=false, visibal=true, focusable=true, changed=true
2026-01-20 01:52:21.378  2059-2475  SurfaceFlinger          surfaceflinger                       I  sf.setTransactionState focusRequest transactionId:11781095342083 frontWin:e664b34 com.example.slowdown/com.example.slowdown.MainActivity
2026-01-20 01:52:21.384 27245-27279 Parcel                  com.example.slowdown                 W  Expecting binder but got null!
2026-01-20 01:52:21.385  2743-3153  WindowManager           system_server                        D  finishDrawingLocked: mDrawState=COMMIT_DRAW_PENDING Window{e664b34 u0 com.example.slowdown/com.example.slowdown.MainActivity} in Surface(name=com.example.slowdown/com.example.slowdown.MainActivity)/@0xbb3cccc
2026-01-20 01:52:21.388  2743-3297  WindowManager           system_server                        I  showSurfaceRobustly mWin:Window{e664b34 u0 com.example.slowdown/com.example.slowdown.MainActivity}
2026-01-20 01:52:21.390  2743-3297  WindowManager           system_server                        D  Update InputWindowHandle: e664b34 com.example.slowdown/com.example.slowdown.MainActivity, frame=[0,0,0,0], touchableRegion=SkRegion((-100,-666,980,1734)), scaleFactor=1.0, transform=null, windowToken=android.os.BinderProxy@2700e07, isClone=false, visibal=true, focusable=true, changed=true
2026-01-20 01:52:21.396 27245-27245 DecorView[]             com.example.slowdown                 D  onWindowFocusChanged hasWindowFocus false
2026-01-20 01:52:21.398 27245-27245 Choreographer           com.example.slowdown                 I  first vsync insert message into MessageQueue Head
2026-01-20 01:52:21.413 27245-27245 DecorView[]             com.example.slowdown                 D  onWindowFocusChanged hasWindowFocus true
2026-01-20 01:52:21.413 27245-27245 HandWritingStubImpl     com.example.slowdown                 I  refreshLastKeyboardType: 1
2026-01-20 01:52:21.413 27245-27245 HandWritingStubImpl     com.example.slowdown                 I  getCurrentKeyboardType: 1
2026-01-20 01:52:21.415 10211-10211 SogouIME                com.sohu.inputmethod.sogou.xiaomi    D  SogouIME onFinishInput: com.example.slowdown 100389728
2026-01-20 01:52:21.416 10211-10211 SogouIME                com.sohu.inputmethod.sogou.xiaomi    D  SogouIME onStartInput: com.example.slowdown 135104734
2026-01-20 01:52:21.416 10211-10211 BaseInputMethodService  com.sohu.inputmethod.sogou.xiaomi    E  onStartInput app:com.example.slowdown restarting:false
2026-01-20 01:52:21.514 27245-27245 SlowDown                com.example.slowdown                 D  [Service] onAccessibilityEvent: type=32, pkg=com.example.slowdown
2026-01-20 01:52:21.619  2743-3297  WindowManager           system_server                        D  Update InputWindowHandle: e664b34 com.example.slowdown/com.example.slowdown.MainActivity, frame=[0,0,0,0], touchableRegion=SkRegion((-100,-666,980,1734)), scaleFactor=1.0, transform=null, windowToken=android.os.BinderProxy@2700e07, isClone=false, visibal=true, focusable=true, changed=true
2026-01-20 01:52:21.754  7839-9264  AppPredictService       com.miui.securitycenter.remote       D  start doPredict com.example.slowdown
2026-01-20 01:52:25.130  2743-4157  MIUIInput               system_server                        D  [MotionEvent] publisher action=0x0, 17593961, channel 'e664b34 com.example.slowdown/com.example.slowdown.MainActivity (server)'
2026-01-20 01:52:25.258  2743-4157  MIUIInput               system_server                        D  [MotionEvent] publisher action=0x1, 17594089, channel 'e664b34 com.example.slowdown/com.example.slowdown.MainActivity (server)'
2026-01-20 01:52:25.265  2743-7512  CoreBackPreview         system_server                        D  Window{e664b34 u0 com.example.slowdown/com.example.slowdown.MainActivity}: Setting back callback null
2026-01-20 01:52:25.269 27245-27279 OpenGLRenderer          com.example.slowdown                 D  endAllActiveAnimators on 0xb400007d5847a900 (UnprojectedRipple) with handle 0xb400007ddfa48dc0
2026-01-20 01:52:25.270  2743-5388  InputManager-JNI        system_server                        W  Input channel object 'e664b34 com.example.slowdown/com.example.slowdown.MainActivity (client)' was disposed without first being removed with the input manager!
2026-01-20 01:52:25.273  2743-5388  WindowManager           system_server                        D  Input focus has changed to Window{e7091a4 u0 com.example.slowdown/com.example.slowdown.MainActivity} display=0 updateInputWindows = false
2026-01-20 01:52:25.277  2059-5532  SurfaceFlinger          surfaceflinger                       I  sf.setTransactionState focusRequest transactionId:11781095342128 frontWin:e7091a4 com.example.slowdown/com.example.slowdown.MainActivity
2026-01-20 01:52:25.286 27245-27245 DecorView[]             com.example.slowdown                 D  onWindowFocusChanged hasWindowFocus true
2026-01-20 01:52:25.286 27245-27245 HandWritingStubImpl     com.example.slowdown                 I  refreshLastKeyboardType: 1
2026-01-20 01:52:25.286 27245-27245 HandWritingStubImpl     com.example.slowdown                 I  getCurrentKeyboardType: 1
2026-01-20 01:52:25.287 10211-10211 SogouIME                com.sohu.inputmethod.sogou.xiaomi    D  SogouIME onFinishInput: com.example.slowdown 135104734
2026-01-20 01:52:25.288 10211-10211 SogouIME                com.sohu.inputmethod.sogou.xiaomi    D  SogouIME onStartInput: com.example.slowdown 238732684
2026-01-20 01:52:25.288 10211-10211 BaseInputMethodService  com.sohu.inputmethod.sogou.xiaomi    E  onStartInput app:com.example.slowdown restarting:false
2026-01-20 01:52:27.134  2743-4157  MIUIInput               system_server                        D  [MotionEvent] publisher action=0x0, 17595965, channel 'e7091a4 com.example.slowdown/com.example.slowdown.MainActivity (server)'
2026-01-20 01:52:27.236  2743-4157  MIUIInput               system_server                        D  [MotionEvent] publisher action=0x1, 17596068, channel 'e7091a4 com.example.slowdown/com.example.slowdown.MainActivity (server)'
2026-01-20 01:52:27.248 27245-27245 SlowDown                com.example.slowdown                 D  [Service] onAccessibilityEvent: type=32, pkg=com.example.slowdown
2026-01-20 01:52:30.567  2743-4157  MIUIInput               system_server                        D  [MotionEvent] publisher action=0x0, 17599398, channel 'e7091a4 com.example.slowdown/com.example.slowdown.MainActivity (server)'
2026-01-20 01:52:30.652  2743-4157  MIUIInput               system_server                        D  [MotionEvent] publisher action=0x1, 17599483, channel 'e7091a4 com.example.slowdown/com.example.slowdown.MainActivity (server)'
2026-01-20 01:52:30.665 27245-27245 IS_CTS_MODE             com.example.slowdown                 D  false
2026-01-20 01:52:30.665 27245-27245 MULTI_WINDOW_ENABLED    com.example.slowdown                 D  false
2026-01-20 01:52:30.672 27245-27245 OnBackInvokedCallback   com.example.slowdown                 W  OnBackInvokedCallback is not enabled for the application.
                                                                                                    Set 'android:enableOnBackInvokedCallback="true"' in the application manifest.
2026-01-20 01:52:30.674 27245-27245 ViewRootImpl            com.example.slowdown                 I  use first frame acceleration
2026-01-20 01:52:30.674 27245-27245 DecorView[]             com.example.slowdown                 D  updateDecorCaptionStatus windowMode is 1
2026-01-20 01:52:30.678  2743-5388  WindowManager           system_server                        D  Input focus has changed to Window{1c4cef9 u0 com.example.slowdown/com.example.slowdown.MainActivity} display=0 updateInputWindows = false
2026-01-20 01:52:30.679  2743-3297  WindowManager           system_server                        D  Focus not requested for window=Window{1c4cef9 u0 com.example.slowdown/com.example.slowdown.MainActivity} because it has no surface or is not focusable.
2026-01-20 01:52:30.679  2743-3153  CoreBackPreview         system_server                        D  Window{1c4cef9 u0 com.example.slowdown/com.example.slowdown.MainActivity}: Setting back callback OnBackInvokedCallbackInfo{mCallback=android.window.IOnBackInvokedCallback$Stub$Proxy@5df0bbb, mPriority=0}
2026-01-20 01:52:30.696  2743-3297  WindowManager           system_server                        D  Update InputWindowHandle: 1c4cef9 com.example.slowdown/com.example.slowdown.MainActivity, frame=[0,0,0,0], touchableRegion=SkRegion((-100,-721,980,1679)), scaleFactor=1.0, transform=null, windowToken=android.os.BinderProxy@90ce1c0, isClone=false, visibal=true, focusable=true, changed=true
2026-01-20 01:52:30.700  2059-5532  SurfaceFlinger          surfaceflinger                       I  sf.setTransactionState focusRequest transactionId:11781095342166 frontWin:1c4cef9 com.example.slowdown/com.example.slowdown.MainActivity
2026-01-20 01:52:30.703 27245-27279 Parcel                  com.example.slowdown                 W  Expecting binder but got null!
2026-01-20 01:52:30.704  2743-3153  WindowManager           system_server                        D  finishDrawingLocked: mDrawState=COMMIT_DRAW_PENDING Window{1c4cef9 u0 com.example.slowdown/com.example.slowdown.MainActivity} in Surface(name=com.example.slowdown/com.example.slowdown.MainActivity)/@0xbbc6431
2026-01-20 01:52:30.708  2743-3297  WindowManager           system_server                        I  showSurfaceRobustly mWin:Window{1c4cef9 u0 com.example.slowdown/com.example.slowdown.MainActivity}
2026-01-20 01:52:30.710  2743-3297  WindowManager           system_server                        D  Update InputWindowHandle: 1c4cef9 com.example.slowdown/com.example.slowdown.MainActivity, frame=[0,0,0,0], touchableRegion=SkRegion((-100,-721,980,1679)), scaleFactor=1.0, transform=null, windowToken=android.os.BinderProxy@90ce1c0, isClone=false, visibal=true, focusable=true, changed=true
2026-01-20 01:52:30.715 27245-27245 Choreographer           com.example.slowdown                 I  first vsync insert message into MessageQueue Head
2026-01-20 01:52:30.716 27245-27245 DecorView[]             com.example.slowdown                 D  onWindowFocusChanged hasWindowFocus false
2026-01-20 01:52:30.726 27245-27245 DecorView[]             com.example.slowdown                 D  onWindowFocusChanged hasWindowFocus true
2026-01-20 01:52:30.726 27245-27245 HandWritingStubImpl     com.example.slowdown                 I  refreshLastKeyboardType: 1
2026-01-20 01:52:30.726 27245-27245 HandWritingStubImpl     com.example.slowdown                 I  getCurrentKeyboardType: 1
2026-01-20 01:52:30.727 10211-10211 SogouIME                com.sohu.inputmethod.sogou.xiaomi    D  SogouIME onFinishInput: com.example.slowdown 238732684
2026-01-20 01:52:30.728 10211-10211 SogouIME                com.sohu.inputmethod.sogou.xiaomi    D  SogouIME onStartInput: com.example.slowdown 258299114
2026-01-20 01:52:30.728 10211-10211 BaseInputMethodService  com.sohu.inputmethod.sogou.xiaomi    E  onStartInput app:com.example.slowdown restarting:false
2026-01-20 01:52:30.822 27245-27245 SlowDown                com.example.slowdown                 D  [Service] onAccessibilityEvent: type=32, pkg=com.example.slowdown
2026-01-20 01:52:30.934  2743-3297  WindowManager           system_server                        D  Update InputWindowHandle: 1c4cef9 com.example.slowdown/com.example.slowdown.MainActivity, frame=[0,0,0,0], touchableRegion=SkRegion((-100,-721,980,1679)), scaleFactor=1.0, transform=null, windowToken=android.os.BinderProxy@90ce1c0, isClone=false, visibal=true, focusable=true, changed=true
2026-01-20 01:52:33.716  2743-4157  MIUIInput               system_server                        D  [MotionEvent] publisher action=0x0, 17602546, channel '1c4cef9 com.example.slowdown/com.example.slowdown.MainActivity (server)'
2026-01-20 01:52:33.818  2743-4157  MIUIInput               system_server                        D  [MotionEvent] publisher action=0x1, 17602649, channel '1c4cef9 com.example.slowdown/com.example.slowdown.MainActivity (server)'
2026-01-20 01:52:35.494  2743-4157  MIUIInput               system_server                        D  [MotionEvent] publisher action=0x0, 17604325, channel '1c4cef9 com.example.slowdown/com.example.slowdown.MainActivity (server)'
2026-01-20 01:52:35.570  2743-4157  MIUIInput               system_server                        D  [MotionEvent] publisher action=0x1, 17604402, channel '1c4cef9 com.example.slowdown/com.example.slowdown.MainActivity (server)'
2026-01-20 01:52:35.597  2743-3297  WindowManager           system_server                        D  Update InputWindowHandle: 1c4cef9 com.example.slowdown/com.example.slowdown.MainActivity, frame=[0,0,0,0], touchableRegion=SkRegion((-100,-622,980,1778)), scaleFactor=1.0, transform=null, windowToken=android.os.BinderProxy@90ce1c0, isClone=false, visibal=true, focusable=true, changed=true
2026-01-20 01:52:36.003  2743-3297  WindowManager           system_server                        D  Update InputWindowHandle: 1c4cef9 com.example.slowdown/com.example.slowdown.MainActivity, frame=[0,0,0,0], touchableRegion=SkRegion((-100,-622,980,1778)), scaleFactor=1.0, transform=null, windowToken=android.os.BinderProxy@90ce1c0, isClone=false, visibal=true, focusable=true, changed=true
2026-01-20 01:52:36.620  2743-4157  MIUIInput               system_server                        D  [MotionEvent] publisher action=0x0, 17605450, channel '1c4cef9 com.example.slowdown/com.example.slowdown.MainActivity (server)'
2026-01-20 01:52:36.712  2743-4157  MIUIInput               system_server                        D  [MotionEvent] publisher action=0x1, 17605543, channel '1c4cef9 com.example.slowdown/com.example.slowdown.MainActivity (server)'
2026-01-20 01:52:36.735 27245-27245 HandWritingStubImpl     com.example.slowdown                 I  refreshLastKeyboardType: 1
2026-01-20 01:52:36.736 27245-27245 HandWritingStubImpl     com.example.slowdown                 I  getCurrentKeyboardType: 1
2026-01-20 01:52:36.738 27245-27245 HandWritingStubImpl     com.example.slowdown                 I  getCurrentKeyboardType: 1
2026-01-20 01:52:36.739 10211-10211 SogouIME                com.sohu.inputmethod.sogou.xiaomi    D  SogouIME onFinishInput: com.example.slowdown 258299114
2026-01-20 01:52:36.739 27245-27245 InsetsController        com.example.slowdown                 D  show(ime(), fromIme=false)
2026-01-20 01:52:36.740 27245-27245 InputMethodManager      com.example.slowdown                 D  showSoftInput() view=androidx.compose.ui.platform.AndroidComposeView{365d41a VFED..... .F....ID 0,0-880,1215 aid=1073741830} flags=0 reason=SHOW_SOFT_INPUT_BY_INSETS_API
2026-01-20 01:52:36.740 10211-10211 SogouIME                com.sohu.inputmethod.sogou.xiaomi    D  SogouIME onStartInput: com.example.slowdown 160738936
2026-01-20 01:52:36.740 10211-10211 BaseInputMethodService  com.sohu.inputmethod.sogou.xiaomi    E  onStartInput app:com.example.slowdown restarting:false
2026-01-20 01:52:36.741 10211-10211 SogouIME                com.sohu.inputmethod.sogou.xiaomi    D  SogouIME onStartInput: com.example.slowdown 172427601
2026-01-20 01:52:36.741 10211-10211 BaseInputMethodService  com.sohu.inputmethod.sogou.xiaomi    E  onStartInput app:com.example.slowdown restarting:true
2026-01-20 01:52:36.741  2059-3210  MI-SF                   surfaceflinger                       D  updateScene: module = 270 (Input), value = 1, pkg = com.example.slowdown, Vrr = 1
2026-01-20 01:52:36.742 10211-10211 SogouIME                com.sohu.inputmethod.sogou.xiaomi    D  SogouIME onShowInputRequested: com.example.slowdown 172427601
2026-01-20 01:52:36.743 10211-10211 SogouIME                com.sohu.inputmethod.sogou.xiaomi    D  SogouIME onStartInputView: attribute:com.example.slowdown 172427601 restarting:false
2026-01-20 01:52:36.743 10211-10211 BaseInputMethodService  com.sohu.inputmethod.sogou.xiaomi    E  onStartInputView  app:com.example.slowdown restarting:false
2026-01-20 01:52:36.744 10211-10211 sg-input                com.sohu.inputmethod.sogou.xiaomi    D  MainImeServiceDel onStartInputView: attribute:com.example.slowdown 172427601 restarting:false
2026-01-20 01:52:36.764 27245-27245 ViewRootImpl            com.example.slowdown                 I  use first frame acceleration
2026-01-20 01:52:36.774 27245-27245 OnBackInvokedCallback   com.example.slowdown                 W  OnBackInvokedCallback is not enabled for the application.
                                                                                                    Set 'android:enableOnBackInvokedCallback="true"' in the application manifest.
2026-01-20 01:52:36.787 27245-27279 Parcel                  com.example.slowdown                 W  Expecting binder but got null!
2026-01-20 01:52:36.787 27245-27245 Choreographer           com.example.slowdown                 I  first vsync insert message into MessageQueue Head
2026-01-20 01:52:36.798 27245-27245 InputMethodManager      com.example.slowdown                 D  showSoftInput() view=androidx.compose.ui.platform.AndroidComposeView{365d41a VFED..... .F...... 0,0-880,1215 aid=1073741830} flags=0 reason=SHOW_SOFT_INPUT
2026-01-20 01:52:36.805  2743-5983  WindowManager           system_server                        I  WMS.showImePostLayout(), imeTarget = Window{1c4cef9 u0 com.example.slowdown/com.example.slowdown.MainActivity}
2026-01-20 01:52:36.817 27245-27245 OnBackInvokedCallback   com.example.slowdown                 W  OnBackInvokedCallback is not enabled for the application.
                                                                                                    Set 'android:enableOnBackInvokedCallback="true"' in the application manifest.
2026-01-20 01:52:36.818 10211-10211 SogouIME                com.sohu.inputmethod.sogou.xiaomi    D  SogouIME onShowInputRequested: com.example.slowdown 172427601
2026-01-20 01:52:36.819  2743-14571 WindowManager           system_server                        I  WMS.showImePostLayout(), imeTarget = Window{1c4cef9 u0 com.example.slowdown/com.example.slowdown.MainActivity}
2026-01-20 01:52:36.826 27245-27245 InsetsController        com.example.slowdown                 D  show(ime(), fromIme=true)
2026-01-20 01:52:36.835  2743-3297  WindowManager           system_server                        D  Update InputWindowHandle: 1c4cef9 com.example.slowdown/com.example.slowdown.MainActivity, frame=[0,0,0,0], touchableRegion=SkRegion((-100,-180,980,2220)), scaleFactor=1.0, transform=null, windowToken=android.os.BinderProxy@90ce1c0, isClone=false, visibal=true, focusable=true, changed=true
2026-01-20 01:52:36.954 27245-27245 SlowDown                com.example.slowdown                 D  [Service] onAccessibilityEvent: type=32, pkg=com.sohu.inputmethod.sogou.xiaomi
2026-01-20 01:52:36.956 27245-27245 SlowDown                com.example.slowdown                 D  [Service] handleAppLaunch: com.sohu.inputmethod.sogou.xiaomi
2026-01-20 01:52:36.964 27245-27245 SlowDown                com.example.slowdown                 D  [Service] com.sohu.inputmethod.sogou.xiaomi not in monitored list, skip
2026-01-20 01:52:37.249  2743-3297  WindowManager           system_server                        D  Update InputWindowHandle: 1c4cef9 com.example.slowdown/com.example.slowdown.MainActivity, frame=[0,0,0,0], touchableRegion=SkRegion((-100,-180,980,2220)), scaleFactor=1.0, transform=null, windowToken=android.os.BinderProxy@90ce1c0, isClone=false, visibal=true, focusable=true, changed=true
2026-01-20 01:52:37.266  2743-5983  PerfShielderService     system_server                        D  com.example.slowdown|com.example.slowdown/com.example.slowdown.MainActivity|98|17605649813075|31|2|4
2026-01-20 01:52:37.266  7551-7595  MiuiPerfServiceClient   com.miui.daemon                      W  interceptAndQueuing:27245|com.example.slowdown|98|31|17605649813075|Slow handle animation|4
2026-01-20 01:52:39.695  2743-4157  MIUIInput               system_server                        D  [MotionEvent] publisher action=0x0, 17608525, channel '1c4cef9 com.example.slowdown/com.example.slowdown.MainActivity (server)'
2026-01-20 01:52:39.767  2743-4157  MIUIInput               system_server                        D  [MotionEvent] publisher action=0x1, 17608599, channel '1c4cef9 com.example.slowdown/com.example.slowdown.MainActivity (server)'
2026-01-20 01:52:39.769 27245-27245 AppDetailViewModel      com.example.slowdown                 D  [updateRestrictionMode] Called with: isEnabled=true, limitMode=strict, dailyLimitMinutes=40
2026-01-20 01:52:39.769 27245-27245 AppDetailViewModel      com.example.slowdown                 D  [updateRestrictionMode] Updating existing app: com.bilibili.app.in
2026-01-20 01:52:39.773  2743-7324  CoreBackPreview         system_server                        D  Window{1c4cef9 u0 com.example.slowdown/com.example.slowdown.MainActivity}: Setting back callback null
2026-01-20 01:52:39.780 27245-27279 OpenGLRenderer          com.example.slowdown                 D  endAllActiveAnimators on 0xb400007d50a79700 (UnprojectedRipple) with handle 0xb400007de6ecffc0
2026-01-20 01:52:39.780  2743-7324  InputManager-JNI        system_server                        W  Input channel object '1c4cef9 com.example.slowdown/com.example.slowdown.MainActivity (client)' was disposed without first being removed with the input manager!
2026-01-20 01:52:39.788  2743-7324  WindowManager           system_server                        D  Input focus has changed to Window{e7091a4 u0 com.example.slowdown/com.example.slowdown.MainActivity} display=0 updateInputWindows = false
2026-01-20 01:52:39.794 27245-27245 AppDetailViewModel      com.example.slowdown                 D  [updateRestrictionMode] Update completed: com.bilibili.app.in, isEnabled=true, limitMode=strict, dailyLimitMinutes=40
2026-01-20 01:52:39.797  2059-3210  SurfaceFlinger          surfaceflinger                       I  sf.setTransactionState focusRequest transactionId:11781095342440 frontWin:e7091a4 com.example.slowdown/com.example.slowdown.MainActivity
2026-01-20 01:52:39.819 27245-27245 DecorView[]             com.example.slowdown                 D  onWindowFocusChanged hasWindowFocus true
2026-01-20 01:52:39.820 27245-27245 HandWritingStubImpl     com.example.slowdown                 I  refreshLastKeyboardType: 1
2026-01-20 01:52:39.820 27245-27245 HandWritingStubImpl     com.example.slowdown                 I  getCurrentKeyboardType: 1
2026-01-20 01:52:39.821  2059-5551  MI-SF                   surfaceflinger                       D  updateScene: module = 270 (Input), value = 0, pkg = com.example.slowdown, Vrr = 1
2026-01-20 01:52:39.825 10211-10211 SogouIME                com.sohu.inputmethod.sogou.xiaomi    D  SogouIME onFinishInput: com.example.slowdown 172427601
2026-01-20 01:52:39.825 10211-10211 SogouIME                com.sohu.inputmethod.sogou.xiaomi    D  SogouIME onStartInput: com.example.slowdown 139152580
2026-01-20 01:52:39.825 10211-10211 BaseInputMethodService  com.sohu.inputmethod.sogou.xiaomi    E  onStartInput app:com.example.slowdown restarting:false
2026-01-20 01:52:39.830 27245-27245 ImeBackDispatcher       com.example.slowdown                 E  Ime callback not found. Ignoring unregisterReceivedCallback. callbackId: 97763984
2026-01-20 01:52:39.935 27245-27245 SlowDown                com.example.slowdown                 D  [Service] onAccessibilityEvent: type=32, pkg=com.example.slowdown
2026-01-20 01:52:39.935 27245-27245 SlowDown                com.example.slowdown                 D  [Service] User switched to SlowDown, clearing foreground tracking (was: com.sohu.inputmethod.sogou.xiaomi)
2026-01-20 01:52:40.836  9354-9774  DisplayFrameSetting     com.miui.powerkeeper                 I  setScreenEffect pkg=com.example.slowdown fps=120 cookie=244
2026-01-20 01:52:40.836  5328-5328  RecentsModel            com.miui.home                        D  logTasks: type_all, [TaskInfo{userId=0 taskId=4140 displayId=0 isRunning=true baseIntent=Intent { act=android.intent.action.MAIN cat=[android.intent.category.LAUNCHER] flg=0x10000000 cmp=com.example.slowdown/.MainActivity } baseActivity=ComponentInfo{com.example.slowdown/com.example.slowdown.MainActivity} topActivity=ComponentInfo{com.example.slowdown/com.example.slowdown.MainActivity} origActivity=null realActivity=ComponentInfo{com.example.slowdown/com.example.slowdown.MainActivity} numActivities=1 lastActiveTime=33949296 supportsSplitScreenMultiWindow=true supportsMultiWindow=true resizeMode=1 isResizeable=true minWidth=-1 minHeight=-1 defaultMinSize=200 token=WCT{android.window.IWindowContainerToken$Stub$Proxy@6b833b9} topActivityType=1 pictureInPictureParams=null shouldDockBigOverlays=false launchIntoPipHostTaskId=0 displayCutoutSafeInsets=null topActivityInfo=ActivityInfo{64693fe com.example.slowdown.MainActivity} launchCookies=[] positionInParent=Point(0, 0) parentTaskId=-1 isFocused=true isVisible=true isSleeping=false topActivityInSizeCompat=false topActivityInMiuiSizeCompat=false topActivityEligibleForLetterboxEducation= false locusId=null displayAreaFeatureId=1 cameraCompatControlState=hidden mIsCastMode=false}, TaskInfo{userId=0 taskId=2 displayId=0 isRunning=true baseIntent=Intent { act=android.intent.action.MAIN cat=[android.intent.category.HOME] flg=0x10800100 cmp=com.miui.home/.launcher.Launcher } baseActivity=ComponentInfo{com.miui.home/com.miui.home.launcher.Launcher} topActivity=ComponentInfo{com.miui.home/com.miui.home.launcher.Launcher} origActivity=null realActivity=ComponentInfo{com.miui.home/com.miui.home.launcher.Launcher} numActivities=1 lastActiveTime=33927185 supportsSplitScreenMultiWindow=true supportsMultiWindow=true resizeMode=2 isResizeable=true minWidth=-1 minHeight=-1 defaultMinSize=200 token=WCT{android.window.IWindowContainerToken$Stub$Proxy@198975f} topActivityType=2 pictureInPictureParams=null shouldDockBigOverlays=false launchIntoPipHostTaskId=0 displayCutoutSafeInsets=Rect(0, 104 - 0, 0) topActivityInfo=ActivityInfo{e9195ac com.miui.home.launcher.Launcher} launchCookies=[] positionInParent=Point(0, 0) parentTaskId=-1 isFocused=false isVisible=false isSleeping=false topActivityInSizeCompat=false topActivityInMiuiSizeCompat=false topActivityEligibleForLetterboxEducation= false locusId=null displayAreaFeatureId=1 cameraCompatControlState=hidden mIsCastMode=false}, TaskInfo{userId=0 taskId=4108 displayId=0 isRunning=true baseIntent=Intent { act=android.intent.action.MAIN cat=[android.intent.category.LAUNCHER] flg=0x10200000 cmp=com.bilibili.app.in/tv.danmaku.bili.MainActivityV2 } baseActivity=ComponentInfo{com.bilibili.app.in/tv.danmaku.bili.MainActivityV2} topActivity=ComponentInfo{com.bilibili.app.in/tv.danmaku.bili.MainActivityV2} origActivity=null realActivity=ComponentInfo{com.bilibili.app.in/tv.danmaku.bili.MainActivityV2} numActivities=1 lastActiveTime=33927131 supportsSplitScreenMultiWindow=true supportsMultiWindow=true resizeMode=1 isResizeable=true minWidth=-1 minHeight=-1 defaultMinSize=200 token=WCT{android.window.IWindowContainerToken$Stub$Proxy@e9f5275} topActivityType=1 pictureInPictureParams=null shouldDockBigOverlays=false launchIntoPipHostTaskId=0 displayCutoutSafeInsets=Rect(0, 104 - 0, 0) topActivityInfo=ActivityInfo{73f20a tv.danmaku.bili.MainActivityV2} launchCookies=[] positionInParent=Point(0, 0) parentTaskId=-1 isFocused=false isVisible=false isSleeping=false topActivityInSizeCompat=false topActivityInMiuiSizeCompat=false topActivityEligibleForLetterboxEducation= false locusId=null displayAreaFeatureId=1 cameraCompatControlState=hidden mIsCastMode=false}, TaskInfo{userId=0 taskId=4113 displayId=0 isRunning=true baseIntent=Intent { act=android.intent.action.MAIN cat=[android.intent.category.LAUNCHER] flg=0x10200000 cmp=com.android.chrome/com.google.android.apps.chrome.Main } baseActivity=ComponentInfo{com.android.chrome/com.google.android.apps.chrome.Main} topActivity=ComponentInfo{com.android.chrome/org.chromium.chrome
2026-01-20 01:52:40.837  5328-5328  RecentsModel            com.miui.home                        D  logTasks: type_ignore_split_and_freefrom, [TaskInfo{userId=0 taskId=4140 displayId=0 isRunning=true baseIntent=Intent { act=android.intent.action.MAIN cat=[android.intent.category.LAUNCHER] flg=0x10000000 cmp=com.example.slowdown/.MainActivity } baseActivity=ComponentInfo{com.example.slowdown/com.example.slowdown.MainActivity} topActivity=ComponentInfo{com.example.slowdown/com.example.slowdown.MainActivity} origActivity=null realActivity=ComponentInfo{com.example.slowdown/com.example.slowdown.MainActivity} numActivities=1 lastActiveTime=33949296 supportsSplitScreenMultiWindow=true supportsMultiWindow=true resizeMode=1 isResizeable=true minWidth=-1 minHeight=-1 defaultMinSize=200 token=WCT{android.window.IWindowContainerToken$Stub$Proxy@6b833b9} topActivityType=1 pictureInPictureParams=null shouldDockBigOverlays=false launchIntoPipHostTaskId=0 displayCutoutSafeInsets=null topActivityInfo=ActivityInfo{64693fe com.example.slowdown.MainActivity} launchCookies=[] positionInParent=Point(0, 0) parentTaskId=-1 isFocused=true isVisible=true isSleeping=false topActivityInSizeCompat=false topActivityInMiuiSizeCompat=false topActivityEligibleForLetterboxEducation= false locusId=null displayAreaFeatureId=1 cameraCompatControlState=hidden mIsCastMode=false}, TaskInfo{userId=0 taskId=2 displayId=0 isRunning=true baseIntent=Intent { act=android.intent.action.MAIN cat=[android.intent.category.HOME] flg=0x10800100 cmp=com.miui.home/.launcher.Launcher } baseActivity=ComponentInfo{com.miui.home/com.miui.home.launcher.Launcher} topActivity=ComponentInfo{com.miui.home/com.miui.home.launcher.Launcher} origActivity=null realActivity=ComponentInfo{com.miui.home/com.miui.home.launcher.Launcher} numActivities=1 lastActiveTime=33927185 supportsSplitScreenMultiWindow=true supportsMultiWindow=true resizeMode=2 isResizeable=true minWidth=-1 minHeight=-1 defaultMinSize=200 token=WCT{android.window.IWindowContainerToken$Stub$Proxy@198975f} topActivityType=2 pictureInPictureParams=null shouldDockBigOverlays=false launchIntoPipHostTaskId=0 displayCutoutSafeInsets=Rect(0, 104 - 0, 0) topActivityInfo=ActivityInfo{e9195ac com.miui.home.launcher.Launcher} launchCookies=[] positionInParent=Point(0, 0) parentTaskId=-1 isFocused=false isVisible=false isSleeping=false topActivityInSizeCompat=false topActivityInMiuiSizeCompat=false topActivityEligibleForLetterboxEducation= false locusId=null displayAreaFeatureId=1 cameraCompatControlState=hidden mIsCastMode=false}, TaskInfo{userId=0 taskId=4108 displayId=0 isRunning=true baseIntent=Intent { act=android.intent.action.MAIN cat=[android.intent.category.LAUNCHER] flg=0x10200000 cmp=com.bilibili.app.in/tv.danmaku.bili.MainActivityV2 } baseActivity=ComponentInfo{com.bilibili.app.in/tv.danmaku.bili.MainActivityV2} topActivity=ComponentInfo{com.bilibili.app.in/tv.danmaku.bili.MainActivityV2} origActivity=null realActivity=ComponentInfo{com.bilibili.app.in/tv.danmaku.bili.MainActivityV2} numActivities=1 lastActiveTime=33927131 supportsSplitScreenMultiWindow=true supportsMultiWindow=true resizeMode=1 isResizeable=true minWidth=-1 minHeight=-1 defaultMinSize=200 token=WCT{android.window.IWindowContainerToken$Stub$Proxy@e9f5275} topActivityType=1 pictureInPictureParams=null shouldDockBigOverlays=false launchIntoPipHostTaskId=0 displayCutoutSafeInsets=Rect(0, 104 - 0, 0) topActivityInfo=ActivityInfo{73f20a tv.danmaku.bili.MainActivityV2} launchCookies=[] positionInParent=Point(0, 0) parentTaskId=-1 isFocused=false isVisible=false isSleeping=false topActivityInSizeCompat=false topActivityInMiuiSizeCompat=false topActivityEligibleForLetterboxEducation= false locusId=null displayAreaFeatureId=1 cameraCompatControlState=hidden mIsCastMode=false}, TaskInfo{userId=0 taskId=4113 displayId=0 isRunning=true baseIntent=Intent { act=android.intent.action.MAIN cat=[android.intent.category.LAUNCHER] flg=0x10200000 cmp=com.android.chrome/com.google.android.apps.chrome.Main } baseActivity=ComponentInfo{com.android.chrome/com.google.android.apps.chrome.Main} topActivity=ComponentInfo{com.android.chro
2026-01-20 01:52:40.837  5328-5328  NavStubView             com.miui.home                        D  isAppHandleGesture, runningTaskClassName=com.example.slowdown.MainActivity, isAppHandleGesture=false
2026-01-20 01:52:40.845  5328-29710 RemoteAnim...nTargetSet com.miui.home                        D  0, RemoteAnimationTargetCompat{taskId=4140, mode=1, isTranslucent=false, clipRect=Rect(0, 0 - 0, 0), position=Point(0, 0), sourceContainerBounds=Rect(0, 0 - 1080, 2400), prefixOrderIndex=37, isNotInRecents=false, contentInsets=Rect(0, 104 - 0, 44), activityType=1, packageName=com.example.slowdown}
2026-01-20 01:52:40.845  2743-3297  WindowManager           system_server                        D  Update InputWindowHandle: e7091a4 com.example.slowdown/com.example.slowdown.MainActivity, frame=[0,0,0,0], touchableRegion=SkRegion((0,0,1080,2400)), scaleFactor=1.0, transform=null, windowToken=android.os.BinderProxy@c16a837, isClone=false, visibal=true, focusable=true, changed=true
2026-01-20 01:52:40.871 26362-26525 VA_ActivityUtils        com.miui.voiceassist                 D  getTopActivity packageName:ComponentInfo{com.example.slowdown/com.example.slowdown.MainActivity}
2026-01-20 01:52:40.871 26362-26525 VA_AppStateWatcher      com.miui.voiceassist                 D  currentPkgName:com.example.slowdown, className:com.example.slowdown.MainActivity, lastPkgName:com.example.slowdown
2026-01-20 01:52:40.980 27245-27245 SlowDown                com.example.slowdown                 D  [Service] onAccessibilityEvent: type=32, pkg=com.miui.home
2026-01-20 01:52:40.989  5328-5328  TaskView                com.miui.home                        D  TaskView bind task, task=[TaskKey{id=4140, stackId=0, baseIntent=Intent { act=android.intent.action.MAIN cat=[android.intent.category.LAUNCHER] flg=0x10000000 cmp=com.example.slowdown/.MainActivity }, userId=0, lastActiveTime=33927193, windowingMode=1, isThumbnailBlur=false, isScreening=false, topActivity=ComponentInfo{com.example.slowdown/com.example.slowdown.MainActivity}, mHashCode=124258292}, title=SlowDown, titleDescription=SlowDown, bounds=null, isLaunchTarget=true, isStackTask=true, isSystemApp=false, isDockable=true, baseActivity=ComponentInfo{com.example.slowdown/com.example.slowdown.MainActivity}, isLocked=true, isAccessLocked=false, mNeedHide=false] , isLock=true
2026-01-20 01:52:40.989  5328-5328  TaskViewThumbnail       com.miui.home                        D  updateThumbnailScale, t=[TaskKey{id=4140, stackId=0, baseIntent=Intent { act=android.intent.action.MAIN cat=[android.intent.category.LAUNCHER] flg=0x10000000 cmp=com.example.slowdown/.MainActivity }, userId=0, lastActiveTime=33927193, windowingMode=1, isThumbnailBlur=false, isScreening=false, topActivity=ComponentInfo{com.example.slowdown/com.example.slowdown.MainActivity}, mHashCode=124258292}, title=SlowDown, titleDescription=SlowDown, bounds=null, isLaunchTarget=true, isStackTask=true, isSystemApp=false, isDockable=true, baseActivity=ComponentInfo{com.example.slowdown/com.example.slowdown.MainActivity}, isLocked=true, isAccessLocked=false, mNeedHide=false] , mThumbnailBitmapSizeAfterScaled=(469, 1023)
2026-01-20 01:52:40.989  5328-5328  TaskView                com.miui.home                        D  TaskView bind task, task=[TaskKey{id=4140, stackId=0, baseIntent=Intent { act=android.intent.action.MAIN cat=[android.intent.category.LAUNCHER] flg=0x10000000 cmp=com.example.slowdown/.MainActivity }, userId=0, lastActiveTime=33927193, windowingMode=1, isThumbnailBlur=false, isScreening=false, topActivity=ComponentInfo{com.example.slowdown/com.example.slowdown.MainActivity}, mHashCode=124258292}, title=SlowDown, titleDescription=SlowDown, bounds=null, isLaunchTarget=true, isStackTask=true, isSystemApp=false, isDockable=true, baseActivity=ComponentInfo{com.example.slowdown/com.example.slowdown.MainActivity}, isLocked=true, isAccessLocked=false, mNeedHide=false] , isLock=true
2026-01-20 01:52:40.989  5328-5328  TaskViewThumbnail       com.miui.home                        D  updateThumbnailScale, t=[TaskKey{id=4140, stackId=0, baseIntent=Intent { act=android.intent.action.MAIN cat=[android.intent.category.LAUNCHER] flg=0x10000000 cmp=com.example.slowdown/.MainActivity }, userId=0, lastActiveTime=33927193, windowingMode=1, isThumbnailBlur=false, isScreening=false, topActivity=ComponentInfo{com.example.slowdown/com.example.slowdown.MainActivity}, mHashCode=124258292}, title=SlowDown, titleDescription=SlowDown, bounds=null, isLaunchTarget=true, isStackTask=true, isSystemApp=false, isDockable=true, baseActivity=ComponentInfo{com.example.slowdown/com.example.slowdown.MainActivity}, isLocked=true, isAccessLocked=false, mNeedHide=false] , mThumbnailBitmapSizeAfterScaled=(469, 1023)
2026-01-20 01:52:40.990  5328-5426  IconLoader              com.miui.home                        D  Loading icon: TaskKey{id=4140, stackId=0, baseIntent=Intent { act=android.intent.action.MAIN cat=[android.intent.category.LAUNCHER] flg=0x10000000 cmp=com.example.slowdown/.MainActivity }, userId=0, lastActiveTime=33927193, windowingMode=1, isThumbnailBlur=false, isScreening=false, topActivity=ComponentInfo{com.example.slowdown/com.example.slowdown.MainActivity}, mHashCode=124258292}
2026-01-20 01:52:40.999  5328-5328  TaskViewThumbnail       com.miui.home                        D  updateThumbnailScale, t=[TaskKey{id=4140, stackId=0, baseIntent=Intent { act=android.intent.action.MAIN cat=[android.intent.category.LAUNCHER] flg=0x10000000 cmp=com.example.slowdown/.MainActivity }, userId=0, lastActiveTime=33927193, windowingMode=1, isThumbnailBlur=false, isScreening=false, topActivity=ComponentInfo{com.example.slowdown/com.example.slowdown.MainActivity}, mHashCode=124258292}, title=SlowDown, titleDescription=SlowDown, bounds=null, isLaunchTarget=true, isStackTask=true, isSystemApp=false, isDockable=true, baseActivity=ComponentInfo{com.example.slowdown/com.example.slowdown.MainActivity}, isLocked=true, isAccessLocked=false, mNeedHide=false] , mThumbnailBitmapSizeAfterScaled=(469, 1023)
2026-01-20 01:52:41.003 27245-27245 DecorView[]             com.example.slowdown                 D  onWindowFocusChanged hasWindowFocus false
2026-01-20 01:52:41.181 28449-28486 RunningTasksService     pid-28449                            D  onStartCommand reportTasks is:[{last_active_time=1768845161172, task_package_name=com.example.slowdown, task_desc=SlowDown, task_top_activity=.MainActivity}, {last_active_time=1768845138677, task_package_name=com.bilibili.app.in, task_desc=bilibili, task_top_activity=tv.danmaku.bili.MainActivityV2}, {last_active_time=1768844073875, task_package_name=com.android.chrome, task_desc=Chrome, task_top_activity=org.chromium.chrome.browser.ChromeTabbedActivity}, {last_active_time=1768841532082, task_package_name=com.tencent.weread, task_desc=, task_top_activity=.WeReadFragmentActivity}, {last_active_time=1768841439594, task_package_name=com.flomo.app, task_desc=flomo, task_top_activity=.ui.activity.MainActivity}]
2026-01-20 01:52:41.495  5328-5328  TaskViewThumbnail       com.miui.home                        D  updateThumbnailScale, t=[TaskKey{id=4140, stackId=0, baseIntent=Intent { act=android.intent.action.MAIN cat=[android.intent.category.LAUNCHER] flg=0x10000000 cmp=com.example.slowdown/.MainActivity }, userId=0, lastActiveTime=33927193, windowingMode=1, isThumbnailBlur=false, isScreening=false, topActivity=ComponentInfo{com.example.slowdown/com.example.slowdown.MainActivity}, mHashCode=124258292}, title=SlowDown, titleDescription=SlowDown, bounds=null, isLaunchTarget=true, isStackTask=true, isSystemApp=false, isDockable=true, baseActivity=ComponentInfo{com.example.slowdown/com.example.slowdown.MainActivity}, isLocked=true, isAccessLocked=false, mNeedHide=false] , mThumbnailBitmapSizeAfterScaled=(469, 1023)
2026-01-20 01:52:41.496  5328-5328  TaskViewThumbnail       com.miui.home                        D  updateThumbnailScale, t=[TaskKey{id=4140, stackId=0, baseIntent=Intent { act=android.intent.action.MAIN cat=[android.intent.category.LAUNCHER] flg=0x10000000 cmp=com.example.slowdown/.MainActivity }, userId=0, lastActiveTime=33927193, windowingMode=1, isThumbnailBlur=false, isScreening=false, topActivity=ComponentInfo{com.example.slowdown/com.example.slowdown.MainActivity}, mHashCode=124258292}, title=SlowDown, titleDescription=SlowDown, bounds=null, isLaunchTarget=true, isStackTask=true, isSystemApp=false, isDockable=true, baseActivity=ComponentInfo{com.example.slowdown/com.example.slowdown.MainActivity}, isLocked=true, isAccessLocked=false, mNeedHide=false] , mThumbnailBitmapSizeAfterScaled=(469, 1023)
2026-01-20 01:52:41.528  2743-3296  SmartPower...241(27245) system_server                        I  visible->invisible(22739ms) R(become invisible) adj=0.
2026-01-20 01:52:41.528  2743-3296  SmartPower...241(27245) system_server                        I  invisible->background(0ms) R(become background) adj=0.
2026-01-20 01:52:41.529  2743-4486  SmartPower              system_server                        I  com.example.slowdown/10241 state=foreground adj=0 proc size=1 move to inactive become invisible
2026-01-20 01:52:41.535  5161-5176  A2dpLatencyMode         com.android.bluetooth                D  ForegroundInfo{mForegroundPackageName='com.miui.home', mForegroundUid=10124, mForegroundPid=5328, mLastForegroundPackageName='com.example.slowdown', mLastForegroundUid=10241, mLastForegroundPid=27245, mMultiWindowForegroundPackageName='com.miui.home', mMultiWindowForegroundUid=10124, mFlags=0}
2026-01-20 01:52:41.536  9354-13084 PerfEngineController    com.miui.powerkeeper                 D  ForegroundInfo{mForegroundPackageName='com.miui.home', mForegroundUid=10124, mForegroundPid=5328, mLastForegroundPackageName='com.example.slowdown', mLastForegroundUid=10241, mLastForegroundPid=27245, mMultiWindowForegroundPackageName='com.miui.home', mMultiWindowForegroundUid=10124, mFlags=0}
2026-01-20 01:52:41.536  5328-29710 AppObserver             com.miui.home                        D  ForegroundInfo{mForegroundPackageName='com.miui.home', mForegroundUid=10124, mForegroundPid=5328, mLastForegroundPackageName='com.example.slowdown', mLastForegroundUid=10241, mLastForegroundPid=27245, mMultiWindowForegroundPackageName='com.miui.home', mMultiWindowForegroundUid=10124, mFlags=0}
2026-01-20 01:52:41.535  7839-9850  ProcessMonitor          com.miui.securitycenter.remote       I  onForegroundInfoChanged: ForegroundInfo{mForegroundPackageName='com.miui.home', mForegroundUid=10124, mForegroundPid=5328, mLastForegroundPackageName='com.example.slowdown', mLastForegroundUid=10241, mLastForegroundPid=27245, mMultiWindowForegroundPackageName='com.miui.home', mMultiWindowForegroundUid=10124, mFlags=0}
2026-01-20 01:52:41.536  9354-9560  ThermalInfoCollector    com.miui.powerkeeper                 I  collectForgroundAppsInfo: com.example.slowdown
2026-01-20 01:52:41.536  9376-9420  GID                     com.xiaomi.joyose                    I  PKG: com.example.slowdown IG ? false
2026-01-20 01:52:41.538  9376-9420  GST                     com.xiaomi.joyose                    I  forePkg: com.miui.home, preForePkg: com.example.slowdown
2026-01-20 01:52:41.542  7839-9850  GameBoosterService      com.miui.securitycenter.remote       I  onForegroundInfoChanged: Cur=com.miui.home	 last=com.example.slowdown
2026-01-20 01:52:41.543  7839-9850  GameBoosterService      com.miui.securitycenter.remote       D  onGameStatusChange foreground:ForegroundInfo{mForegroundPackageName='com.miui.home', mForegroundUid=10124, mForegroundPid=5328, mLastForegroundPackageName='com.example.slowdown', mLastForegroundUid=10241, mLastForegroundPid=27245, mMultiWindowForegroundPackageName='com.miui.home', mMultiWindowForegroundUid=10124, mFlags=0}
2026-01-20 01:52:41.543  9376-9420  GID                     com.xiaomi.joyose                    I  PKG: com.example.slowdown IG ? false
2026-01-20 01:52:41.544  9376-9420  GID                     com.xiaomi.joyose                    I  PKG: com.example.slowdown IG ? false
2026-01-20 01:52:41.544 10211-10211 SogouIME                com.sohu.inputmethod.sogou.xiaomi    D  SogouIME onUnbindInput: com.example.slowdown 139152580
2026-01-20 01:52:41.545 10211-10211 SogouIME                com.sohu.inputmethod.sogou.xiaomi    D  SogouIME onBindInput: com.example.slowdown 139152580
2026-01-20 01:52:41.545 10211-10211 SogouIME                com.sohu.inputmethod.sogou.xiaomi    D  SogouIME onFinishInput: com.example.slowdown 139152580
2026-01-20 01:52:41.547  7839-9850  BeautyService           com.miui.securitycenter.remote       I  onForegroundInfoChanged: Cur=com.miui.home	 last=com.example.slowdown
2026-01-20 01:52:41.556  8808-8808  AppLifecycleObserver    com.xiaomi.xmsf                      D  onReceive: com.example.slowdown BACKGROUND
2026-01-20 01:52:41.556 26362-26525 VA_AppStateWatcher      com.miui.voiceassist                 D  currentPkgName:com.miui.home, className:com.miui.home.launcher.Launcher, lastPkgName:com.example.slowdown
2026-01-20 01:52:41.557 26362-26362 VA_HybridL...leListener com.miui.voiceassist                 I  onTopAppChanged: newApp=com.miui.home from=com.example.slowdown fromPkg=com.miui.home
2026-01-20 01:52:41.563  8808-8808  PkgUtils                com.xiaomi.xmsf                      D  getApplicationInfo packageName:com.example.slowdown, flags:128 applicationInfo:ApplicationInfo{26ab4e0 com.example.slowdown} needSecondSpace:false
2026-01-20 01:52:41.661 27245-27245 SlowDown                com.example.slowdown                 D  [Service] onAccessibilityEvent: type=32, pkg=com.miui.home
2026-01-20 01:52:41.686  5328-6126  ActivityManagerWrapper  com.miui.home                        E  getRecentTasks: mainTaskId=4140   userId=0   baseIntent=Intent { act=android.intent.action.MAIN flag=268435456 cmp=ComponentInfo{com.example.slowdown/com.example.slowdown.MainActivity} }
2026-01-20 01:52:41.738  5328-6126  ActivityManagerWrapper  com.miui.home                        E  getRecentTasks: mainTaskId=4140   userId=0   baseIntent=Intent { act=android.intent.action.MAIN flag=268435456 cmp=ComponentInfo{com.example.slowdown/com.example.slowdown.MainActivity} }
2026-01-20 01:52:41.822 27245-27245 SlowDown                com.example.slowdown                 D  [Service] onAccessibilityEvent: type=32, pkg=com.bilibili.app.in
2026-01-20 01:52:41.824 27245-27245 SlowDown                com.example.slowdown                 D  [Service] handleAppLaunch: com.bilibili.app.in
2026-01-20 01:52:41.825 27245-27245 SlowDown                com.example.slowdown                 D  [UsageTracking] Syncing usage stats before checking warnings
2026-01-20 01:52:41.825 27245-27245 UsageTrackingManager    com.example.slowdown                 D  Triggering immediate UsageStats sync
2026-01-20 01:52:41.826 27245-27287 UsageTrackingManager    com.example.slowdown                 D  Querying usage events from 2026-01-20 00:00:00 to 2026-01-20 01:52:41
2026-01-20 01:52:41.827 27245-27245 SlowDown                com.example.slowdown                 D  [Service] Current foreground: null, target: com.bilibili.app.in
2026-01-20 01:52:41.828 27245-27245 SlowDown                com.example.slowdown                 D  [Service] com.bilibili.app.in has time limit, skip launch intervention (handled by usage tracking)
2026-01-20 01:52:41.830 27245-27299 UsageTrackingManager    com.example.slowdown                 D  Calculated foreground time for 1 apps
