2026-01-17 19:15:15.176  2674-5869  ActivityManager         system_server                        I  Force stopping com.example.slowdown appid=10908 user=0: from process:11035
2026-01-17 19:15:15.181  2674-5869  ActivityManager         system_server                        W  Invalid packageName: com.example.slowdown
2026-01-17 19:15:15.183  4879-4879  CarrierSvcBindHelper    com.android.phone                    D  onHandleForceStop: [com.example.slowdown]
2026-01-17 19:15:17.335  4936-5708  ActivityManagerWrapper  com.miui.home                        E  getRecentTasks: mainTaskId=3827   userId=0   baseIntent=Intent { act=android.intent.action.MAIN flag=268435456 cmp=ComponentInfo{com.example.slowdown/com.example.slowdown.MainActivity} }
2026-01-17 19:15:17.342  4936-5708  ActivityManagerWrapper  com.miui.home                        E  getRecentTasks: mainTaskId=3827   userId=0   baseIntent=Intent { act=android.intent.action.MAIN flag=268435456 cmp=ComponentInfo{com.example.slowdown/com.example.slowdown.MainActivity} }
2026-01-17 19:15:17.437  4936-5708  ActivityManagerWrapper  com.miui.home                        E  getRecentTasks: mainTaskId=3827   userId=0   baseIntent=Intent { act=android.intent.action.MAIN flag=268435456 cmp=ComponentInfo{com.example.slowdown/com.example.slowdown.MainActivity} }
2026-01-17 19:15:17.479  4936-5708  ActivityManagerWrapper  com.miui.home                        E  getRecentTasks: mainTaskId=3827   userId=0   baseIntent=Intent { act=android.intent.action.MAIN flag=268435456 cmp=ComponentInfo{com.example.slowdown/com.example.slowdown.MainActivity} }
2026-01-17 19:15:17.552  4936-5708  ActivityManagerWrapper  com.miui.home                        E  getRecentTasks: mainTaskId=3827   userId=0   baseIntent=Intent { act=android.intent.action.MAIN flag=268435456 cmp=ComponentInfo{com.example.slowdown/com.example.slowdown.MainActivity} }
2026-01-17 19:15:17.559  4936-5708  ActivityManagerWrapper  com.miui.home                        E  getRecentTasks: mainTaskId=3827   userId=0   baseIntent=Intent { act=android.intent.action.MAIN flag=268435456 cmp=ComponentInfo{com.example.slowdown/com.example.slowdown.MainActivity} }
2026-01-17 19:15:17.588  2674-3403  PerfStubImpl            system_server                        D  perfAppUpdateBoost: com.example.slowdown, -1, 0
2026-01-17 19:15:17.590  2674-3295  ActivityManager         system_server                        I  Force stopping com.example.slowdown appid=10908 user=-1: installPackageLI
2026-01-17 19:15:17.591  2674-3403  PackageManager          system_server                        I  Update package com.example.slowdown code path from /data/app/~~S8QZXBcsr6Q8Z-1ZaT_HDQ==/com.example.slowdown-6xK7h96dSc36Nh-PlOQfwA== to /data/app/~~rLc7ZXGSprLpGA6Me1mi_Q==/com.example.slowdown-n0uw_g_v9nAnHwF2YTZaPw==; Retain data and using new
2026-01-17 19:15:17.591  2674-3403  AppsFilter              system_server                        I  interaction: PackageSetting{df33f32 com.fido.asm/10131} -> PackageSetting{68a1fc5 com.example.slowdown/10908} BLOCKED
2026-01-17 19:15:17.591  2674-3403  AppsFilter              system_server                        I  interaction: PackageSetting{df33f32 com.fido.asm/10131} -> PackageSetting{68a1fc5 com.example.slowdown/10908} BLOCKED
2026-01-17 19:15:17.591  2674-3403  AppsFilter              system_server                        I  interaction: PackageSetting{df33f32 com.fido.asm/10131} -> PackageSetting{2491600 com.example.slowdown/10908} BLOCKED
2026-01-17 19:15:17.591  2674-3403  AppsFilter              system_server                        I  interaction: PackageSetting{df33f32 com.fido.asm/10131} -> PackageSetting{2491600 com.example.slowdown/10908} BLOCKED
2026-01-17 19:15:17.672  4936-5708  ActivityManagerWrapper  com.miui.home                        E  getRecentTasks: mainTaskId=3827   userId=0   baseIntent=Intent { act=android.intent.action.MAIN flag=268435456 cmp=ComponentInfo{com.example.slowdown/com.example.slowdown.MainActivity} }
2026-01-17 19:15:17.680  4936-5708  ActivityManagerWrapper  com.miui.home                        E  getRecentTasks: mainTaskId=3827   userId=0   baseIntent=Intent { act=android.intent.action.MAIN flag=268435456 cmp=ComponentInfo{com.example.slowdown/com.example.slowdown.MainActivity} }
2026-01-17 19:15:17.683  2674-3403  PackageFreezer          system_server                        W  Freeze package com.example.slowdown about 0.093 seconds for reason: installPackageLI
2026-01-17 19:15:17.683  2674-3403  InstallationTiming      system_server                        I  com.example.slowdown|null|2366|1917|60|0|11|0
2026-01-17 19:15:17.683  2674-3403  AppsFilter              system_server                        I  interaction: PackageSetting{df33f32 com.fido.asm/10131} -> PackageSetting{2491600 com.example.slowdown/10908} BLOCKED
2026-01-17 19:15:17.687  2674-3403  ActivityManager         system_server                        I  Force stopping com.example.slowdown appid=10908 user=0: pkg removed
2026-01-17 19:15:17.699  2674-4022  MiuiNetwor...AppBuckets system_server                        D  updateAppPN packageName=com.example.slowdown,uid=10908,installed=false
2026-01-17 19:15:17.699  2674-4022  MiuiNetwor...afficLimit system_server                        D  updateAppPN packageName=com.example.slowdown,uid=10908,installed=false
2026-01-17 19:15:17.699  4735-4735  BluetoothMapAppObserver com.android.bluetooth                D  The removed package is: com.example.slowdown
2026-01-17 19:15:17.701  9805-9805  auth                    com.xiaomi.xmsf                      D  [XMS][Auth] PackageMonitor onReceive packageName: com.example.slowdown
2026-01-17 19:15:17.702  7333-7333  AppPredictService       com.miui.securitycenter.remote       D  AppChangedReceiver::onReceive::packageName = com.example.slowdown action = android.intent.action.PACKAGE_REMOVED
2026-01-17 19:15:17.707  3399-3399  PackageInstallHelper    com.xiaomi.misettings                D  doAppChange:com.example.slowdown
2026-01-17 19:15:17.707  8432-1093  services                com.xiaomi.xmsf                      D  [XMS][observer] PackageMonitor onReceive packageName: com.example.slowdown true
2026-01-17 19:15:17.708  8332-11161 Market-PackageMonitor   com.xiaomi.market                    I  [Download/Install] onReceive: android.intent.action.PACKAGE_REMOVED, pkg: com.example.slowdown
2026-01-17 19:15:17.709  6867-6867  MediaProvider           com.android.providers.media.module   I  Invalidating LocalCallingIdentity cache for package com.example.slowdown. Reason: package android.intent.action.PACKAGE_REMOVED
2026-01-17 19:15:17.710  4885-5312  NotificationProvider    com.android.systemui                 D  call method=clearPkgUsageInfoWhenRemoved extras=Bundle[{packageName=com.example.slowdown}]
2026-01-17 19:15:17.710  6892-6892  VA_PackageMonitor       com.miui.voiceassist                 D  package added:com.example.slowdown;appInstalled=true
2026-01-17 19:15:17.714  6867-6867  MediaProvider           com.android.providers.media.module   W  WorkProfileOwnerApps cache miss for package com.example.slowdown
2026-01-17 19:15:17.720  2674-2674  Telecom                 system_server                        I  CarModeTracker: Package com.example.slowdown is not tracked.: SSH.oR@Gp4
2026-01-17 19:15:17.720  2674-2674  SLM-SRV-SLAAppLib       system_server                        E  initBroadcastReceivercom.example.slowdown
2026-01-17 19:15:17.720  2674-2674  SLM-SRV-SLAAppLib       system_server                        I  ACTION_PACKAGE_REMOVED uid = 10908com.example.slowdown
2026-01-17 19:15:17.721  7657-28191 com.milink...nk:runtime com.milink.runtime                   D  Java_com_milink_runtime_MiLinkRuntimeContextNative_onEvent event=e_app_upgrade, flags=0, data=com.example.slowdown (jni_runtime.cpp:121)
2026-01-17 19:15:17.721  7657-28191 com.milink...nk:runtime com.milink.runtime                   I  milink::runtime::RuntimeImpl::onEvent event=e_app_upgrade, flags=0, data=com.example.slowdown (runtime_impl.cpp:202)
2026-01-17 19:15:17.721  7657-28191 com.milink...on_manager com.milink.runtime                   I  milink::session::SessionManagerStubImpl::onAppUpgrade app_id=com.example.slowdown (session_manager_stub_impl.cpp:451)
2026-01-17 19:15:17.721  7657-28191 com.milink...on_manager com.milink.runtime                   I  milink::session::SessionManagerStubImpl::clearApp src=on_app_upgrade, app_id=com.example.slowdown, force=1 (session_manager_stub_impl.cpp:462)
2026-01-17 19:15:17.727 26772-26772 Finsky                  com.android.vending                  I  [2] klk.f(9): AIM: AppInfoCacheUpdater -> invalidating apps: [com.example.slowdown]
2026-01-17 19:15:17.728 26772-26834 Finsky                  com.android.vending                  I  [238] knd.a(55): AIM: AppInfoManager-Perf > OnDeviceAppInfo > cacheHitCount=0, cacheMissCount=1. Missed  in cache (limit 10) : [com.example.slowdown]
2026-01-17 19:15:17.741  7135-12383 SQLiteLog               com.qualcomm.qti.workloadclassifier  W  (28) double-quoted string literal: "com.example.slowdown"
2026-01-17 19:15:17.744  6867-6867  MediaProvider           com.android.providers.media.module   I  Invalidating LocalCallingIdentity cache for package com.example.slowdown. Reason: package android.intent.action.PACKAGE_ADDED
2026-01-17 19:15:17.752  2674-4022  MiuiNetwor...AppBuckets system_server                        D  updateAppPN packageName=com.example.slowdown,uid=10908,installed=true
2026-01-17 19:15:17.753  2674-4022  MiuiNetwor...afficLimit system_server                        D  updateAppPN packageName=com.example.slowdown,uid=10908,installed=true
2026-01-17 19:15:17.754  2674-3292  MiuiCompatModePackages  system_server                        I  package com.example.slowdown updated, removing config
2026-01-17 19:15:17.755  4735-5814  Avrcp_ext               com.android.bluetooth                D  AvrcpServiceBroadcastReceiver-> packageName: com.example.slowdown
2026-01-17 19:15:17.755  4735-5814  Avrcp_ext               com.android.bluetooth                D  packageName: com.example.slowdown removed: false
2026-01-17 19:15:17.756  4879-4879  CarrierSvcBindHelper    com.android.phone                    D  onPackageUpdateFinished: com.example.slowdown
2026-01-17 19:15:17.756  4735-4735  BluetoothMapAppObserver com.android.bluetooth                D  The installed package is: com.example.slowdown
2026-01-17 19:15:17.757  4879-4879  CarrierSvcBindHelper    com.android.phone                    D  onPackageModified: com.example.slowdown
2026-01-17 19:15:17.760  7333-7843  AppInstalledReceiver    com.miui.securitycenter.remote       D  packageName: com.example.slowdown
2026-01-17 19:15:17.761  8432-1093  services                com.xiaomi.xmsf                      D  [XMS][observer] PackageMonitor onReceive packageName: com.example.slowdown true
2026-01-17 19:15:17.761  6892-6892  VA_PackageMonitor       com.miui.voiceassist                 D  package added:com.example.slowdown
2026-01-17 19:15:17.761  8432-1093  services                com.xiaomi.xmsf                      D  [XMS][observer] sendInnerBroadcast action: com.xiaomi.xms.action.PACKAGE_REPLACED, packageName: com.example.slowdown
2026-01-17 19:15:17.761  6892-6892  VA_AiConn:ApkConstants  com.miui.voiceassist                 I  isPhoneCarLinkApp packageName=com.example.slowdown
2026-01-17 19:15:17.762  9805-9805  auth                    com.xiaomi.xmsf                      D  [XMS][Auth] PackageMonitor onReceive packageName: com.example.slowdown
2026-01-17 19:15:17.763  7333-7333  AppPredictService       com.miui.securitycenter.remote       D  AppChangedReceiver::onReceive::packageName = com.example.slowdown action = android.intent.action.PACKAGE_ADDED
2026-01-17 19:15:17.765  3399-3399  PackageInstallHelper    com.xiaomi.misettings                D  doAppChange:com.example.slowdown
2026-01-17 19:15:17.769  3399-3572  PackageInstallHelper    com.xiaomi.misettings                D  com.example.slowdowncategoryId:usagestats_app_category_miui_undefined
2026-01-17 19:15:17.770  4879-4879  ImsResolver             com.android.phone                    D  maybeAddedImsService, packageName: com.example.slowdown
2026-01-17 19:15:17.772  8332-11187 Market-PackageMonitor   com.xiaomi.market                    I  [Download/Install] onReceive: android.intent.action.PACKAGE_ADDED, pkg: com.example.slowdown
2026-01-17 19:15:17.774  8332-11187 Market-LocalAppManager  com.xiaomi.market                    I  add package to list: com.example.slowdown
2026-01-17 19:15:17.803  2674-4219  AppScanObserverService  system_server                        E  Try to add a invalid package: com.example.slowdown | 10908 | 0
2026-01-17 19:15:17.811 26772-26772 Finsky                  com.android.vending                  I  [2] klk.f(9): AIM: AppInfoCacheUpdater -> invalidating apps: [com.example.slowdown]
2026-01-17 19:15:17.812 26772-26834 Finsky                  com.android.vending                  I  [238] knd.a(55): AIM: AppInfoManager-Perf > OnDeviceAppInfo > cacheHitCount=0, cacheMissCount=1. Missed  in cache (limit 10) : [com.example.slowdown]
2026-01-17 19:15:17.818  2674-2674  SLM-SRV-SLAAppLib       system_server                        E  initBroadcastReceivercom.example.slowdown
2026-01-17 19:15:17.818  2674-2674  SLM-SRV-SLAAppLib       system_server                        I  ACTION_PACKAGE_ADDED uid = 10908com.example.slowdown
2026-01-17 19:15:17.825  2674-7679  ActivityManager         system_server                        I  Force stopping com.example.slowdown appid=10908 user=0: from process:11198
2026-01-17 19:15:17.828  2674-7679  ActivityManager         system_server                        W  Invalid packageName: com.example.slowdown
2026-01-17 19:15:17.861  4879-4879  CarrierSvcBindHelper    com.android.phone                    D  onHandleForceStop: [com.example.slowdown]
2026-01-17 19:15:17.871  2674-2674  SLM-SRV-SLAAppLib       system_server                        E  initBroadcastReceivercom.example.slowdown
2026-01-17 19:15:17.871  2674-2674  SLM-SRV-SLAAppLib       system_server                        I  ACTION_PACKAGE_REPLACED uid = 10908com.example.slowdown
2026-01-17 19:15:17.921  7135-12383 SQLiteLog               com.qualcomm.qti.workloadclassifier  W  (28) double-quoted string literal: "com.example.slowdown"
2026-01-17 19:15:17.922  2674-7679  XSpaceMana...erviceImpl system_server                        W  checkXSpaceControl, from:com.android.shell, to:com.example.slowdown, with act:android.intent.action.MAIN, callingUserId:0, toUserId:0
2026-01-17 19:15:17.923  2674-7679  ActivityTaskManager     system_server                        I  START u0 {act=android.intent.action.MAIN cat=[android.intent.category.LAUNCHER] flg=0x10000000 cmp=com.example.slowdown/.MainActivity} from uid 2000 from pid 11214 callingPackage com.android.shell
2026-01-17 19:15:17.925  2674-7679  AurogonImmobulusMode    system_server                        D  launch app processName = com.example.slowdown uid = 10908
2026-01-17 19:15:17.925  2674-7679  MiGgameTyp...cationImpl system_server                        D  checkIfGameBeSupported app:com.example.slowdown
2026-01-17 19:15:17.925  2674-7679  WindowManager           system_server                        I  When perf version exceed 2.3, MiGTStub result: false, gameType: 1, packageName: com.example.slowdown
2026-01-17 19:15:17.925  2674-7679  MiGgameTyp...cationImpl system_server                        D  checkIfGameBeSupported app:com.example.slowdown
2026-01-17 19:15:17.969  2674-7430  CoreBackPreview         system_server                        D  Window{5dffcd8 u0 Splash Screen com.example.slowdown}: Setting back callback OnBackInvokedCallbackInfo{mCallback=android.window.IOnBackInvokedCallback$Stub$Proxy@b84bb16, mPriority=0}
2026-01-17 19:15:17.979  2674-3296  Boost                   system_server                        D  hostingType=next-top-activity, hostingName={com.example.slowdown/com.example.slowdown.MainActivity}, callerPackage=com.android.shell, isSystem=true, isBoostNeeded=false.
2026-01-17 19:15:17.980  2674-3296  MiuiProces...icyManager system_server                        D  promote com.example.slowdown maxAdj to prev  + 1, maxProcState to + PER 
2026-01-17 19:15:17.980  2674-3296  ActivityManager         system_server                        I  Start proc 11239:com.example.slowdown/u0a908 for next-top-activity {com.example.slowdown/com.example.slowdown.MainActivity} caller=com.android.shell
2026-01-17 19:15:17.982  4936-5708  ActivityManagerWrapper  com.miui.home                        E  getRecentTasks: mainTaskId=3829   userId=0   baseIntent=Intent { act=android.intent.action.MAIN flag=268435456 cmp=ComponentInfo{com.example.slowdown/com.example.slowdown.MainActivity} }
2026-01-17 19:15:17.987 11239-11239 xample.slowdown         pid-11239                            I  Late-enabling -Xcheck:jni
2026-01-17 19:15:18.024  5961-11194 ProximityAuth           com.google.android.gms.persistent    I  [RecentAppsMediator] Package added: (user=UserHandle{0}) com.example.slowdown
2026-01-17 19:15:18.030  7135-12383 SQLiteLog               com.qualcomm.qti.workloadclassifier  W  (28) double-quoted string literal: "com.example.slowdown"
2026-01-17 19:15:18.060  4936-5708  ActivityManagerWrapper  com.miui.home                        E  getRecentTasks: mainTaskId=3829   userId=0   baseIntent=Intent { act=android.intent.action.MAIN flag=268435456 cmp=ComponentInfo{com.example.slowdown/com.example.slowdown.MainActivity} }
2026-01-17 19:15:18.085  6174-11236 SQLiteLog               com.google.android.gms               W  (28) double-quoted string literal: "com.example.slowdown"
2026-01-17 19:15:18.110  4936-5708  ActivityManagerWrapper  com.miui.home                        E  getRecentTasks: mainTaskId=3829   userId=0   baseIntent=Intent { act=android.intent.action.MAIN flag=268435456 cmp=ComponentInfo{com.example.slowdown/com.example.slowdown.MainActivity} }
2026-01-17 19:15:18.112  2674-7680  SmartPower...908(11239) system_server                        I  died->invisible(12972ms) R(process start ) adj=-10000.
2026-01-17 19:15:18.112  2674-4143  SmartPower              system_server                        I  com.example.slowdown/10908 state=died adj=701 proc size=1 move to background process start 
---------------------------- PROCESS STARTED (11239) for package com.example.slowdown ----------------------------
2026-01-17 19:15:18.124 11239-11239 Compatibil...geReporter com.example.slowdown                 D  Compat change id reported: 171979766; UID 10908; state: ENABLED
2026-01-17 19:15:18.130 11239-11239 ziparchive              com.example.slowdown                 W  Unable to open '/data/app/~~rLc7ZXGSprLpGA6Me1mi_Q==/com.example.slowdown-n0uw_g_v9nAnHwF2YTZaPw==/base.dm': No such file or directory
2026-01-17 19:15:18.130 11239-11239 ziparchive              com.example.slowdown                 W  Unable to open '/data/app/~~rLc7ZXGSprLpGA6Me1mi_Q==/com.example.slowdown-n0uw_g_v9nAnHwF2YTZaPw==/base.dm': No such file or directory
2026-01-17 19:15:18.131  9052-20822 PerfEngineController    com.miui.powerkeeper                 D  ForegroundInfo{mForegroundPackageName='com.example.slowdown', mForegroundUid=10908, mForegroundPid=11239, mLastForegroundPackageName='com.miui.home', mLastForegroundUid=10124, mLastForegroundPid=4936, mMultiWindowForegroundPackageName='com.example.slowdown', mMultiWindowForegroundUid=10908, mFlags=1}
2026-01-17 19:15:18.131  6997-17674 MQSService              com.miui.daemon                      W  CallerName:com.example.slowdown,calling Uid:10908
2026-01-17 19:15:18.131  6997-17674 MQSService              com.miui.daemon                      D  registerApplicationScoutThread pid = 11239, packageName = com.example.slowdown
2026-01-17 19:15:18.132  9102-9322  GID                     com.xiaomi.joyose                    I  PKG: com.example.slowdown IG ? false
2026-01-17 19:15:18.132  9102-9322  GST                     com.xiaomi.joyose                    I  forePkg: com.example.slowdown, preForePkg: com.miui.home
2026-01-17 19:15:18.136  2674-3269  SmartPower...908(11239) system_server                        I  invisible->visible(24ms) R(become visible) adj=0.
2026-01-17 19:15:18.136  2674-4143  SmartPower              system_server                        I  com.example.slowdown/10908 state=background adj=0 proc size=1 move to foreground become visible
2026-01-17 19:15:18.139  2674-3269  WindowManager           system_server                        I  showSurfaceRobustly mWin:Window{5dffcd8 u0 Splash Screen com.example.slowdown}
2026-01-17 19:15:18.139  4735-2072  A2dpLatencyMode         com.android.bluetooth                D  ForegroundInfo{mForegroundPackageName='com.example.slowdown', mForegroundUid=10908, mForegroundPid=11239, mLastForegroundPackageName='com.miui.home', mLastForegroundUid=10124, mLastForegroundPid=4936, mMultiWindowForegroundPackageName='com.example.slowdown', mMultiWindowForegroundUid=10908, mFlags=1}
2026-01-17 19:15:18.139  7333-7355  ProcessMonitor          com.miui.securitycenter.remote       I  onForegroundInfoChanged: ForegroundInfo{mForegroundPackageName='com.example.slowdown', mForegroundUid=10908, mForegroundPid=11239, mLastForegroundPackageName='com.miui.home', mLastForegroundUid=10124, mLastForegroundPid=4936, mMultiWindowForegroundPackageName='com.example.slowdown', mMultiWindowForegroundUid=10908, mFlags=1}
2026-01-17 19:15:18.140  7333-7355  GameBoosterService      com.miui.securitycenter.remote       I  onForegroundInfoChanged: Cur=com.example.slowdown	 last=com.miui.home
2026-01-17 19:15:18.140  4936-4987  AppObserver             com.miui.home                        D  ForegroundInfo{mForegroundPackageName='com.example.slowdown', mForegroundUid=10908, mForegroundPid=11239, mLastForegroundPackageName='com.miui.home', mLastForegroundUid=10124, mLastForegroundPid=4936, mMultiWindowForegroundPackageName='com.example.slowdown', mMultiWindowForegroundUid=10908, mFlags=1}
2026-01-17 19:15:18.142  9102-9322  GID                     com.xiaomi.joyose                    I  PKG: com.example.slowdown IG ? false
2026-01-17 19:15:18.143  4936-5708  RecentsModel            com.miui.home                        W  getRunningTask   taskInfo=TaskInfo{userId=0 taskId=3829 displayId=0 isRunning=true baseIntent=Intent { act=android.intent.action.MAIN cat=[android.intent.category.LAUNCHER] flg=0x10000000 cmp=com.example.slowdown/.MainActivity } baseActivity=ComponentInfo{com.example.slowdown/com.example.slowdown.MainActivity} topActivity=ComponentInfo{com.example.slowdown/com.example.slowdown.MainActivity} origActivity=null realActivity=ComponentInfo{com.example.slowdown/com.example.slowdown.MainActivity} numActivities=1 lastActiveTime=52139407 supportsSplitScreenMultiWindow=true supportsMultiWindow=true resizeMode=1 isResizeable=true minWidth=-1 minHeight=-1 defaultMinSize=200 token=WCT{android.window.IWindowContainerToken$Stub$Proxy@33091cb} topActivityType=1 pictureInPictureParams=null shouldDockBigOverlays=false launchIntoPipHostTaskId=0 displayCutoutSafeInsets=Rect(0, 104 - 0, 0) topActivityInfo=ActivityInfo{61c1da8 com.example.slowdown.MainActivity} launchCookies=[] positionInParent=Point(0, 0) parentTaskId=-1 isFocused=true isVisible=true isSleeping=false topActivityInSizeCompat=false topActivityInMiuiSizeCompat=false topActivityEligibleForLetterboxEducation= false locusId=null displayAreaFeatureId=1 cameraCompatControlState=hidden mIsCastMode=false}
2026-01-17 19:15:18.143  4936-5708  RecentsModel            com.miui.home                        W  getTaskInfoIgnoreHomeAndFreeform   taskInfo=ComponentInfo{com.example.slowdown/com.example.slowdown.MainActivity}
2026-01-17 19:15:18.143  9102-9322  GID                     com.xiaomi.joyose                    I  PKG: com.example.slowdown IG ? false
2026-01-17 19:15:18.145  7333-7355  GameBoosterService      com.miui.securitycenter.remote       D  onGameStatusChange foreground:ForegroundInfo{mForegroundPackageName='com.example.slowdown', mForegroundUid=10908, mForegroundPid=11239, mLastForegroundPackageName='com.miui.home', mLastForegroundUid=10124, mLastForegroundPid=4936, mMultiWindowForegroundPackageName='com.example.slowdown', mMultiWindowForegroundUid=10908, mFlags=1}
2026-01-17 19:15:18.148  7333-8806  SuggestManager          com.miui.securitycenter.remote       E  openApp name = com.example.slowdown
2026-01-17 19:15:18.151  4936-5708  ActivityManagerWrapper  com.miui.home                        E  getRecentTasks: mainTaskId=3829   userId=0   baseIntent=Intent { act=android.intent.action.MAIN flag=268435456 cmp=ComponentInfo{com.example.slowdown/com.example.slowdown.MainActivity} }
2026-01-17 19:15:18.156 11239-11263 AppScoutStateMachine    com.example.slowdown                 D  11239-ScoutStateMachinecreated
2026-01-17 19:15:18.164  2674-3397  VerityUtils             system_server                        E  Failed to measure fs-verity, errno 1: /data/app/~~rLc7ZXGSprLpGA6Me1mi_Q==/com.example.slowdown-n0uw_g_v9nAnHwF2YTZaPw==/base.apk
2026-01-17 19:15:18.170  7333-7355  BeautyService           com.miui.securitycenter.remote       I  onForegroundInfoChanged: Cur=com.example.slowdown	 last=com.miui.home
2026-01-17 19:15:18.272  2674-3397  VerityUtils             system_server                        E  Failed to measure fs-verity, errno 1: /data/app/~~rLc7ZXGSprLpGA6Me1mi_Q==/com.example.slowdown-n0uw_g_v9nAnHwF2YTZaPw==/base.apk
2026-01-17 19:15:18.295 11239-11239 Perf                    com.example.slowdown                 I  Connecting to perf service.
2026-01-17 19:15:18.297 11239-11239 GraphicsEnvironment     com.example.slowdown                 V  ANGLE Developer option for 'com.example.slowdown' set to: 'default'
2026-01-17 19:15:18.297 11239-11239 GraphicsEnvironment     com.example.slowdown                 V  ANGLE GameManagerService for com.example.slowdown: false
2026-01-17 19:15:18.298 11239-11239 GraphicsEnvironment     com.example.slowdown                 V  Updatable production driver is not supported on the device.
2026-01-17 19:15:18.299 11239-11239 ForceDarkHelperStubImpl com.example.slowdown                 I  initialize for com.example.slowdown , ForceDarkOrigin
2026-01-17 19:15:18.300 11239-11239 xample.slowdown         com.example.slowdown                 D  JNI_OnLoad success
2026-01-17 19:15:18.300 11239-11239 MiuiForceDarkConfig     com.example.slowdown                 I  setConfig density:2.750000, mainRule:0, secondaryRule:0, tertiaryRule:0
2026-01-17 19:15:18.300 11239-11239 NetworkSecurityConfig   com.example.slowdown                 D  No Network Security Config specified, using platform default
2026-01-17 19:15:18.301 11239-11239 NetworkSecurityConfig   com.example.slowdown                 D  No Network Security Config specified, using platform default
2026-01-17 19:15:18.305 11239-11239 xample.slowdown         com.example.slowdown                 W  Accessing hidden method Ldalvik/system/VMRuntime;->getRuntime()Ldalvik/system/VMRuntime; (unsupported,core-platform-api, reflection, allowed)
2026-01-17 19:15:18.305 11239-11239 xample.slowdown         com.example.slowdown                 W  Accessing hidden method Ldalvik/system/VMRuntime;->setHiddenApiExemptions([Ljava/lang/String;)V (blocked,core-platform-api, reflection, denied)
2026-01-17 19:15:18.305 11239-11239 SlowDown                com.example.slowdown                 E  [MiuiHelper] Meta-reflection failed: null
2026-01-17 19:15:18.305 11239-11239 xample.slowdown         com.example.slowdown                 W  Accessing hidden method Ldalvik/system/VMRuntime;->setHiddenApiExemptions([Ljava/lang/String;)V (blocked,core-platform-api, reflection, denied)
2026-01-17 19:15:18.305 11239-11239 SlowDown                com.example.slowdown                 E  [MiuiHelper] Unsafe method also failed: dalvik.system.VMRuntime.setHiddenApiExemptions [class [Ljava.lang.String;]
2026-01-17 19:15:18.317 11239-11239 SlowDown                com.example.slowdown                 D  [NotificationHelper] Notification channels created
2026-01-17 19:15:18.321 11239-11239 MiuiMultiWindowAdapter  com.example.slowdown                 D  MiuiMultiWindowAdapter::getFreeformVideoWhiteListInSystem::LIST_ABOUT_SUPPORT_LANDSCAPE_VIDEO = [com.hunantv.imgo.activity, com.tencent.qqlive, com.qiyi.video, com.hunantv.imgo.activity.inter, com.tencent.qqlivei18n, com.iqiyi.i18n, tv.danmaku.bili]
2026-01-17 19:15:18.407 11239-11239 libc                    com.example.slowdown                 W  Access denied finding property "ro.vendor.df.effect.conflict"
2026-01-17 19:15:18.404 11239-11239 xample.slowdown         com.example.slowdown                 W  type=1400 audit(0.0:40055): avc: denied { read } for name="u:object_r:vendor_displayfeature_prop:s0" dev="tmpfs" ino=402 scontext=u:r:untrusted_app:s0:c140,c259,c512,c768 tcontext=u:object_r:vendor_displayfeature_prop:s0 tclass=file permissive=0
2026-01-17 19:15:18.413 11239-11239 IS_CTS_MODE             com.example.slowdown                 D  false
2026-01-17 19:15:18.413 11239-11239 MULTI_WINDOW_ENABLED    com.example.slowdown                 D  false
2026-01-17 19:15:18.415 11239-11239 DecorView[]             com.example.slowdown                 D  getWindowModeFromSystem  windowmode is 1
2026-01-17 19:15:18.418 11239-11293 ViewContentFactory      com.example.slowdown                 D  initViewContentFetcherClass
2026-01-17 19:15:18.418 11239-11293 ViewContentFactory      com.example.slowdown                 D  getInterceptorPackageInfo
2026-01-17 19:15:18.418 11239-11293 ViewContentFactory      com.example.slowdown                 D  getInitialApplication took 0ms
2026-01-17 19:15:18.418 11239-11293 ViewContentFactory      com.example.slowdown                 D  packageInfo.packageName: com.miui.catcherpatch
2026-01-17 19:15:18.423 11239-11293 ViewContentFactory      com.example.slowdown                 D  initViewContentFetcherClass took 5ms
2026-01-17 19:15:18.423 11239-11293 ContentCatcher          com.example.slowdown                 I  ViewContentFetcher : ViewContentFetcher
2026-01-17 19:15:18.423 11239-11293 ViewContentFactory      com.example.slowdown                 D  createInterceptor took 5ms
2026-01-17 19:15:18.442 11239-11239 ViewRootImpl            com.example.slowdown                 I  use first frame acceleration
2026-01-17 19:15:18.442 11239-11239 DecorView[]             com.example.slowdown                 D  getWindowModeFromSystem  windowmode is 1
2026-01-17 19:15:18.442 11239-11239 DecorView[]             com.example.slowdown                 D  updateDecorCaptionStatus windowMode is 1
2026-01-17 19:15:18.444  2674-7693  CoreBackPreview         system_server                        D  Window{fd44df3 u0 com.example.slowdown/com.example.slowdown.MainActivity}: Setting back callback OnBackInvokedCallbackInfo{mCallback=android.window.IOnBackInvokedCallback$Stub$Proxy@29a3d29, mPriority=0}
2026-01-17 19:15:18.444 11239-11239 Choreographer           com.example.slowdown                 I  first vsync insert message into MessageQueue Head
2026-01-17 19:15:18.445  4936-4936  RecentsImpl             com.miui.home                        D  mActivityStateObserver com.example.slowdown.MainActivity
2026-01-17 19:15:18.445  4936-4936  RecentsImpl             com.miui.home                        W  onResumed className=com.example.slowdown.MainActivity   mIsInAnotherPro=false   isKeyguardLocked=false   mSecuritySpaceGuideShown=false
2026-01-17 19:15:18.658 11239-11239 xample.slowdown         com.example.slowdown                 W  Accessing hidden method Landroid/app/AppOpsManager;->checkOpNoThrow(IILjava/lang/String;)I (unsupported, reflection, allowed)
2026-01-17 19:15:18.659 11239-11239 SlowDown                com.example.slowdown                 D  [MiuiHelper] canBackgroundStart check: opCode=10021, result=0, allowed=true
2026-01-17 19:15:18.748  2674-7679  WindowManager           system_server                        D  Input focus has changed to Window{fd44df3 u0 com.example.slowdown/com.example.slowdown.MainActivity} display=0 updateInputWindows = true
2026-01-17 19:15:18.749  2674-3269  WindowManager           system_server                        D  Update InputWindowHandle: fd44df3 com.example.slowdown/com.example.slowdown.MainActivity, frame=[0,0,0,0], touchableRegion=SkRegion((0,0,1080,2400)), scaleFactor=1.0, transform=null, windowToken=android.os.BinderProxy@d637862, isClone=false, visibal=true, focusable=true, changed=true
2026-01-17 19:15:18.753 11239-11283 AdrenoGLES-0            com.example.slowdown                 I  QUALCOMM build                   : 1a285a84ae, I2991b7e11e
                                                                                                    Build Date                       : 06/04/23
                                                                                                    OpenGL ES Shader Compiler Version: E031.41.03.36
                                                                                                    Local Branch                     : 
                                                                                                    Remote Branch                    : 
                                                                                                    Remote Branch                    : 
                                                                                                    Reconstruct Branch               : 
2026-01-17 19:15:18.753 11239-11283 AdrenoGLES-0            com.example.slowdown                 I  Build Config                     : S P 14.1.4 AArch64
2026-01-17 19:15:18.753 11239-11283 AdrenoGLES-0            com.example.slowdown                 I  Driver Path                      : /vendor/lib64/egl/libGLESv2_adreno.so
2026-01-17 19:15:18.753 11239-11283 AdrenoGLES-0            com.example.slowdown                 I  Driver Version                   : 0676.32
2026-01-17 19:15:18.755  2067-3395  SurfaceFlinger          surfaceflinger                       I  sf.setTransactionState focusRequest transactionId:11484742736199 frontWin:fd44df3 com.example.slowdown/com.example.slowdown.MainActivity
2026-01-17 19:15:18.756 11239-11283 AdrenoGLES-0            com.example.slowdown                 I  PFP: 0x01740158, ME: 0x00000000
2026-01-17 19:15:18.761 11239-11283 AdrenoUtils             com.example.slowdown                 I  <ReadGpuID:408>: Reading chip ID through GSL
2026-01-17 19:15:18.763 11239-11283 libc                    com.example.slowdown                 W  Access denied finding property "vendor.migl.debug"
2026-01-17 19:15:18.765 11239-11283 libEGL                  com.example.slowdown                 E  pre_cache appList: ,,
2026-01-17 19:15:18.774 11239-11283 xample.slowdown         com.example.slowdown                 D  MiuiProcessManagerServiceStub setSchedFifo
2026-01-17 19:15:18.774 11239-11283 MiuiProcessManagerImpl  com.example.slowdown                 I  setSchedFifo pid:11239, mode:3
2026-01-17 19:15:18.778 11239-11283 libEGL                  com.example.slowdown                 E  pre_cache appList: ,,
2026-01-17 19:15:18.808 11239-11239 RenderThread            com.example.slowdown                 W  type=1400 audit(0.0:40056): avc: denied { getattr } for path="/sys/module/metis/parameters/minor_window_app" dev="sysfs" ino=78156 scontext=u:r:untrusted_app:s0:c140,c259,c512,c768 tcontext=u:object_r:sysfs_migt:s0 tclass=file permissive=0
2026-01-17 19:15:18.812 11239-11283 Parcel                  com.example.slowdown                 W  Expecting binder but got null!
2026-01-17 19:15:18.812 11239-11239 Looper                  com.example.slowdown                 W  PerfMonitor doFrame : time=368ms vsyncFrame=0 latency=0ms procState=-1 historyMsgCount=1 (msgIndex=1 wall=127ms seq=4 late=198ms h=android.app.ActivityThread$H w=159)
2026-01-17 19:15:18.813 11239-11239 Looper                  com.example.slowdown                 W  PerfMonitor looperActivity : package=com.example.slowdown/.MainActivity time=0ms latency=693ms running=0ms  procState=-1  historyMsgCount=7 (msgIndex=3 wall=194ms seq=3 late=5ms h=android.app.ActivityThread$H w=110) (msgIndex=4 wall=127ms seq=4 late=198ms h=android.app.ActivityThread$H w=159) (msgIndex=5 wall=368ms seq=5 h=android.view.Choreographer$FrameHandler c=android.view.Choreographer$FrameDisplayEventReceiver)
2026-01-17 19:15:18.813  2674-7372  WindowManager           system_server                        D  finishDrawingLocked: mDrawState=COMMIT_DRAW_PENDING Window{fd44df3 u0 com.example.slowdown/com.example.slowdown.MainActivity} in Surface(name=com.example.slowdown/com.example.slowdown.MainActivity)/@0x7d730
2026-01-17 19:15:18.829  2674-3263  ziparchive              system_server                        W  Unable to open '/data/app/~~rLc7ZXGSprLpGA6Me1mi_Q==/com.example.slowdown-n0uw_g_v9nAnHwF2YTZaPw==/base.dm': No such file or directory
2026-01-17 19:15:18.830  2674-3269  WindowManager           system_server                        I  showSurfaceRobustly mWin:Window{fd44df3 u0 com.example.slowdown/com.example.slowdown.MainActivity}
2026-01-17 19:15:18.830  2674-3263  ActivityTaskManager     system_server                        I  Displayed com.example.slowdown/.MainActivity: +906ms
2026-01-17 19:15:18.836  2674-3269  WindowManager           system_server                        D  Update InputWindowHandle: fd44df3 com.example.slowdown/com.example.slowdown.MainActivity, frame=[0,0,0,0], touchableRegion=SkRegion((0,0,1080,2400)), scaleFactor=1.0, transform=null, windowToken=android.os.BinderProxy@d637862, isClone=false, visibal=true, focusable=true, changed=true
2026-01-17 19:15:18.838 11239-11239 SlowDown                com.example.slowdown                 D  [MiuiHelper] canBackgroundStart check: opCode=10021, result=0, allowed=true
2026-01-17 19:15:18.838 11239-11239 Choreographer           com.example.slowdown                 I  Skipped 45 frames!  The application may be doing too much work on its main thread.
2026-01-17 19:15:18.856  2674-7693  CoreBackPreview         system_server                        D  Window{5dffcd8 u0 Splash Screen com.example.slowdown}: Setting back callback null
2026-01-17 19:15:18.857  2674-7446  InputManager-JNI        system_server                        W  Input channel object '5dffcd8 Splash Screen com.example.slowdown (client)' was disposed without first being removed with the input manager!
2026-01-17 19:15:18.861  2674-3269  WindowManager           system_server                        D  Update InputWindowHandle: fd44df3 com.example.slowdown/com.example.slowdown.MainActivity, frame=[0,0,0,0], touchableRegion=SkRegion((0,0,1080,2400)), scaleFactor=1.0, transform=null, windowToken=android.os.BinderProxy@d637862, isClone=false, visibal=true, focusable=true, changed=true
2026-01-17 19:15:18.868 11239-11239 Looper                  com.example.slowdown                 W  PerfMonitor doFrame : time=30ms vsyncFrame=0 latency=378ms procState=-1 historyMsgCount=8 (msgIndex=1 wall=368ms seq=5 h=android.view.Choreographer$FrameHandler c=android.view.Choreographer$FrameDisplayEventReceiver)
2026-01-17 19:15:18.868 11239-11239 RenderThread            com.example.slowdown                 W  type=1400 audit(0.0:40057): avc: denied { getattr } for path="/sys/module/metis/parameters/minor_window_app" dev="sysfs" ino=78156 scontext=u:r:untrusted_app:s0:c140,c259,c512,c768 tcontext=u:object_r:sysfs_migt:s0 tclass=file permissive=0
2026-01-17 19:15:18.880 11239-11239 DecorView[]             com.example.slowdown                 D  onWindowFocusChanged hasWindowFocus true
2026-01-17 19:15:18.881 11239-11239 HandWritingStubImpl     com.example.slowdown                 I  refreshLastKeyboardType: 1
2026-01-17 19:15:18.881 11239-11239 HandWritingStubImpl     com.example.slowdown                 I  getCurrentKeyboardType: 1
2026-01-17 19:15:18.885  6861-6861  SogouIME                com.sohu.inputmethod.sogou.xiaomi    D  SogouIME onStartInput: com.example.slowdown 124531346
2026-01-17 19:15:18.885  6861-6861  BaseInputMethodService  com.sohu.inputmethod.sogou.xiaomi    E  onStartInput app:com.example.slowdown restarting:false
2026-01-17 19:15:18.892 11239-11239 RenderThread            com.example.slowdown                 W  type=1400 audit(0.0:40058): avc: denied { getattr } for path="/sys/module/metis/parameters/minor_window_app" dev="sysfs" ino=78156 scontext=u:r:untrusted_app:s0:c140,c259,c512,c768 tcontext=u:object_r:sysfs_migt:s0 tclass=file permissive=0
2026-01-17 19:15:18.898  4936-4936  Launcher.Model          com.miui.home                        D  LauncherAppsCallback onPackageChanged|com.example.slowdown|UserHandle{0}
2026-01-17 19:15:18.906 11239-11239 HandWritingStubImpl     com.example.slowdown                 I  getCurrentKeyboardType: 1
2026-01-17 19:15:18.928 11239-11239 RenderThread            com.example.slowdown                 W  type=1400 audit(0.0:40059): avc: denied { getattr } for path="/sys/module/metis/parameters/minor_window_app" dev="sysfs" ino=78156 scontext=u:r:untrusted_app:s0:c140,c259,c512,c768 tcontext=u:object_r:sysfs_migt:s0 tclass=file permissive=0
2026-01-17 19:15:18.936  4936-5069  IconCustomizer          com.miui.home                        D  Generate customized icon for com.example.slowdown.png
2026-01-17 19:15:18.960  4936-5069  Launcher.AllAppsList    com.miui.home                        D  updatePackage, packageName=com.example.slowdown, loadMissing=false, user=UserHandle{0}, matchedSize=1
2026-01-17 19:15:18.973  4936-5069  Launcher.AllAppsList    com.miui.home                        D  updatePackage, find appInfo=AppInfo, id=-1, itemType=0, user=UserHandle{0}, mIconType=0, pkgName=com.example.slowdown, className=com.example.slowdown.MainActivity, screenId=-1, container=-1, cellX=-1, cellY=-1, spanX=1, spanY=1 from ComponentInfo{com.example.slowdown/com.example.slowdown.MainActivity}
2026-01-17 19:15:18.974  4936-5069  Launcher.Model          com.miui.home                        D  onReceiveBackground, mAllAppsList=add=[], remove=[], modified=[(0, AppInfo, id=-1, itemType=0, user=UserHandle{0}, mIconType=0, pkgName=com.example.slowdown, className=com.example.slowdown.MainActivity, screenId=-1, container=-1, cellX=-1, cellY=-1, spanX=1, spanY=1)]
2026-01-17 19:15:19.337  9052-9794  DisplayFrameSetting     com.miui.powerkeeper                 I  homeToAppEnd pkg=com.example.slowdown
2026-01-17 19:15:19.408 11239-11239 RenderThread            com.example.slowdown                 W  type=1400 audit(0.0:40118): avc: denied { getattr } for path="/sys/module/metis/parameters/minor_window_app" dev="sysfs" ino=78156 scontext=u:r:untrusted_app:s0:c140,c259,c512,c768 tcontext=u:object_r:sysfs_migt:s0 tclass=file permissive=0
2026-01-17 19:15:19.416 11239-11239 RenderThread            com.example.slowdown                 W  type=1400 audit(0.0:40119): avc: denied { getattr } for path="/sys/module/metis/parameters/minor_window_app" dev="sysfs" ino=78156 scontext=u:r:untrusted_app:s0:c140,c259,c512,c768 tcontext=u:object_r:sysfs_migt:s0 tclass=file permissive=0
2026-01-17 19:15:19.424 11239-11239 RenderThread            com.example.slowdown                 W  type=1400 audit(0.0:40120): avc: denied { getattr } for path="/sys/module/metis/parameters/minor_window_app" dev="sysfs" ino=78156 scontext=u:r:untrusted_app:s0:c140,c259,c512,c768 tcontext=u:object_r:sysfs_migt:s0 tclass=file permissive=0
2026-01-17 19:15:19.432 11239-11239 RenderThread            com.example.slowdown                 W  type=1400 audit(0.0:40121): avc: denied { getattr } for path="/sys/module/metis/parameters/minor_window_app" dev="sysfs" ino=78156 scontext=u:r:untrusted_app:s0:c140,c259,c512,c768 tcontext=u:object_r:sysfs_migt:s0 tclass=file permissive=0
2026-01-17 19:15:19.440 11239-11239 RenderThread            com.example.slowdown                 W  type=1400 audit(0.0:40122): avc: denied { getattr } for path="/sys/module/metis/parameters/minor_window_app" dev="sysfs" ino=78156 scontext=u:r:untrusted_app:s0:c140,c259,c512,c768 tcontext=u:object_r:sysfs_migt:s0 tclass=file permissive=0
2026-01-17 19:15:21.166  7333-8810  AppPredictService       com.miui.securitycenter.remote       D  start doPredict com.example.slowdown
2026-01-17 19:15:21.212  8432-8457  AppUpdateXmsfLauncher   com.xiaomi.xmsf                      D  activityResumed intent : Intent { cmp=com.example.slowdown/.MainActivity (has extras) }
2026-01-17 19:15:21.212  8432-8457  services                com.xiaomi.xmsf                      D  [XMS][observer] ActivityObserver activityResumed packageName: com.example.slowdown
2026-01-17 19:15:21.215  9805-9870  auth                    com.xiaomi.xmsf                      D  [XMS][Auth] ActivityObserver activityResumed packageName: com.example.slowdown
2026-01-17 19:15:21.215  8432-8432  AppLifecycleObserver    com.xiaomi.xmsf                      D  onReceive: com.example.slowdown FOREGROUND
2026-01-17 19:15:21.217  8432-8432  PkgUtils                com.xiaomi.xmsf                      D  getApplicationInfo packageName:com.example.slowdown, flags:128 applicationInfo:ApplicationInfo{9700cec com.example.slowdown} needSecondSpace:false
2026-01-17 19:15:21.225 10127-15604 AutoInstallService      com.miui.core                        D  onForegroundInfoChanged: com.example.slowdown
2026-01-17 19:15:22.479  2674-3931  MIUIInput               system_server                        D  [MotionEvent] publisher action=0x0, 51267569, channel 'fd44df3 com.example.slowdown/com.example.slowdown.MainActivity (server)'
2026-01-17 19:15:22.483  2674-3931  MIUIInput               system_server                        D  [MotionEvent] publisher action=0x1, 51267576, channel 'fd44df3 com.example.slowdown/com.example.slowdown.MainActivity (server)'
2026-01-17 19:15:22.511 11239-11239 OnBackInvokedCallback   com.example.slowdown                 W  OnBackInvokedCallback is not enabled for the application.
                                                                                                    Set 'android:enableOnBackInvokedCallback="true"' in the application manifest.
2026-01-17 19:15:22.522 11239-11239 SlowDown                com.example.slowdown                 D  [MiuiHelper] canBackgroundStart check: opCode=10021, result=0, allowed=true
2026-01-17 19:15:22.620 11239-11239 SlowDown                com.example.slowdown                 D  [MiuiHelper] canBackgroundStart check: opCode=10021, result=0, allowed=true
2026-01-17 19:15:23.267  2674-3931  MIUIInput               system_server                        D  [MotionEvent] publisher action=0x0, 51268361, channel 'fd44df3 com.example.slowdown/com.example.slowdown.MainActivity (server)'
2026-01-17 19:15:23.358  2674-3931  MIUIInput               system_server                        D  [MotionEvent] publisher action=0x1, 51268452, channel 'fd44df3 com.example.slowdown/com.example.slowdown.MainActivity (server)'
2026-01-17 19:15:23.462 11239-11239 Compatibil...geReporter com.example.slowdown                 D  Compat change id reported: 171228096; UID 10908; state: ENABLED
2026-01-17 19:15:23.676 11239-11393 ProfileInstaller        com.example.slowdown                 D  Installing profile for com.example.slowdown
2026-01-17 19:15:24.741  2674-3931  MIUIInput               system_server                        D  [MotionEvent] publisher action=0x0, 51269834, channel 'fd44df3 com.example.slowdown/com.example.slowdown.MainActivity (server)'
2026-01-17 19:15:24.790  2674-3931  MIUIInput               system_server                        D  [MotionEvent] publisher action=0x1, 51269883, channel 'fd44df3 com.example.slowdown/com.example.slowdown.MainActivity (server)'
2026-01-17 19:15:24.927 11239-11239 ActivityThread          com.example.slowdown                 I  Schedule relaunch activity: com.example.slowdown.MainActivity
2026-01-17 19:15:24.945 11239-11239 MiuiMultiWindowAdapter  com.example.slowdown                 D  MiuiMultiWindowAdapter::getFreeformVideoWhiteListInSystem::LIST_ABOUT_SUPPORT_LANDSCAPE_VIDEO = [com.hunantv.imgo.activity, com.tencent.qqlive, com.qiyi.video, com.hunantv.imgo.activity.inter, com.tencent.qqlivei18n, com.iqiyi.i18n, tv.danmaku.bili]
2026-01-17 19:15:24.950 11239-11293 ViewContentFactory      com.example.slowdown                 D  initViewContentFetcherClass
2026-01-17 19:15:24.950 11239-11293 ContentCatcher          com.example.slowdown                 I  ViewContentFetcher : ViewContentFetcher
2026-01-17 19:15:24.950 11239-11293 ViewContentFactory      com.example.slowdown                 D  createInterceptor took 1ms
2026-01-17 19:15:24.950 11239-11239 DecorView[]             com.example.slowdown                 D  getWindowModeFromSystem  windowmode is 1
2026-01-17 19:15:24.959 11239-11239 ActivityImpl            com.example.slowdown                 E  get life cycle exception (Explain with AI)
                                                                                                    java.lang.ClassCastException: android.os.BinderProxy cannot be cast to android.app.servertransaction.ClientTransaction
                                                                                                    	at android.app.ActivityImpl.checkAccessControl(ActivityImpl.java:61)
                                                                                                    	at android.app.ActivityImpl.onResume(ActivityImpl.java:126)
                                                                                                    	at android.app.Activity.onResume(Activity.java:2088)
                                                                                                    	at android.app.Instrumentation.callActivityOnResume(Instrumentation.java:1565)
