2026-01-20 01:51:28.053  2743-7521  ActivityManager         system_server                        I  Force stopping com.example.slowdown appid=10241 user=0: from process:27204
2026-01-20 01:51:28.056  2743-7521  ActivityManager         system_server                        W  Invalid packageName: com.example.slowdown
2026-01-20 01:51:28.060  5269-5269  CarrierSvcBindHelper    com.android.phone                    D  onHandleForceStop: [com.example.slowdown]
2026-01-20 01:51:28.212 27226-27226 run-as                  pid-27226                            W  type=1400 audit(0.0:16958): avc: granted { execute } for name="install_server-4d42d08a" dev="dm-52" ino=1499462 scontext=u:r:runas_app:s0:c241,c256,c512,c768 tcontext=u:object_r:app_data_file:s0:c241,c256,c512,c768 tclass=file app=com.example.slowdown
2026-01-20 01:51:28.212 27226-27226 install_server-         pid-27226                            W  type=1400 audit(0.0:16959): avc: granted { execute } for path="/data/data/com.example.slowdown/code_cache/install_server-4d42d08a" dev="dm-52" ino=1499462 scontext=u:r:runas_app:s0:c241,c256,c512,c768 tcontext=u:object_r:app_data_file:s0:c241,c256,c512,c768 tclass=file app=com.example.slowdown
2026-01-20 01:51:28.216 27226-27226 install_server-         pid-27226                            W  type=1400 audit(0.0:16960): avc: denied { search } for name="tests" dev="dm-52" ino=134 scontext=u:r:runas_app:s0:c241,c256,c512,c768 tcontext=u:object_r:shell_test_data_file:s0 tclass=dir permissive=0 app=com.example.slowdown
2026-01-20 01:51:28.216 27226-27226 install_server-         pid-27226                            W  type=1400 audit(0.0:16961): avc: denied { search } for name="tests" dev="dm-52" ino=134 scontext=u:r:runas_app:s0:c241,c256,c512,c768 tcontext=u:object_r:shell_test_data_file:s0 tclass=dir permissive=0 app=com.example.slowdown
2026-01-20 01:51:28.216 27226-27226 install_server-         pid-27226                            W  type=1400 audit(0.0:16962): avc: denied { search } for name="tests" dev="dm-52" ino=134 scontext=u:r:runas_app:s0:c241,c256,c512,c768 tcontext=u:object_r:shell_test_data_file:s0 tclass=dir permissive=0 app=com.example.slowdown
2026-01-20 01:51:28.302  2743-7521  ActivityManager         system_server                        I  Force stopping com.example.slowdown appid=10241 user=0: from process:27231
2026-01-20 01:51:28.304  2743-7521  ActivityManager         system_server                        W  Invalid packageName: com.example.slowdown
2026-01-20 01:51:28.308  5269-5269  CarrierSvcBindHelper    com.android.phone                    D  onHandleForceStop: [com.example.slowdown]
2026-01-20 01:51:28.331  2743-3153  XSpaceMana...erviceImpl system_server                        W  checkXSpaceControl, from:com.android.shell, to:com.example.slowdown, with act:android.intent.action.MAIN, callingUserId:0, toUserId:0
2026-01-20 01:51:28.331  2743-3153  ActivityTaskManager     system_server                        I  START u0 {act=android.intent.action.MAIN cat=[android.intent.category.LAUNCHER] flg=0x10000000 cmp=com.example.slowdown/.MainActivity} from uid 2000 from pid 27237 callingPackage com.android.shell
2026-01-20 01:51:28.332  2743-3153  AurogonImmobulusMode    system_server                        D  launch app processName = com.example.slowdown uid = 10241
2026-01-20 01:51:28.333  2743-3153  MiGgameTyp...cationImpl system_server                        D  checkIfGameBeSupported app:com.example.slowdown
2026-01-20 01:51:28.333  2743-3153  WindowManager           system_server                        I  When perf version exceed 2.3, MiGTStub result: false, gameType: 1, packageName: com.example.slowdown
2026-01-20 01:51:28.333  2743-3153  MiGgameTyp...cationImpl system_server                        D  checkIfGameBeSupported app:com.example.slowdown
2026-01-20 01:51:28.359  2743-3312  Boost                   system_server                        D  hostingType=next-top-activity, hostingName={com.example.slowdown/com.example.slowdown.MainActivity}, callerPackage=com.android.shell, isSystem=true, isBoostNeeded=false.
2026-01-20 01:51:28.360  2743-3312  MiuiProces...icyManager system_server                        D  promote com.example.slowdown maxAdj to prev  + 1, maxProcState to + PER 
2026-01-20 01:51:28.360  2743-3312  ActivityManager         system_server                        I  Start proc 27245:com.example.slowdown/u0a241 for next-top-activity {com.example.slowdown/com.example.slowdown.MainActivity} caller=com.android.shell
2026-01-20 01:51:28.365  5328-6126  ActivityManagerWrapper  com.miui.home                        E  getRecentTasks: mainTaskId=4140   userId=0   baseIntent=Intent { act=android.intent.action.MAIN flag=268435456 cmp=ComponentInfo{com.example.slowdown/com.example.slowdown.MainActivity} }
2026-01-20 01:51:28.365  5328-6126  ActivityManagerWrapper  com.miui.home                        E  getRecentTasks: mainTaskId=4139   userId=0   baseIntent=Intent { act=null flag=881197056 cmp=ComponentInfo{com.example.slowdown/com.example.slowdown.ui.warning.UsageWarningActivity} }
2026-01-20 01:51:28.365  2743-7521  CoreBackPreview         system_server                        D  Window{a2ecd49 u0 Splash Screen com.example.slowdown}: Setting back callback OnBackInvokedCallbackInfo{mCallback=android.window.IOnBackInvokedCallback$Stub$Proxy@724978b, mPriority=0}
2026-01-20 01:51:28.367 27245-27245 xample.slowdown         pid-27245                            I  Late-enabling -Xcheck:jni
2026-01-20 01:51:28.368  7724-12517 SQLiteLog               com.qualcomm.qti.workloadclassifier  W  (28) double-quoted string literal: "com.example.slowdown"
2026-01-20 01:51:28.386  2743-3297  SmartPower...n/10241(0) system_server                        I  died->visible(8044ms) R(become visible) adj=-10000.
2026-01-20 01:51:28.386  2743-4486  SmartPower              system_server                        I  com.example.slowdown/10241 state=died adj=0 proc size=1 move to foreground become visible
2026-01-20 01:51:28.394  2743-3297  WindowManager           system_server                        I  showSurfaceRobustly mWin:Window{a2ecd49 u0 Splash Screen com.example.slowdown}
2026-01-20 01:51:28.401  5328-6126  RecentsModel            com.miui.home                        W  getRunningTask   taskInfo=TaskInfo{userId=0 taskId=4140 displayId=0 isRunning=true baseIntent=Intent { act=android.intent.action.MAIN cat=[android.intent.category.LAUNCHER] flg=0x10000000 cmp=com.example.slowdown/.MainActivity } baseActivity=ComponentInfo{com.example.slowdown/com.example.slowdown.MainActivity} topActivity=ComponentInfo{com.example.slowdown/com.example.slowdown.MainActivity} origActivity=null realActivity=ComponentInfo{com.example.slowdown/com.example.slowdown.MainActivity} numActivities=1 lastActiveTime=33876859 supportsSplitScreenMultiWindow=true supportsMultiWindow=true resizeMode=1 isResizeable=true minWidth=-1 minHeight=-1 defaultMinSize=200 token=WCT{android.window.IWindowContainerToken$Stub$Proxy@1b2fa24} topActivityType=1 pictureInPictureParams=null shouldDockBigOverlays=false launchIntoPipHostTaskId=0 displayCutoutSafeInsets=Rect(0, 104 - 0, 0) topActivityInfo=ActivityInfo{d43a98d com.example.slowdown.MainActivity} launchCookies=[] positionInParent=Point(0, 0) parentTaskId=-1 isFocused=false isVisible=true isSleeping=false topActivityInSizeCompat=false topActivityInMiuiSizeCompat=false topActivityEligibleForLetterboxEducation= false locusId=null displayAreaFeatureId=1 cameraCompatControlState=hidden mIsCastMode=false}
2026-01-20 01:51:28.401  5328-6126  RecentsModel            com.miui.home                        W  getTaskInfoIgnoreHomeAndFreeform   taskInfo=ComponentInfo{com.example.slowdown/com.example.slowdown.MainActivity}
2026-01-20 01:51:28.403  5328-6126  ActivityManagerWrapper  com.miui.home                        E  getRecentTasks: mainTaskId=4140   userId=0   baseIntent=Intent { act=android.intent.action.MAIN flag=268435456 cmp=ComponentInfo{com.example.slowdown/com.example.slowdown.MainActivity} }
2026-01-20 01:51:28.403  5328-6126  ActivityManagerWrapper  com.miui.home                        E  getRecentTasks: mainTaskId=4139   userId=0   baseIntent=Intent { act=null flag=881197056 cmp=ComponentInfo{com.example.slowdown/com.example.slowdown.ui.warning.UsageWarningActivity} }
2026-01-20 01:51:28.410  7839-9850  ProcessMonitor          com.miui.securitycenter.remote       I  onForegroundInfoChanged: ForegroundInfo{mForegroundPackageName='com.example.slowdown', mForegroundUid=10241, mForegroundPid=27245, mLastForegroundPackageName='com.miui.home', mLastForegroundUid=10124, mLastForegroundPid=5328, mMultiWindowForegroundPackageName='com.example.slowdown', mMultiWindowForegroundUid=10241, mFlags=1}
2026-01-20 01:51:28.410  5161-5174  A2dpLatencyMode         com.android.bluetooth                D  ForegroundInfo{mForegroundPackageName='com.example.slowdown', mForegroundUid=10241, mForegroundPid=27245, mLastForegroundPackageName='com.miui.home', mLastForegroundUid=10124, mLastForegroundPid=5328, mMultiWindowForegroundPackageName='com.example.slowdown', mMultiWindowForegroundUid=10241, mFlags=1}
2026-01-20 01:51:28.410  9354-9548  PerfEngineController    com.miui.powerkeeper                 D  ForegroundInfo{mForegroundPackageName='com.example.slowdown', mForegroundUid=10241, mForegroundPid=27245, mLastForegroundPackageName='com.miui.home', mLastForegroundUid=10124, mLastForegroundPid=5328, mMultiWindowForegroundPackageName='com.example.slowdown', mMultiWindowForegroundUid=10241, mFlags=1}
2026-01-20 01:51:28.410  5328-5383  AppObserver             com.miui.home                        D  ForegroundInfo{mForegroundPackageName='com.example.slowdown', mForegroundUid=10241, mForegroundPid=27245, mLastForegroundPackageName='com.miui.home', mLastForegroundUid=10124, mLastForegroundPid=5328, mMultiWindowForegroundPackageName='com.example.slowdown', mMultiWindowForegroundUid=10241, mFlags=1}
2026-01-20 01:51:28.411  7839-9850  GameBoosterService      com.miui.securitycenter.remote       I  onForegroundInfoChanged: Cur=com.example.slowdown	 last=com.miui.home
2026-01-20 01:51:28.411  7551-11739 MQSService              com.miui.daemon                      W  CallerName:com.example.slowdown,calling Uid:10241
2026-01-20 01:51:28.411 26362-26525 VA_ActivityUtils        com.miui.voiceassist                 D  getTopActivity packageName:ComponentInfo{com.example.slowdown/com.example.slowdown.MainActivity}
2026-01-20 01:51:28.411 26362-26525 VA_AppStateWatcher      com.miui.voiceassist                 D  currentPkgName:com.example.slowdown, className:com.example.slowdown.MainActivity, lastPkgName:com.miui.home
2026-01-20 01:51:28.412  7551-11739 MQSService              com.miui.daemon                      D  registerApplicationScoutThread pid = 27245, packageName = com.example.slowdown
2026-01-20 01:51:28.413  9376-9420  GID                     com.xiaomi.joyose                    I  PKG: com.example.slowdown IG ? false
2026-01-20 01:51:28.413  9376-9420  GST                     com.xiaomi.joyose                    I  forePkg: com.example.slowdown, preForePkg: com.miui.home
2026-01-20 01:51:28.414  7839-9850  GameBoosterService      com.miui.securitycenter.remote       D  onGameStatusChange foreground:ForegroundInfo{mForegroundPackageName='com.example.slowdown', mForegroundUid=10241, mForegroundPid=27245, mLastForegroundPackageName='com.miui.home', mLastForegroundUid=10124, mLastForegroundPid=5328, mMultiWindowForegroundPackageName='com.example.slowdown', mMultiWindowForegroundUid=10241, mFlags=1}
2026-01-20 01:51:28.415 26362-26362 VA_TopAppC...edObserver com.miui.voiceassist                 D  onAppChanged...com.example.slowdown
2026-01-20 01:51:28.415 26362-26362 VA__LAS_LocalAppSearch  com.miui.voiceassist                 I  onTopAppChanged: com.example.slowdown
2026-01-20 01:51:28.416 26362-26362 VA_HybridL...leListener com.miui.voiceassist                 I  onTopAppChanged: newApp=com.example.slowdown from=com.miui.home fromPkg=com.example.slowdown
2026-01-20 01:51:28.418  9376-9420  GID                     com.xiaomi.joyose                    I  PKG: com.example.slowdown IG ? false
2026-01-20 01:51:28.419  9376-9420  GID                     com.xiaomi.joyose                    I  PKG: com.example.slowdown IG ? false
2026-01-20 01:51:28.421 27245-27245 xample.slowdown         pid-27245                            W  DexFile /data/data/com.example.slowdown/code_cache/.studio/instruments-855ca6dc.jar is in boot class path but is not in a known location
2026-01-20 01:51:28.423  7839-9252  SuggestManager          com.miui.securitycenter.remote       E  openApp name = com.example.slowdown
2026-01-20 01:51:28.425 27245-27245 xample.slowdown         pid-27245                            W  Redefining intrinsic method java.lang.Thread java.lang.Thread.currentThread(). This may cause the unexpected use of the original definition of java.lang.Thread java.lang.Thread.currentThread()in methods that have already been compiled.
2026-01-20 01:51:28.425 27245-27245 xample.slowdown         pid-27245                            W  Redefining intrinsic method boolean java.lang.Thread.interrupted(). This may cause the unexpected use of the original definition of boolean java.lang.Thread.interrupted()in methods that have already been compiled.
2026-01-20 01:51:28.428  7839-9850  BeautyService           com.miui.securitycenter.remote       I  onForegroundInfoChanged: Cur=com.example.slowdown	 last=com.miui.home
2026-01-20 01:51:28.452  5328-6126  RecentsModel            com.miui.home                        W  getRunningTask   taskInfo=TaskInfo{userId=0 taskId=4140 displayId=0 isRunning=true baseIntent=Intent { act=android.intent.action.MAIN cat=[android.intent.category.LAUNCHER] flg=0x10000000 cmp=com.example.slowdown/.MainActivity } baseActivity=ComponentInfo{com.example.slowdown/com.example.slowdown.MainActivity} topActivity=ComponentInfo{com.example.slowdown/com.example.slowdown.MainActivity} origActivity=null realActivity=ComponentInfo{com.example.slowdown/com.example.slowdown.MainActivity} numActivities=1 lastActiveTime=33876910 supportsSplitScreenMultiWindow=true supportsMultiWindow=true resizeMode=1 isResizeable=true minWidth=-1 minHeight=-1 defaultMinSize=200 token=WCT{android.window.IWindowContainerToken$Stub$Proxy@3865742} topActivityType=1 pictureInPictureParams=null shouldDockBigOverlays=false launchIntoPipHostTaskId=0 displayCutoutSafeInsets=Rect(0, 104 - 0, 0) topActivityInfo=ActivityInfo{dd57353 com.example.slowdown.MainActivity} launchCookies=[] positionInParent=Point(0, 0) parentTaskId=-1 isFocused=true isVisible=true isSleeping=false topActivityInSizeCompat=false topActivityInMiuiSizeCompat=false topActivityEligibleForLetterboxEducation= false locusId=null displayAreaFeatureId=1 cameraCompatControlState=hidden mIsCastMode=false}
2026-01-20 01:51:28.452  5328-6126  RecentsModel            com.miui.home                        W  getTaskInfoIgnoreHomeAndFreeform   taskInfo=ComponentInfo{com.example.slowdown/com.example.slowdown.MainActivity}
---------------------------- PROCESS STARTED (27245) for package com.example.slowdown ----------------------------
2026-01-20 01:51:28.455  5328-6126  ActivityManagerWrapper  com.miui.home                        E  getRecentTasks: mainTaskId=4140   userId=0   baseIntent=Intent { act=android.intent.action.MAIN flag=268435456 cmp=ComponentInfo{com.example.slowdown/com.example.slowdown.MainActivity} }
2026-01-20 01:51:28.455  5328-6126  ActivityManagerWrapper  com.miui.home                        E  getRecentTasks: mainTaskId=4139   userId=0   baseIntent=Intent { act=null flag=881197056 cmp=ComponentInfo{com.example.slowdown/com.example.slowdown.ui.warning.UsageWarningActivity} }
2026-01-20 01:51:28.462 27245-27245 ziparchive              com.example.slowdown                 W  Unable to open '/data/data/com.example.slowdown/code_cache/.overlay/base.apk/classes3.dm': No such file or directory
2026-01-20 01:51:28.463 27245-27245 ziparchive              com.example.slowdown                 W  Unable to open '/data/data/com.example.slowdown/code_cache/.overlay/base.apk/classes9.dm': No such file or directory
2026-01-20 01:51:28.465 27245-27245 xample.slowdown         com.example.slowdown                 W  ClassLoaderContext classpath size mismatch. expected=0, found=2 (PCL[] | PCL[/data/data/com.example.slowdown/code_cache/.overlay/base.apk/classes3.dex*1326575946:/data/data/com.example.slowdown/code_cache/.overlay/base.apk/classes9.dex*3277831561])
2026-01-20 01:51:28.467  5328-6126  RecentsModel            com.miui.home                        W  getRunningTask   taskInfo=TaskInfo{userId=0 taskId=4140 displayId=0 isRunning=true baseIntent=Intent { act=android.intent.action.MAIN cat=[android.intent.category.LAUNCHER] flg=0x10000000 cmp=com.example.slowdown/.MainActivity } baseActivity=ComponentInfo{com.example.slowdown/com.example.slowdown.MainActivity} topActivity=ComponentInfo{com.example.slowdown/com.example.slowdown.MainActivity} origActivity=null realActivity=ComponentInfo{com.example.slowdown/com.example.slowdown.MainActivity} numActivities=1 lastActiveTime=33876925 supportsSplitScreenMultiWindow=true supportsMultiWindow=true resizeMode=1 isResizeable=true minWidth=-1 minHeight=-1 defaultMinSize=200 token=WCT{android.window.IWindowContainerToken$Stub$Proxy@84e5189} topActivityType=1 pictureInPictureParams=null shouldDockBigOverlays=false launchIntoPipHostTaskId=0 displayCutoutSafeInsets=Rect(0, 104 - 0, 0) topActivityInfo=ActivityInfo{f26a58e com.example.slowdown.MainActivity} launchCookies=[] positionInParent=Point(0, 0) parentTaskId=-1 isFocused=true isVisible=true isSleeping=false topActivityInSizeCompat=false topActivityInMiuiSizeCompat=false topActivityEligibleForLetterboxEducation= false locusId=null displayAreaFeatureId=1 cameraCompatControlState=hidden mIsCastMode=false}
2026-01-20 01:51:28.467  5328-6126  RecentsModel            com.miui.home                        W  getTaskInfoIgnoreHomeAndFreeform   taskInfo=ComponentInfo{com.example.slowdown/com.example.slowdown.MainActivity}
2026-01-20 01:51:28.469  5328-6126  ActivityManagerWrapper  com.miui.home                        E  getRecentTasks: mainTaskId=4140   userId=0   baseIntent=Intent { act=android.intent.action.MAIN flag=268435456 cmp=ComponentInfo{com.example.slowdown/com.example.slowdown.MainActivity} }
2026-01-20 01:51:28.469  5328-6126  ActivityManagerWrapper  com.miui.home                        E  getRecentTasks: mainTaskId=4139   userId=0   baseIntent=Intent { act=null flag=881197056 cmp=ComponentInfo{com.example.slowdown/com.example.slowdown.ui.warning.UsageWarningActivity} }
2026-01-20 01:51:28.470 27245-27245 Perf                    com.example.slowdown                 I  Connecting to perf service.
2026-01-20 01:51:28.472 27245-27245 GraphicsEnvironment     com.example.slowdown                 V  ANGLE Developer option for 'com.example.slowdown' set to: 'default'
2026-01-20 01:51:28.472 27245-27245 GraphicsEnvironment     com.example.slowdown                 V  ANGLE GameManagerService for com.example.slowdown: false
2026-01-20 01:51:28.472 27245-27245 GraphicsEnvironment     com.example.slowdown                 V  Updatable production driver is not supported on the device.
2026-01-20 01:51:28.474 27245-27245 ForceDarkHelperStubImpl com.example.slowdown                 I  initialize for com.example.slowdown , ForceDarkOrigin
2026-01-20 01:51:28.474 27245-27245 xample.slowdown         com.example.slowdown                 D  JNI_OnLoad success
2026-01-20 01:51:28.474 27245-27245 MiuiForceDarkConfig     com.example.slowdown                 I  setConfig density:2.750000, mainRule:0, secondaryRule:0, tertiaryRule:0
2026-01-20 01:51:28.476 27245-27245 NetworkSecurityConfig   com.example.slowdown                 D  No Network Security Config specified, using platform default
2026-01-20 01:51:28.476 27245-27245 NetworkSecurityConfig   com.example.slowdown                 D  No Network Security Config specified, using platform default
2026-01-20 01:51:28.477 27245-27245 xample.slowdown         com.example.slowdown                 W  Accessing hidden method Ldalvik/system/VMRuntime;->getRuntime()Ldalvik/system/VMRuntime; (unsupported,core-platform-api, reflection, allowed)
2026-01-20 01:51:28.477 27245-27245 xample.slowdown         com.example.slowdown                 W  Accessing hidden method Ldalvik/system/VMRuntime;->setHiddenApiExemptions([Ljava/lang/String;)V (blocked,core-platform-api, reflection, denied)
2026-01-20 01:51:28.477 27245-27245 SlowDown                com.example.slowdown                 E  [MiuiHelper] Meta-reflection failed: null
2026-01-20 01:51:28.477 27245-27245 xample.slowdown         com.example.slowdown                 W  Accessing hidden method Ldalvik/system/VMRuntime;->setHiddenApiExemptions([Ljava/lang/String;)V (blocked,core-platform-api, reflection, denied)
2026-01-20 01:51:28.477 27245-27245 SlowDown                com.example.slowdown                 E  [MiuiHelper] Unsafe method also failed: dalvik.system.VMRuntime.setHiddenApiExemptions [class [Ljava.lang.String;]
2026-01-20 01:51:28.484 27245-27245 SlowDown                com.example.slowdown                 D  [NotificationHelper] Notification channels created
2026-01-20 01:51:28.486 27245-27245 MiuiMultiWindowAdapter  com.example.slowdown                 D  MiuiMultiWindowAdapter::getFreeformVideoWhiteListInSystem::LIST_ABOUT_SUPPORT_LANDSCAPE_VIDEO = [com.hunantv.imgo.activity, com.tencent.qqlive, com.qiyi.video, com.hunantv.imgo.activity.inter, com.tencent.qqlivei18n, com.iqiyi.i18n, tv.danmaku.bili]
2026-01-20 01:51:28.525 27245-27245 libc                    com.example.slowdown                 W  Access denied finding property "ro.vendor.df.effect.conflict"
2026-01-20 01:51:28.528 27245-27245 IS_CTS_MODE             com.example.slowdown                 D  false
2026-01-20 01:51:28.528 27245-27245 MULTI_WINDOW_ENABLED    com.example.slowdown                 D  false
2026-01-20 01:51:28.529 27245-27245 DecorView[]             com.example.slowdown                 D  getWindowModeFromSystem  windowmode is 1
2026-01-20 01:51:28.545 27245-27245 ViewRootImpl            com.example.slowdown                 I  use first frame acceleration
2026-01-20 01:51:28.545 27245-27245 DecorView[]             com.example.slowdown                 D  getWindowModeFromSystem  windowmode is 1
2026-01-20 01:51:28.545 27245-27245 DecorView[]             com.example.slowdown                 D  updateDecorCaptionStatus windowMode is 1
2026-01-20 01:51:28.547  2743-7521  CoreBackPreview         system_server                        D  Window{e7091a4 u0 com.example.slowdown/com.example.slowdown.MainActivity}: Setting back callback OnBackInvokedCallbackInfo{mCallback=android.window.IOnBackInvokedCallback$Stub$Proxy@96c7ac2, mPriority=0}
2026-01-20 01:51:28.547 27245-27289 ViewContentFactory      com.example.slowdown                 D  initViewContentFetcherClass
2026-01-20 01:51:28.547 27245-27289 ViewContentFactory      com.example.slowdown                 D  getInterceptorPackageInfo
2026-01-20 01:51:28.548 27245-27289 ViewContentFactory      com.example.slowdown                 D  getInitialApplication took 0ms
2026-01-20 01:51:28.548 27245-27289 ViewContentFactory      com.example.slowdown                 D  packageInfo.packageName: com.miui.catcherpatch
2026-01-20 01:51:28.549 27245-27245 Choreographer           com.example.slowdown                 I  first vsync insert message into MessageQueue Head
2026-01-20 01:51:28.549  5328-5328  RecentsImpl             com.miui.home                        D  mActivityStateObserver com.example.slowdown.MainActivity
2026-01-20 01:51:28.549 26362-27004 VA_ActivityStateHelper  com.miui.voiceassist                 I  activityResumed componentName ComponentInfo{com.example.slowdown/com.example.slowdown.MainActivity}
2026-01-20 01:51:28.549  5328-5328  RecentsImpl             com.miui.home                        W  onResumed className=com.example.slowdown.MainActivity   mIsInAnotherPro=false   isKeyguardLocked=false   mSecuritySpaceGuideShown=false
2026-01-20 01:51:28.563 27245-27289 ViewContentFactory      com.example.slowdown                 D  initViewContentFetcherClass took 16ms
2026-01-20 01:51:28.564 27245-27289 ContentCatcher          com.example.slowdown                 I  ViewContentFetcher : ViewContentFetcher
2026-01-20 01:51:28.564 27245-27289 ViewContentFactory      com.example.slowdown                 D  createInterceptor took 16ms
2026-01-20 01:51:28.580  2743-7521  WindowManager           system_server                        D  Input focus has changed to Window{e7091a4 u0 com.example.slowdown/com.example.slowdown.MainActivity} display=0 updateInputWindows = true
2026-01-20 01:51:28.581  2743-3297  WindowManager           system_server                        D  Update InputWindowHandle: e7091a4 com.example.slowdown/com.example.slowdown.MainActivity, frame=[0,0,0,0], touchableRegion=SkRegion((0,0,1080,2400)), scaleFactor=1.0, transform=null, windowToken=android.os.BinderProxy@c16a837, isClone=false, visibal=true, focusable=true, changed=true
2026-01-20 01:51:28.585 27245-27279 AdrenoGLES-0            com.example.slowdown                 I  QUALCOMM build                   : 1a285a84ae, I2991b7e11e
                                                                                                    Build Date                       : 06/04/23
                                                                                                    OpenGL ES Shader Compiler Version: E031.41.03.36
                                                                                                    Local Branch                     : 
                                                                                                    Remote Branch                    : 
                                                                                                    Remote Branch                    : 
                                                                                                    Reconstruct Branch               : 
2026-01-20 01:51:28.585 27245-27279 AdrenoGLES-0            com.example.slowdown                 I  Build Config                     : S P 14.1.4 AArch64
2026-01-20 01:51:28.585 27245-27279 AdrenoGLES-0            com.example.slowdown                 I  Driver Path                      : /vendor/lib64/egl/libGLESv2_adreno.so
2026-01-20 01:51:28.585 27245-27279 AdrenoGLES-0            com.example.slowdown                 I  Driver Version                   : 0676.32
2026-01-20 01:51:28.587 27245-27279 AdrenoGLES-0            com.example.slowdown                 I  PFP: 0x01740158, ME: 0x00000000
2026-01-20 01:51:28.589  2059-2474  SurfaceFlinger          surfaceflinger                       I  sf.setTransactionState focusRequest transactionId:11781095340712 frontWin:e7091a4 com.example.slowdown/com.example.slowdown.MainActivity
2026-01-20 01:51:28.591 27245-27279 AdrenoUtils             com.example.slowdown                 I  <ReadGpuID:408>: Reading chip ID through GSL
2026-01-20 01:51:28.593 27245-27279 libc                    com.example.slowdown                 W  Access denied finding property "vendor.migl.debug"
2026-01-20 01:51:28.594 27245-27279 libEGL                  com.example.slowdown                 E  pre_cache appList: ,,
2026-01-20 01:51:28.600 27245-27279 xample.slowdown         com.example.slowdown                 D  MiuiProcessManagerServiceStub setSchedFifo
2026-01-20 01:51:28.600 27245-27279 MiuiProcessManagerImpl  com.example.slowdown                 I  setSchedFifo pid:27245, mode:3
2026-01-20 01:51:28.604 27245-27279 Parcel                  com.example.slowdown                 W  Expecting binder but got null!
2026-01-20 01:51:28.605  2743-7522  WindowManager           system_server                        D  finishDrawingLocked: mDrawState=COMMIT_DRAW_PENDING Window{e7091a4 u0 com.example.slowdown/com.example.slowdown.MainActivity} in Surface(name=com.example.slowdown/com.example.slowdown.MainActivity)/@0xa82a01a
2026-01-20 01:51:28.607  2743-3297  WindowManager           system_server                        I  showSurfaceRobustly mWin:Window{e7091a4 u0 com.example.slowdown/com.example.slowdown.MainActivity}
2026-01-20 01:51:28.610  2743-3293  ActivityTaskManager     system_server                        I  Displayed com.example.slowdown/.MainActivity: +276ms
2026-01-20 01:51:28.612  2743-14571 CoreBackPreview         system_server                        D  Window{a2ecd49 u0 Splash Screen com.example.slowdown}: Setting back callback null
2026-01-20 01:51:28.613  2743-7522  InputManager-JNI        system_server                        W  Input channel object 'a2ecd49 Splash Screen com.example.slowdown (client)' was disposed without first being removed with the input manager!
2026-01-20 01:51:28.615 27245-27245 DecorView[]             com.example.slowdown                 D  onWindowFocusChanged hasWindowFocus true
2026-01-20 01:51:28.615 27245-27245 HandWritingStubImpl     com.example.slowdown                 I  refreshLastKeyboardType: 1
2026-01-20 01:51:28.615 27245-27245 HandWritingStubImpl     com.example.slowdown                 I  getCurrentKeyboardType: 1
2026-01-20 01:51:28.619 10211-10211 SogouIME                com.sohu.inputmethod.sogou.xiaomi    D  SogouIME onBindInput: com.example.slowdown 18929616
2026-01-20 01:51:28.619 27245-27245 HandWritingStubImpl     com.example.slowdown                 I  getCurrentKeyboardType: 1
2026-01-20 01:51:28.620  5328-6126  RecentsModel            com.miui.home                        W  getRunningTask   taskInfo=TaskInfo{userId=0 taskId=4140 displayId=0 isRunning=true baseIntent=Intent { act=android.intent.action.MAIN cat=[android.intent.category.LAUNCHER] flg=0x10000000 cmp=com.example.slowdown/.MainActivity } baseActivity=ComponentInfo{com.example.slowdown/com.example.slowdown.MainActivity} topActivity=ComponentInfo{com.example.slowdown/com.example.slowdown.MainActivity} origActivity=null realActivity=ComponentInfo{com.example.slowdown/com.example.slowdown.MainActivity} numActivities=1 lastActiveTime=33877077 supportsSplitScreenMultiWindow=true supportsMultiWindow=true resizeMode=1 isResizeable=true minWidth=-1 minHeight=-1 defaultMinSize=200 token=WCT{android.window.IWindowContainerToken$Stub$Proxy@3b9f1af} topActivityType=1 pictureInPictureParams=null shouldDockBigOverlays=false launchIntoPipHostTaskId=0 displayCutoutSafeInsets=null topActivityInfo=ActivityInfo{a2969bc com.example.slowdown.MainActivity} launchCookies=[] positionInParent=Point(0, 0) parentTaskId=-1 isFocused=true isVisible=true isSleeping=false topActivityInSizeCompat=false topActivityInMiuiSizeCompat=false topActivityEligibleForLetterboxEducation= false locusId=null displayAreaFeatureId=1 cameraCompatControlState=hidden mIsCastMode=false}
2026-01-20 01:51:28.620  5328-6126  RecentsModel            com.miui.home                        W  getTaskInfoIgnoreHomeAndFreeform   taskInfo=ComponentInfo{com.example.slowdown/com.example.slowdown.MainActivity}
2026-01-20 01:51:28.620 10211-10211 SogouIME                com.sohu.inputmethod.sogou.xiaomi    D  SogouIME onFinishInput: com.example.slowdown 18929616
2026-01-20 01:51:28.621 10211-10211 SogouIME                com.sohu.inputmethod.sogou.xiaomi    D  SogouIME onStartInput: com.example.slowdown 58958076
2026-01-20 01:51:28.621 10211-10211 BaseInputMethodService  com.sohu.inputmethod.sogou.xiaomi    E  onStartInput app:com.example.slowdown restarting:false
2026-01-20 01:51:28.625  5328-6126  ActivityManagerWrapper  com.miui.home                        E  getRecentTasks: mainTaskId=4140   userId=0   baseIntent=Intent { act=android.intent.action.MAIN flag=268435456 cmp=ComponentInfo{com.example.slowdown/com.example.slowdown.MainActivity} }
2026-01-20 01:51:28.631  5328-6126  RecentsModel            com.miui.home                        W  getRunningTask   taskInfo=TaskInfo{userId=0 taskId=4140 displayId=0 isRunning=true baseIntent=Intent { act=android.intent.action.MAIN cat=[android.intent.category.LAUNCHER] flg=0x10000000 cmp=com.example.slowdown/.MainActivity } baseActivity=ComponentInfo{com.example.slowdown/com.example.slowdown.MainActivity} topActivity=ComponentInfo{com.example.slowdown/com.example.slowdown.MainActivity} origActivity=null realActivity=ComponentInfo{com.example.slowdown/com.example.slowdown.MainActivity} numActivities=1 lastActiveTime=33877089 supportsSplitScreenMultiWindow=true supportsMultiWindow=true resizeMode=1 isResizeable=true minWidth=-1 minHeight=-1 defaultMinSize=200 token=WCT{android.window.IWindowContainerToken$Stub$Proxy@5417d45} topActivityType=1 pictureInPictureParams=null shouldDockBigOverlays=false launchIntoPipHostTaskId=0 displayCutoutSafeInsets=null topActivityInfo=ActivityInfo{96b8c9a com.example.slowdown.MainActivity} launchCookies=[] positionInParent=Point(0, 0) parentTaskId=-1 isFocused=true isVisible=true isSleeping=false topActivityInSizeCompat=false topActivityInMiuiSizeCompat=false topActivityEligibleForLetterboxEducation= false locusId=null displayAreaFeatureId=1 cameraCompatControlState=hidden mIsCastMode=false}
2026-01-20 01:51:28.631  5328-6126  RecentsModel            com.miui.home                        W  getTaskInfoIgnoreHomeAndFreeform   taskInfo=ComponentInfo{com.example.slowdown/com.example.slowdown.MainActivity}
2026-01-20 01:51:28.637  5328-6126  ActivityManagerWrapper  com.miui.home                        E  getRecentTasks: mainTaskId=4140   userId=0   baseIntent=Intent { act=android.intent.action.MAIN flag=268435456 cmp=ComponentInfo{com.example.slowdown/com.example.slowdown.MainActivity} }
2026-01-20 01:51:28.651 27245-27245 xample.slowdown         com.example.slowdown                 W  Accessing hidden method Landroid/app/AppOpsManager;->checkOpNoThrow(IILjava/lang/String;)I (unsupported, reflection, allowed)
2026-01-20 01:51:28.651 27245-27245 SlowDown                com.example.slowdown                 D  [MiuiHelper] canBackgroundStart check: opCode=10021, result=0, allowed=true
2026-01-20 01:51:28.681 26362-26525 VA_ActivityUtils        com.miui.voiceassist                 D  getTopActivity packageName:ComponentInfo{com.example.slowdown/com.example.slowdown.MainActivity}
2026-01-20 01:51:28.681 26362-26525 VA_AppStateWatcher      com.miui.voiceassist                 D  currentPkgName:com.example.slowdown, className:com.example.slowdown.MainActivity, lastPkgName:com.example.slowdown
2026-01-20 01:51:28.734 27245-27245 SlowDown                com.example.slowdown                 D  [MiuiHelper] canBackgroundStart check: opCode=10021, result=0, allowed=true
2026-01-20 01:51:28.946  2743-3297  WindowManager           system_server                        D  Update InputWindowHandle: e7091a4 com.example.slowdown/com.example.slowdown.MainActivity, frame=[0,0,0,0], touchableRegion=SkRegion((0,0,1080,2400)), scaleFactor=1.0, transform=null, windowToken=android.os.BinderProxy@c16a837, isClone=false, visibal=true, focusable=true, changed=true
2026-01-20 01:51:29.216 27245-27245 RenderThread            com.example.slowdown                 W  type=1400 audit(0.0:17025): avc: denied { getattr } for path="/sys/module/metis/parameters/minor_window_app" dev="sysfs" ino=78100 scontext=u:r:untrusted_app:s0:c241,c256,c512,c768 tcontext=u:object_r:sysfs_migt:s0 tclass=file permissive=0 app=com.example.slowdown
2026-01-20 01:51:29.224 27245-27245 RenderThread            com.example.slowdown                 W  type=1400 audit(0.0:17026): avc: denied { getattr } for path="/sys/module/metis/parameters/minor_window_app" dev="sysfs" ino=78100 scontext=u:r:untrusted_app:s0:c241,c256,c512,c768 tcontext=u:object_r:sysfs_migt:s0 tclass=file permissive=0 app=com.example.slowdown
2026-01-20 01:51:29.232 27245-27245 RenderThread            com.example.slowdown                 W  type=1400 audit(0.0:17027): avc: denied { getattr } for path="/sys/module/metis/parameters/minor_window_app" dev="sysfs" ino=78100 scontext=u:r:untrusted_app:s0:c241,c256,c512,c768 tcontext=u:object_r:sysfs_migt:s0 tclass=file permissive=0 app=com.example.slowdown
2026-01-20 01:51:29.240 27245-27245 RenderThread            com.example.slowdown                 W  type=1400 audit(0.0:17028): avc: denied { getattr } for path="/sys/module/metis/parameters/minor_window_app" dev="sysfs" ino=78100 scontext=u:r:untrusted_app:s0:c241,c256,c512,c768 tcontext=u:object_r:sysfs_migt:s0 tclass=file permissive=0 app=com.example.slowdown
2026-01-20 01:51:29.248 27245-27245 RenderThread            com.example.slowdown                 W  type=1400 audit(0.0:17029): avc: denied { getattr } for path="/sys/module/metis/parameters/minor_window_app" dev="sysfs" ino=78100 scontext=u:r:untrusted_app:s0:c241,c256,c512,c768 tcontext=u:object_r:sysfs_migt:s0 tclass=file permissive=0 app=com.example.slowdown
2026-01-20 01:51:29.614  9354-9774  DisplayFrameSetting     com.miui.powerkeeper                 I  homeToAppEnd pkg=com.example.slowdown
2026-01-20 01:51:31.042  2743-4157  MIUIInput               system_server                        D  [MotionEvent] publisher action=0x0, 17539866, channel 'e7091a4 com.example.slowdown/com.example.slowdown.MainActivity (server)'
2026-01-20 01:51:31.075  2743-4157  MIUIInput               system_server                        D  [MotionEvent] publisher action=0x1, 17539874, channel 'e7091a4 com.example.slowdown/com.example.slowdown.MainActivity (server)'
2026-01-20 01:51:31.093 27245-27245 OnBackInvokedCallback   com.example.slowdown                 W  OnBackInvokedCallback is not enabled for the application.
                                                                                                    Set 'android:enableOnBackInvokedCallback="true"' in the application manifest.
2026-01-20 01:51:31.109 27245-27245 SlowDown                com.example.slowdown                 D  [MiuiHelper] canBackgroundStart check: opCode=10021, result=0, allowed=true
2026-01-20 01:51:31.410  8808-15079 services                com.xiaomi.xmsf                      D  [XMS][observer] ActivityObserver activityResumed packageName: com.example.slowdown
2026-01-20 01:51:31.410  8808-24152 AppUpdateXmsfLauncher   com.xiaomi.xmsf                      D  activityResumed intent : Intent { cmp=com.example.slowdown/.MainActivity (has extras) }
2026-01-20 01:51:31.412 10343-10523 auth                    com.xiaomi.xmsf                      D  [XMS][Auth] ActivityObserver activityResumed packageName: com.example.slowdown
2026-01-20 01:51:31.414  8808-8808  AppLifecycleObserver    com.xiaomi.xmsf                      D  onReceive: com.example.slowdown FOREGROUND
2026-01-20 01:51:31.417  8808-8808  PkgUtils                com.xiaomi.xmsf                      D  getApplicationInfo packageName:com.example.slowdown, flags:128 applicationInfo:ApplicationInfo{26ab4e0 com.example.slowdown} needSecondSpace:false
2026-01-20 01:51:31.418 11977-12006 AutoInstallService      com.miui.core                        D  onForegroundInfoChanged: com.example.slowdown
2026-01-20 01:51:31.429  7839-9264  AppPredictService       com.miui.securitycenter.remote       D  start doPredict com.example.slowdown
2026-01-20 01:51:31.734  2743-4157  MIUIInput               system_server                        D  [MotionEvent] publisher action=0x0, 17540565, channel 'e7091a4 com.example.slowdown/com.example.slowdown.MainActivity (server)'
2026-01-20 01:51:31.783  2743-4157  MIUIInput               system_server                        D  [MotionEvent] publisher action=0x1, 17540615, channel 'e7091a4 com.example.slowdown/com.example.slowdown.MainActivity (server)'
2026-01-20 01:51:31.786  2743-9860  XSpaceMana...erviceImpl system_server                        W  checkXSpaceControl, from:com.example.slowdown, to:com.android.settings, with act:android.settings.ACCESSIBILITY_SETTINGS, callingUserId:0, toUserId:0
2026-01-20 01:51:31.787  2743-9860  ActivityTaskManager     system_server                        I  START u0 {act=android.settings.ACCESSIBILITY_SETTINGS flg=0x10000000 cmp=com.android.settings/.accessibility.MiuiAccessibilitySettingsActivity} from uid 10241 from pid 27245 callingPackage com.example.slowdown
2026-01-20 01:51:31.798  2743-3297  WindowManager           system_server                        D  Update InputWindowHandle: e7091a4 com.example.slowdown/com.example.slowdown.MainActivity, frame=[0,0,0,0], touchableRegion=SkRegion((0,0,1080,2400)), scaleFactor=1.0, transform=null, windowToken=android.os.BinderProxy@c16a837, isClone=false, visibal=true, focusable=true, changed=true
2026-01-20 01:51:31.801  5328-6126  RecentsModel            com.miui.home                        W  getRunningTask   taskInfo=TaskInfo{userId=0 taskId=4140 displayId=0 isRunning=true baseIntent=Intent { act=android.intent.action.MAIN cat=[android.intent.category.LAUNCHER] flg=0x10000000 cmp=com.example.slowdown/.MainActivity } baseActivity=ComponentInfo{com.example.slowdown/com.example.slowdown.MainActivity} topActivity=ComponentInfo{com.example.slowdown/com.example.slowdown.MainActivity} origActivity=null realActivity=ComponentInfo{com.example.slowdown/com.example.slowdown.MainActivity} numActivities=1 lastActiveTime=33880259 supportsSplitScreenMultiWindow=true supportsMultiWindow=true resizeMode=1 isResizeable=true minWidth=-1 minHeight=-1 defaultMinSize=200 token=WCT{android.window.IWindowContainerToken$Stub$Proxy@42d88d8} topActivityType=1 pictureInPictureParams=null shouldDockBigOverlays=false launchIntoPipHostTaskId=0 displayCutoutSafeInsets=null topActivityInfo=ActivityInfo{6254431 com.example.slowdown.MainActivity} launchCookies=[] positionInParent=Point(0, 0) parentTaskId=-1 isFocused=true isVisible=true isSleeping=false topActivityInSizeCompat=false topActivityInMiuiSizeCompat=false topActivityEligibleForLetterboxEducation= false locusId=null displayAreaFeatureId=1 cameraCompatControlState=hidden mIsCastMode=false}
2026-01-20 01:51:31.801  5328-6126  RecentsModel            com.miui.home                        W  getTaskInfoIgnoreHomeAndFreeform   taskInfo=ComponentInfo{com.example.slowdown/com.example.slowdown.MainActivity}
2026-01-20 01:51:31.805  5328-6126  ActivityManagerWrapper  com.miui.home                        E  getRecentTasks: mainTaskId=4140   userId=0   baseIntent=Intent { act=android.intent.action.MAIN flag=268435456 cmp=ComponentInfo{com.example.slowdown/com.example.slowdown.MainActivity} }
2026-01-20 01:51:31.825 26362-26525 VA_AppStateWatcher      com.miui.voiceassist                 D  currentPkgName:com.android.settings, className:com.android.settings.accessibility.MiuiAccessibilitySettingsActivity, lastPkgName:com.example.slowdown
2026-01-20 01:51:31.825 26362-26362 VA_HybridL...leListener com.miui.voiceassist                 I  onTopAppChanged: newApp=com.android.settings from=com.example.slowdown fromPkg=com.android.settings
2026-01-20 01:51:31.827  2743-3297  SmartPower...241(27245) system_server                        I  visible->invisible(3440ms) R(become invisible) adj=200.
2026-01-20 01:51:31.827  2743-3297  SmartPower...241(27245) system_server                        I  invisible->background(0ms) R(become background) adj=200.
2026-01-20 01:51:31.827  2743-4486  SmartPower              system_server                        I  com.example.slowdown/10241 state=foreground adj=200 proc size=1 move to inactive become background
2026-01-20 01:51:31.836  5328-5383  AppObserver             com.miui.home                        D  ForegroundInfo{mForegroundPackageName='com.android.settings', mForegroundUid=1000, mForegroundPid=4023, mLastForegroundPackageName='com.example.slowdown', mLastForegroundUid=10241, mLastForegroundPid=27245, mMultiWindowForegroundPackageName='com.android.settings', mMultiWindowForegroundUid=1000, mFlags=0}
2026-01-20 01:51:31.836  9354-11849 PerfEngineController    com.miui.powerkeeper                 D  ForegroundInfo{mForegroundPackageName='com.android.settings', mForegroundUid=1000, mForegroundPid=4023, mLastForegroundPackageName='com.example.slowdown', mLastForegroundUid=10241, mLastForegroundPid=27245, mMultiWindowForegroundPackageName='com.android.settings', mMultiWindowForegroundUid=1000, mFlags=0}
2026-01-20 01:51:31.836  5161-5176  A2dpLatencyMode         com.android.bluetooth                D  ForegroundInfo{mForegroundPackageName='com.android.settings', mForegroundUid=1000, mForegroundPid=4023, mLastForegroundPackageName='com.example.slowdown', mLastForegroundUid=10241, mLastForegroundPid=27245, mMultiWindowForegroundPackageName='com.android.settings', mMultiWindowForegroundUid=1000, mFlags=0}
2026-01-20 01:51:31.836  7839-9850  ProcessMonitor          com.miui.securitycenter.remote       I  onForegroundInfoChanged: ForegroundInfo{mForegroundPackageName='com.android.settings', mForegroundUid=1000, mForegroundPid=4023, mLastForegroundPackageName='com.example.slowdown', mLastForegroundUid=10241, mLastForegroundPid=27245, mMultiWindowForegroundPackageName='com.android.settings', mMultiWindowForegroundUid=1000, mFlags=0}
2026-01-20 01:51:31.837  9376-9420  GID                     com.xiaomi.joyose                    I  PKG: com.example.slowdown IG ? false
2026-01-20 01:51:31.837  9354-9560  ThermalInfoCollector    com.miui.powerkeeper                 I  collectForgroundAppsInfo: com.example.slowdown
2026-01-20 01:51:31.838  7839-9850  GameBoosterService      com.miui.securitycenter.remote       I  onForegroundInfoChanged: Cur=com.android.settings	 last=com.example.slowdown
2026-01-20 01:51:31.838  9376-9420  GST                     com.xiaomi.joyose                    I  forePkg: com.android.settings, preForePkg: com.example.slowdown
2026-01-20 01:51:31.838  7839-9850  GameBoosterService      com.miui.securitycenter.remote       D  onGameStatusChange foreground:ForegroundInfo{mForegroundPackageName='com.android.settings', mForegroundUid=1000, mForegroundPid=4023, mLastForegroundPackageName='com.example.slowdown', mLastForegroundUid=10241, mLastForegroundPid=27245, mMultiWindowForegroundPackageName='com.android.settings', mMultiWindowForegroundUid=1000, mFlags=0}
2026-01-20 01:51:31.839  9376-9420  GID                     com.xiaomi.joyose                    I  PKG: com.example.slowdown IG ? false
2026-01-20 01:51:31.841  5328-6126  ActivityManagerWrapper  com.miui.home                        E  getRecentTasks: mainTaskId=4140   userId=0   baseIntent=Intent { act=android.intent.action.MAIN flag=268435456 cmp=ComponentInfo{com.example.slowdown/com.example.slowdown.MainActivity} }
2026-01-20 01:51:31.847  9376-9420  GID                     com.xiaomi.joyose                    I  PKG: com.example.slowdown IG ? false
2026-01-20 01:51:31.848  7839-9850  BeautyService           com.miui.securitycenter.remote       I  onForegroundInfoChanged: Cur=com.android.settings	 last=com.example.slowdown
2026-01-20 01:51:31.850 27245-27245 DecorView[]             com.example.slowdown                 D  onWindowFocusChanged hasWindowFocus false
2026-01-20 01:51:31.921  5328-6126  ActivityManagerWrapper  com.miui.home                        E  getRecentTasks: mainTaskId=4140   userId=0   baseIntent=Intent { act=android.intent.action.MAIN flag=268435456 cmp=ComponentInfo{com.example.slowdown/com.example.slowdown.MainActivity} }
2026-01-20 01:51:31.929  5328-6126  ActivityManagerWrapper  com.miui.home                        E  getRecentTasks: mainTaskId=4140   userId=0   baseIntent=Intent { act=android.intent.action.MAIN flag=268435456 cmp=ComponentInfo{com.example.slowdown/com.example.slowdown.MainActivity} }
2026-01-20 01:51:32.069 10211-10211 SogouIME                com.sohu.inputmethod.sogou.xiaomi    D  SogouIME onUnbindInput: com.example.slowdown 58958076
2026-01-20 01:51:32.069 10211-10211 SogouIME                com.sohu.inputmethod.sogou.xiaomi    D  SogouIME onBindInput: com.example.slowdown 58958076
2026-01-20 01:51:32.069 10211-10211 SogouIME                com.sohu.inputmethod.sogou.xiaomi    D  SogouIME onFinishInput: com.example.slowdown 58958076
2026-01-20 01:51:32.478 27245-27279 OpenGLRenderer          com.example.slowdown                 D  endAllActiveAnimators on 0xb400007d58348d00 (UnprojectedRipple) with handle 0xb400007d6d076840
2026-01-20 01:51:32.493  8808-8808  AppLifecycleObserver    com.xiaomi.xmsf                      D  onReceive: com.example.slowdown BACKGROUND
2026-01-20 01:51:32.493  8808-8808  PkgUtils                com.xiaomi.xmsf                      D  getApplicationInfo packageName:com.example.slowdown, flags:128 applicationInfo:ApplicationInfo{26ab4e0 com.example.slowdown} needSecondSpace:false
2026-01-20 01:51:33.063  5328-6126  ActivityManagerWrapper  com.miui.home                        E  getRecentTasks: mainTaskId=4140   userId=0   baseIntent=Intent { act=android.intent.action.MAIN flag=268435456 cmp=ComponentInfo{com.example.slowdown/com.example.slowdown.MainActivity} }
2026-01-20 01:51:33.069  5328-6126  ActivityManagerWrapper  com.miui.home                        E  getRecentTasks: mainTaskId=4140   userId=0   baseIntent=Intent { act=android.intent.action.MAIN flag=268435456 cmp=ComponentInfo{com.example.slowdown/com.example.slowdown.MainActivity} }
2026-01-20 01:51:34.230 27245-27416 ProfileInstaller        com.example.slowdown                 D  Installing profile for com.example.slowdown
2026-01-20 01:51:34.334  5328-6126  ActivityManagerWrapper  com.miui.home                        E  getRecentTasks: mainTaskId=4140   userId=0   baseIntent=Intent { act=android.intent.action.MAIN flag=268435456 cmp=ComponentInfo{com.example.slowdown/com.example.slowdown.MainActivity} }
