                                                                                                    	at android.app.Activity.performResume(Activity.java:8654)
                                                                                                    	at android.app.ActivityThread.performResumeActivity(ActivityThread.java:4960)
                                                                                                    	at android.app.ActivityThread.handleResumeActivity(ActivityThread.java:5003)
                                                                                                    	at android.app.servertransaction.ResumeActivityItem.execute(ResumeActivityItem.java:54)
                                                                                                    	at android.app.servertransaction.ActivityTransactionItem.execute(ActivityTransactionItem.java:45)
                                                                                                    	at android.app.servertransaction.TransactionExecutor.executeLifecycleState(TransactionExecutor.java:176)
                                                                                                    	at android.app.servertransaction.TransactionExecutor.execute(TransactionExecutor.java:97)
                                                                                                    	at android.app.ClientTransactionHandler.executeTransaction(ClientTransactionHandler.java:64)
                                                                                                    	at android.app.ActivityThread.handleRelaunchActivityLocally(ActivityThread.java:5929)
                                                                                                    	at android.app.ActivityThread$H.handleMessage(ActivityThread.java:2390)
                                                                                                    	at android.os.Handler.dispatchMessage(Handler.java:106)
                                                                                                    	at android.os.Looper.loopOnce(Looper.java:210)
                                                                                                    	at android.os.Looper.loop(Looper.java:299)
                                                                                                    	at android.app.ActivityThread.main(ActivityThread.java:8240)
                                                                                                    	at java.lang.reflect.Method.invoke(Native Method)
                                                                                                    	at com.android.internal.os.RuntimeInit$MethodAndArgsCaller.run(RuntimeInit.java:559)
                                                                                                    	at com.android.internal.os.ZygoteInit.main(ZygoteInit.java:954)
2026-01-17 19:15:24.961  8432-9410  AppUpdateXmsfLauncher   com.xiaomi.xmsf                      D  activityResumed intent : Intent { cmp=com.example.slowdown/.MainActivity (has extras) }
2026-01-17 19:15:24.961  4936-4936  RecentsImpl             com.miui.home                        D  mActivityStateObserver com.example.slowdown.MainActivity
2026-01-17 19:15:24.961  9805-9870  auth                    com.xiaomi.xmsf                      D  [XMS][Auth] ActivityObserver activityResumed packageName: com.example.slowdown
2026-01-17 19:15:24.961  4936-4936  RecentsImpl             com.miui.home                        W  onResumed className=com.example.slowdown.MainActivity   mIsInAnotherPro=false   isKeyguardLocked=false   mSecuritySpaceGuideShown=false
2026-01-17 19:15:24.961  8432-15748 services                com.xiaomi.xmsf                      D  [XMS][observer] ActivityObserver activityResumed packageName: com.example.slowdown
2026-01-17 19:15:24.974 11239-11239 OnBackInvokedCallback   com.example.slowdown                 W  OnBackInvokedCallback is not enabled for the application.
                                                                                                    Set 'android:enableOnBackInvokedCallback="true"' in the application manifest.
2026-01-17 19:15:25.011  2674-3269  WindowManager           system_server                        D  Update InputWindowHandle: fd44df3 com.example.slowdown/com.example.slowdown.MainActivity, frame=[0,0,0,0], touchableRegion=SkRegion((0,0,1080,2400)), scaleFactor=1.0, transform=null, windowToken=android.os.BinderProxy@d637862, isClone=false, visibal=true, focusable=true, changed=true
2026-01-17 19:15:25.026 11239-11239 SlowDown                com.example.slowdown                 D  [MiuiHelper] canBackgroundStart check: opCode=10021, result=0, allowed=true
2026-01-17 19:15:26.042  2674-3931  MIUIInput               system_server                        D  [MotionEvent] publisher action=0x0, 51271136, channel 'fd44df3 com.example.slowdown/com.example.slowdown.MainActivity (server)'
2026-01-17 19:15:26.144  2674-3931  MIUIInput               system_server                        D  [MotionEvent] publisher action=0x1, 51271238, channel 'fd44df3 com.example.slowdown/com.example.slowdown.MainActivity (server)'
2026-01-17 19:15:26.302 11239-11277 xample.slowdown         com.example.slowdown                 I  ProcessProfilingInfo new_methods=16190 is saved saved_to_disk=1 resolve_classes_delay=8000
2026-01-17 19:15:26.844  2674-3931  MIUIInput               system_server                        D  [MotionEvent] publisher action=0x0, 51271937, channel 'fd44df3 com.example.slowdown/com.example.slowdown.MainActivity (server)'
2026-01-17 19:15:26.893  2674-3931  MIUIInput               system_server                        D  [MotionEvent] publisher action=0x1, 51271986, channel 'fd44df3 com.example.slowdown/com.example.slowdown.MainActivity (server)'
2026-01-17 19:15:27.023 11239-11239 ActivityThread          com.example.slowdown                 I  Schedule relaunch activity: com.example.slowdown.MainActivity
2026-01-17 19:15:27.034 11239-11239 MiuiMultiWindowAdapter  com.example.slowdown                 D  MiuiMultiWindowAdapter::getFreeformVideoWhiteListInSystem::LIST_ABOUT_SUPPORT_LANDSCAPE_VIDEO = [com.hunantv.imgo.activity, com.tencent.qqlive, com.qiyi.video, com.hunantv.imgo.activity.inter, com.tencent.qqlivei18n, com.iqiyi.i18n, tv.danmaku.bili]
2026-01-17 19:15:27.039 11239-11239 DecorView[]             com.example.slowdown                 D  getWindowModeFromSystem  windowmode is 1
2026-01-17 19:15:27.039 11239-11293 ViewContentFactory      com.example.slowdown                 D  initViewContentFetcherClass
2026-01-17 19:15:27.039 11239-11293 ContentCatcher          com.example.slowdown                 I  ViewContentFetcher : ViewContentFetcher
2026-01-17 19:15:27.039 11239-11293 ViewContentFactory      com.example.slowdown                 D  createInterceptor took 0ms
2026-01-17 19:15:27.048 11239-11239 ActivityImpl            com.example.slowdown                 E  get life cycle exception (Explain with AI)
                                                                                                    java.lang.ClassCastException: android.os.BinderProxy cannot be cast to android.app.servertransaction.ClientTransaction
                                                                                                    	at android.app.ActivityImpl.checkAccessControl(ActivityImpl.java:61)
                                                                                                    	at android.app.ActivityImpl.onResume(ActivityImpl.java:126)
                                                                                                    	at android.app.Activity.onResume(Activity.java:2088)
                                                                                                    	at android.app.Instrumentation.callActivityOnResume(Instrumentation.java:1565)
                                                                                                    	at android.app.Activity.performResume(Activity.java:8654)
                                                                                                    	at android.app.ActivityThread.performResumeActivity(ActivityThread.java:4960)
                                                                                                    	at android.app.ActivityThread.handleResumeActivity(ActivityThread.java:5003)
                                                                                                    	at android.app.servertransaction.ResumeActivityItem.execute(ResumeActivityItem.java:54)
                                                                                                    	at android.app.servertransaction.ActivityTransactionItem.execute(ActivityTransactionItem.java:45)
                                                                                                    	at android.app.servertransaction.TransactionExecutor.executeLifecycleState(TransactionExecutor.java:176)
                                                                                                    	at android.app.servertransaction.TransactionExecutor.execute(TransactionExecutor.java:97)
                                                                                                    	at android.app.ClientTransactionHandler.executeTransaction(ClientTransactionHandler.java:64)
                                                                                                    	at android.app.ActivityThread.handleRelaunchActivityLocally(ActivityThread.java:5929)
                                                                                                    	at android.app.ActivityThread$H.handleMessage(ActivityThread.java:2390)
                                                                                                    	at android.os.Handler.dispatchMessage(Handler.java:106)
                                                                                                    	at android.os.Looper.loopOnce(Looper.java:210)
                                                                                                    	at android.os.Looper.loop(Looper.java:299)
                                                                                                    	at android.app.ActivityThread.main(ActivityThread.java:8240)
                                                                                                    	at java.lang.reflect.Method.invoke(Native Method)
                                                                                                    	at com.android.internal.os.RuntimeInit$MethodAndArgsCaller.run(RuntimeInit.java:559)
                                                                                                    	at com.android.internal.os.ZygoteInit.main(ZygoteInit.java:954)
2026-01-17 19:15:27.050  8432-8464  AppUpdateXmsfLauncher   com.xiaomi.xmsf                      D  activityResumed intent : Intent { cmp=com.example.slowdown/.MainActivity (has extras) }
2026-01-17 19:15:27.050  9805-9870  auth                    com.xiaomi.xmsf                      D  [XMS][Auth] ActivityObserver activityResumed packageName: com.example.slowdown
2026-01-17 19:15:27.050  8432-16249 services                com.xiaomi.xmsf                      D  [XMS][observer] ActivityObserver activityResumed packageName: com.example.slowdown
2026-01-17 19:15:27.050  4936-4936  RecentsImpl             com.miui.home                        D  mActivityStateObserver com.example.slowdown.MainActivity
2026-01-17 19:15:27.051  4936-4936  RecentsImpl             com.miui.home                        W  onResumed className=com.example.slowdown.MainActivity   mIsInAnotherPro=false   isKeyguardLocked=false   mSecuritySpaceGuideShown=false
2026-01-17 19:15:27.057 11239-11239 OnBackInvokedCallback   com.example.slowdown                 W  OnBackInvokedCallback is not enabled for the application.
                                                                                                    Set 'android:enableOnBackInvokedCallback="true"' in the application manifest.
2026-01-17 19:15:27.104 11239-11239 SlowDown                com.example.slowdown                 D  [MiuiHelper] canBackgroundStart check: opCode=10021, result=0, allowed=true
2026-01-17 19:15:29.753  2674-3931  MIUIInput               system_server                        D  [MotionEvent] publisher action=0x0, 51274845, channel 'fd44df3 com.example.slowdown/com.example.slowdown.MainActivity (server)'
2026-01-17 19:15:29.858  2674-3931  MIUIInput               system_server                        D  [MotionEvent] publisher action=0x1, 51274952, channel 'fd44df3 com.example.slowdown/com.example.slowdown.MainActivity (server)'
2026-01-17 19:15:30.342  2674-3931  MIUIInput               system_server                        D  [MotionEvent] publisher action=0x0, 51275435, channel 'fd44df3 com.example.slowdown/com.example.slowdown.MainActivity (server)'
2026-01-17 19:15:30.407  2674-3931  MIUIInput               system_server                        D  [MotionEvent] publisher action=0x1, 51275500, channel 'fd44df3 com.example.slowdown/com.example.slowdown.MainActivity (server)'
2026-01-17 19:15:31.141 11239-11239 SlowDown                com.example.slowdown                 D  [MiuiHelper] canBackgroundStart check: opCode=10021, result=0, allowed=true
2026-01-17 19:15:31.768  2674-3931  MIUIInput               system_server                        D  [MotionEvent] publisher action=0x0, 51276861, channel 'fd44df3 com.example.slowdown/com.example.slowdown.MainActivity (server)'
2026-01-17 19:15:31.870  2674-3931  MIUIInput               system_server                        D  [MotionEvent] publisher action=0x1, 51276964, channel 'fd44df3 com.example.slowdown/com.example.slowdown.MainActivity (server)'
2026-01-17 19:15:33.126  2674-3931  MIUIInput               system_server                        D  [MotionEvent] publisher action=0x0, 51278219, channel 'fd44df3 com.example.slowdown/com.example.slowdown.MainActivity (server)'
2026-01-17 19:15:33.210  2674-3931  MIUIInput               system_server                        D  [MotionEvent] publisher action=0x1, 51278304, channel 'fd44df3 com.example.slowdown/com.example.slowdown.MainActivity (server)'
2026-01-17 19:15:33.605 11239-11253 xample.slowdown         com.example.slowdown                 W  Cleared Reference was only reachable from finalizer (only reported once)
2026-01-17 19:15:33.878  2674-3931  MIUIInput               system_server                        D  [MotionEvent] publisher action=0x0, 51278971, channel 'fd44df3 com.example.slowdown/com.example.slowdown.MainActivity (server)'
2026-01-17 19:15:33.951  2674-3931  MIUIInput               system_server                        D  [MotionEvent] publisher action=0x1, 51279044, channel 'fd44df3 com.example.slowdown/com.example.slowdown.MainActivity (server)'
2026-01-17 19:15:33.967 11239-11239 OnBackInvokedCallback   com.example.slowdown                 W  OnBackInvokedCallback is not enabled for the application.
                                                                                                    Set 'android:enableOnBackInvokedCallback="true"' in the application manifest.
2026-01-17 19:15:34.079 11239-11239 IconCustomizer          com.example.slowdown                 D  Content Ratio = -1.0
2026-01-17 19:15:34.080 11239-11239 IconCustomizer          com.example.slowdown                 D  Generate customized icon for com.android.vending.png
2026-01-17 19:15:34.111 11239-11239 IconCustomizer          com.example.slowdown                 D  Content Ratio = -1.0
2026-01-17 19:15:34.112 11239-11239 IconCustomizer          com.example.slowdown                 D  Generate customized icon for com.miui.miservice.png
2026-01-17 19:15:34.146 11239-11239 IconCustomizer          com.example.slowdown                 D  Content Ratio = 1.1818181
2026-01-17 19:15:34.146 11239-11239 IconCustomizer          com.example.slowdown                 D  Generate customized icon for cn.kuwo.kwmusiccaDM.png
2026-01-17 19:15:34.158 11239-11239 IconCustomizer          com.example.slowdown                 D  Content Ratio = 1.625
2026-01-17 19:15:34.159 11239-11239 IconCustomizer          com.example.slowdown                 D  Content Ratio = 1.625
2026-01-17 19:15:34.159 11239-11239 IconCustomizer          com.example.slowdown                 D  BitmapDensity = 320  setTargetDensity = 320
2026-01-17 19:15:34.159 11239-11239 IconCustomizer          com.example.slowdown                 D  Generate customized icon for com.aloggers.atimeloggerapp.png
2026-01-17 19:15:34.167 11239-11239 IconCustomizer          com.example.slowdown                 D  Content Ratio = -1.0
2026-01-17 19:15:34.168 11239-11239 IconCustomizer          com.example.slowdown                 D  Generate customized icon for com.android.chrome.png
2026-01-17 19:15:34.225 11239-11239 IconCustomizer          com.example.slowdown                 D  Content Ratio = -1.0
2026-01-17 19:15:34.225 11239-11239 IconCustomizer          com.example.slowdown                 D  Generate customized icon for com.coolapk.market.png
2026-01-17 19:15:34.240 11239-11239 IconCustomizer          com.example.slowdown                 D  Content Ratio = 1.1818181
2026-01-17 19:15:34.240 11239-11239 IconCustomizer          com.example.slowdown                 D  Generate customized icon for com.fanjiao.png
2026-01-17 19:15:34.247 11239-11239 IconCustomizer          com.example.slowdown                 D  Content Ratio = -1.0
2026-01-17 19:15:34.247 11239-11239 IconCustomizer          com.example.slowdown                 D  Generate customized icon for com.farplace.qingzhuo.png
2026-01-17 19:15:34.257 11239-11239 IconCustomizer          com.example.slowdown                 D  Content Ratio = -1.0
2026-01-17 19:15:34.258 11239-11239 IconCustomizer          com.example.slowdown                 D  Generate customized icon for com.github.metacubex.clash.meta.png
2026-01-17 19:15:34.265 11239-11239 IconCustomizer          com.example.slowdown                 D  Content Ratio = -1.0
2026-01-17 19:15:34.266 11239-11239 IconCustomizer          com.example.slowdown                 D  Generate customized icon for com.google.android.gm.png
2026-01-17 19:15:34.275 11239-11239 IconCustomizer          com.example.slowdown                 D  Content Ratio = -1.0
2026-01-17 19:15:34.276 11239-11239 IconCustomizer          com.example.slowdown                 D  Generate customized icon for com.google.android.youtube.png
2026-01-17 19:15:34.288 11239-11239 IconCustomizer          com.example.slowdown                 D  Content Ratio = -1.0
2026-01-17 19:15:34.289 11239-11239 IconCustomizer          com.example.slowdown                 D  Generate customized icon for com.microsoft.emmx.png
2026-01-17 19:15:34.297 11239-11239 IconCustomizer          com.example.slowdown                 D  Content Ratio = 1.1818181
2026-01-17 19:15:34.298 11239-11239 IconCustomizer          com.example.slowdown                 D  Generate customized icon for com.mipay.wallet.png
2026-01-17 19:15:34.350 11239-11239 IconCustomizer          com.example.slowdown                 D  Content Ratio = 1.1818181
2026-01-17 19:15:34.351 11239-11239 IconCustomizer          com.example.slowdown                 D  Generate customized icon for com.moqu.lnkfun.png
2026-01-17 19:15:34.411 11239-11239 IconCustomizer          com.example.slowdown                 D  Content Ratio = -1.0
2026-01-17 19:15:34.413 11239-11239 IconCustomizer          com.example.slowdown                 D  Generate customized icon for me.ele.png
2026-01-17 19:15:34.420 11239-11239 IconCustomizer          com.example.slowdown                 D  Content Ratio = -1.0
2026-01-17 19:15:34.420 11239-11239 IconCustomizer          com.example.slowdown                 D  Generate customized icon for com.google.android.documentsui.png
2026-01-17 19:15:34.440 11239-11239 IconCustomizer          com.example.slowdown                 D  Content Ratio = -1.0
2026-01-17 19:15:34.441 11239-11239 IconCustomizer          com.example.slowdown                 D  Generate customized icon for ai.inflection.pi.png
2026-01-17 19:15:34.487 11239-11239 IconCustomizer          com.example.slowdown                 D  Content Ratio = -1.0
2026-01-17 19:15:34.488 11239-11239 IconCustomizer          com.example.slowdown                 D  Generate customized icon for ai.perplexity.app.android.png
2026-01-17 19:15:34.494 11239-11239 IconCustomizer          com.example.slowdown                 D  Content Ratio = -1.0
2026-01-17 19:15:34.494 11239-11239 IconCustomizer          com.example.slowdown                 D  Generate customized icon for ai.x.grok.png
2026-01-17 19:15:34.498 11239-11239 IconCustomizer          com.example.slowdown                 D  Content Ratio = -1.0
2026-01-17 19:15:34.498 11239-11239 IconCustomizer          com.example.slowdown                 D  Generate customized icon for bin.mt.plus.png
2026-01-17 19:15:34.528 11239-11239 IconCustomizer          com.example.slowdown                 D  Content Ratio = 1.1818181
2026-01-17 19:15:34.529 11239-11239 IconCustomizer          com.example.slowdown                 D  Generate customized icon for com.MobileTicket.png
2026-01-17 19:15:34.536 11239-11239 IconCustomizer          com.example.slowdown                 D  Content Ratio = 0.609375
2026-01-17 19:15:34.538 11239-11239 IconCustomizer          com.example.slowdown                 D  Content Ratio = 0.609375
2026-01-17 19:15:34.538 11239-11239 IconCustomizer          com.example.slowdown                 D  BitmapDensity = 320  setTargetDensity = 320
2026-01-17 19:15:34.538 11239-11239 IconCustomizer          com.example.slowdown                 D  Generate customized icon for com.alibaba.wireless.png
2026-01-17 19:15:34.544 11239-11239 IconCustomizer          com.example.slowdown                 D  Content Ratio = -1.0
2026-01-17 19:15:34.544 11239-11239 IconCustomizer          com.example.slowdown                 D  Generate customized icon for com.aliyun.tongyi.png
2026-01-17 19:15:34.584 11239-11239 IconCustomizer          com.example.slowdown                 D  Content Ratio = -1.0
2026-01-17 19:15:34.585 11239-11239 IconCustomizer          com.example.slowdown                 D  Generate customized icon for com.andymstone.metronome.png
2026-01-17 19:15:34.604 11239-11239 IconCustomizer          com.example.slowdown                 D  Content Ratio = -1.0
2026-01-17 19:15:34.605 11239-11239 IconCustomizer          com.example.slowdown                 D  Generate customized icon for com.anthropic.claude.png
2026-01-17 19:15:34.634 11239-11239 IconCustomizer          com.example.slowdown                 D  Content Ratio = 1.1818181
2026-01-17 19:15:34.635 11239-11239 IconCustomizer          com.example.slowdown                 D  Generate customized icon for com.autonavi.minimap.png
2026-01-17 19:15:34.644 11239-11239 IconCustomizer          com.example.slowdown                 D  Content Ratio = 1.1818181
2026-01-17 19:15:34.645 11239-11239 IconCustomizer          com.example.slowdown                 D  Generate customized icon for com.baidu.netdisk.png
2026-01-17 19:15:34.658 11239-11239 IconCustomizer          com.example.slowdown                 D  Content Ratio = -1.0
2026-01-17 19:15:34.660 11239-11239 IconCustomizer          com.example.slowdown                 D  Generate customized icon for com.bilibili.app.in.png
2026-01-17 19:15:34.665 11239-11255 System                  com.example.slowdown                 W  A resource failed to call close. 
2026-01-17 19:15:34.669 11239-11239 IconCustomizer          com.example.slowdown                 D  Content Ratio = -1.0
2026-01-17 19:15:34.669 11239-11239 IconCustomizer          com.example.slowdown                 D  Generate customized icon for com.compose.batteryinfo.png
2026-01-17 19:15:34.705 11239-11239 IconCustomizer          com.example.slowdown                 D  Content Ratio = 1.1818181
2026-01-17 19:15:34.705 11239-11239 IconCustomizer          com.example.slowdown                 D  Generate customized icon for com.ct.client.png
2026-01-17 19:15:34.723 11239-11239 IconCustomizer          com.example.slowdown                 D  Content Ratio = -1.0
2026-01-17 19:15:34.724 11239-11239 IconCustomizer          com.example.slowdown                 D  Generate customized icon for com.deepl.mobiletranslator.png
2026-01-17 19:15:34.742 11239-11239 IconCustomizer          com.example.slowdown                 D  Content Ratio = -1.0
2026-01-17 19:15:34.743 11239-11239 IconCustomizer          com.example.slowdown                 D  Generate customized icon for com.deepseek.chat.png
2026-01-17 19:15:34.754 11239-11239 IconCustomizer          com.example.slowdown                 D  Content Ratio = 0.5148515
2026-01-17 19:15:34.758 11239-11239 IconCustomizer          com.example.slowdown                 D  Content Ratio = 0.5148515
2026-01-17 19:15:34.758 11239-11239 IconCustomizer          com.example.slowdown                 D  BitmapDensity = 160  setTargetDensity = 160
2026-01-17 19:15:34.758 11239-11239 IconCustomizer          com.example.slowdown                 D  Generate customized icon for com.didjdk.adbhelper.png
2026-01-17 19:15:34.774 11239-11239 IconCustomizer          com.example.slowdown                 D  Content Ratio = -1.0
2026-01-17 19:15:34.775 11239-11239 IconCustomizer          com.example.slowdown                 D  Generate customized icon for com.discord.png
2026-01-17 19:15:34.794 11239-11239 IconCustomizer          com.example.slowdown                 D  Content Ratio = -1.0
2026-01-17 19:15:34.795 11239-11239 IconCustomizer          com.example.slowdown                 D  Generate customized icon for com.duolingo.png
2026-01-17 19:15:34.801 11239-11239 IconCustomizer          com.example.slowdown                 D  Content Ratio = -1.0
2026-01-17 19:15:34.802 11239-11239 IconCustomizer          com.example.slowdown                 D  Generate customized icon for com.eg.android.AlipayGphone.png
2026-01-17 19:15:34.815 11239-11239 IconCustomizer          com.example.slowdown                 D  Content Ratio = -1.0
2026-01-17 19:15:34.816 11239-11239 IconCustomizer          com.example.slowdown                 D  Generate customized icon for com.esharp.livemickaraoke.png
2026-01-17 19:15:34.829 11239-11239 IconCustomizer          com.example.slowdown                 D  Content Ratio = -1.0
2026-01-17 19:15:34.830 11239-11239 IconCustomizer          com.example.slowdown                 D  Generate customized icon for com.eusoft.eudic.png
2026-01-17 19:15:34.847 11239-11239 IconCustomizer          com.example.slowdown                 D  Content Ratio = 1.1818181
2026-01-17 19:15:34.847 11239-11239 IconCustomizer          com.example.slowdown                 D  Generate customized icon for com.eusoft.ting.en.png
2026-01-17 19:15:34.859 11239-11239 IconCustomizer          com.example.slowdown                 D  Content Ratio = -1.0
2026-01-17 19:15:34.860 11239-11239 IconCustomizer          com.example.slowdown                 D  Generate customized icon for com.flomo.app.png
2026-01-17 19:15:34.869 11239-11239 IconCustomizer          com.example.slowdown                 D  Content Ratio = -1.0
2026-01-17 19:15:34.870 11239-11239 IconCustomizer          com.example.slowdown                 D  Generate customized icon for com.foxdebug.acodefree.png
2026-01-17 19:15:34.880 11239-11239 IconCustomizer          com.example.slowdown                 D  Content Ratio = -1.0
2026-01-17 19:15:34.881 11239-11239 IconCustomizer          com.example.slowdown                 D  Generate customized icon for com.google.ai.edge.gallery.png
2026-01-17 19:15:34.895 11239-11239 IconCustomizer          com.example.slowdown                 D  Content Ratio = -1.0
2026-01-17 19:15:34.896 11239-11239 IconCustomizer          com.example.slowdown                 D  Generate customized icon for com.google.android.apps.bard.png
2026-01-17 19:15:34.907 11239-11239 IconCustomizer          com.example.slowdown                 D  Content Ratio = -1.0
2026-01-17 19:15:34.908 11239-11239 IconCustomizer          com.example.slowdown                 D  Generate customized icon for com.google.android.apps.labs.language.tailwind.png
2026-01-17 19:15:34.921 11239-11239 IconCustomizer          com.example.slowdown                 D  Content Ratio = -1.0
2026-01-17 19:15:34.923 11239-11239 IconCustomizer          com.example.slowdown                 D  Generate customized icon for com.google.android.apps.translate.png
2026-01-17 19:15:34.929 11239-11239 IconCustomizer          com.example.slowdown                 D  Content Ratio = -1.0
2026-01-17 19:15:34.930 11239-11239 IconCustomizer          com.example.slowdown                 D  Generate customized icon for com.google.android.googlequicksearchbox.png
2026-01-17 19:15:34.934 11239-11239 IconCustomizer          com.example.slowdown                 D  Content Ratio = -1.0
2026-01-17 19:15:34.934 11239-11239 IconCustomizer          com.example.slowdown                 D  Generate customized icon for com.google.audio.hearing.visualization.accessibility.scribe.png
2026-01-17 19:15:34.940 11239-11239 IconCustomizer          com.example.slowdown                 D  Content Ratio = 1.1818181
2026-01-17 19:15:34.941 11239-11239 IconCustomizer          com.example.slowdown                 D  Generate customized icon for com.greenpoint.android.mc10086.activity.png
2026-01-17 19:15:34.966 11239-11239 IconCustomizer          com.example.slowdown                 D  Content Ratio = 1.1818181
2026-01-17 19:15:34.966 11239-11239 IconCustomizer          com.example.slowdown                 D  Generate customized icon for com.hihonor.cloudmusic.png
2026-01-17 19:15:34.978 11239-11239 IconCustomizer          com.example.slowdown                 D  Content Ratio = 1.1818181
2026-01-17 19:15:34.979 11239-11239 IconCustomizer          com.example.slowdown                 D  Generate customized icon for com.hil_hk.euclidea.png
2026-01-17 19:15:34.992 11239-11239 IconCustomizer          com.example.slowdown                 D  Content Ratio = -1.0
2026-01-17 19:15:34.993 11239-11239 IconCustomizer          com.example.slowdown                 D  Generate customized icon for com.hitrolab.audioeditor.png
2026-01-17 19:15:35.000 11239-11239 IconCustomizer          com.example.slowdown                 D  Content Ratio = 1.1818181
2026-01-17 19:15:35.000 11239-11239 IconCustomizer          com.example.slowdown                 D  Generate customized icon for com.hpbr.bosszhipin.png
2026-01-17 19:15:35.016 11239-11239 IconCustomizer          com.example.slowdown                 D  Content Ratio = 0.4431818
2026-01-17 19:15:35.016 11239-11239 IconCustomizer          com.example.slowdown                 D  Generate customized icon for com.hustzp.com.xichuangzhu.png
2026-01-17 19:15:35.027 11239-11239 IconCustomizer          com.example.slowdown                 D  Content Ratio = 0.8863636
2026-01-17 19:15:35.028 11239-11239 IconCustomizer          com.example.slowdown                 D  Generate customized icon for com.lemon.lvoverseas.png
2026-01-17 19:15:35.034 11239-11239 IconCustomizer          com.example.slowdown                 D  Content Ratio = -1.0
2026-01-17 19:15:35.035 11239-11239 IconCustomizer          com.example.slowdown                 D  Generate customized icon for com.mad.zenflipclock.png
2026-01-17 19:15:35.046 11239-11239 IconCustomizer          com.example.slowdown                 D  Content Ratio = -1.0
2026-01-17 19:15:35.047 11239-11239 IconCustomizer          com.example.slowdown                 D  Generate customized icon for com.manmanbuy.bijia.png
2026-01-17 19:15:35.056 11239-11239 IconCustomizer          com.example.slowdown                 D  Content Ratio = -1.0
2026-01-17 19:15:35.057 11239-11239 IconCustomizer          com.example.slowdown                 D  Generate customized icon for com.medium.reader.png
2026-01-17 19:15:35.067 11239-11239 IconCustomizer          com.example.slowdown                 D  Content Ratio = 1.1729324
2026-01-17 19:15:35.068 11239-11239 IconCustomizer          com.example.slowdown                 D  Generate customized icon for com.mi.health.png
2026-01-17 19:15:35.076 11239-11239 IconCustomizer          com.example.slowdown                 D  Content Ratio = -1.0
2026-01-17 19:15:35.076 11239-11239 IconCustomizer          com.example.slowdown                 D  Generate customized icon for com.microsoft.office.officehubrow.png
2026-01-17 19:15:35.098 11239-11239 IconCustomizer          com.example.slowdown                 D  Content Ratio = 0.37772396
2026-01-17 19:15:35.098 11239-11239 IconCustomizer          com.example.slowdown                 D  Generate customized icon for com.miui.huanji.png
2026-01-17 19:15:35.117 11239-11239 IconCustomizer          com.example.slowdown                 D  Content Ratio = 0.86187845
2026-01-17 19:15:35.118 11239-11239 IconCustomizer          com.example.slowdown                 D  Generate customized icon for com.netease.mobimail.png
2026-01-17 19:15:35.127 11239-11239 IconCustomizer          com.example.slowdown                 D  Content Ratio = -1.0
2026-01-17 19:15:35.128 11239-11239 IconCustomizer          com.example.slowdown                 D  Generate customized icon for com.openai.chatgpt.png
2026-01-17 19:15:35.140 11239-11239 IconCustomizer          com.example.slowdown                 D  Content Ratio = -1.0
2026-01-17 19:15:35.141 11239-11239 IconCustomizer          com.example.slowdown                 D  Generate customized icon for com.openai.sora.png
2026-01-17 19:15:35.151 11239-11239 IconCustomizer          com.example.slowdown                 D  Content Ratio = -1.0
2026-01-17 19:15:35.153 11239-11239 IconCustomizer          com.example.slowdown                 D  Generate customized icon for com.ovelin.guitartuna.png
2026-01-17 19:15:35.168 11239-11239 IconCustomizer          com.example.slowdown                 D  Content Ratio = 0.3326226
2026-01-17 19:15:35.168 11239-11239 IconCustomizer          com.example.slowdown                 D  Generate customized icon for com.plan.kot32.tomatotime.png
2026-01-17 19:15:35.201 11239-11239 IconCustomizer          com.example.slowdown                 D  Content Ratio = 0.16613418
2026-01-17 19:15:35.202 11239-11239 IconCustomizer          com.example.slowdown                 D  Generate customized icon for com.powersi.xiangyibaoapp.png
2026-01-17 19:15:35.216 11239-11239 IconCustomizer          com.example.slowdown                 D  Content Ratio = -1.0
2026-01-17 19:15:35.216 11239-11239 IconCustomizer          com.example.slowdown                 D  Generate customized icon for com.reddit.frontpage.png
2026-01-17 19:15:35.227 11239-11239 IconCustomizer          com.example.slowdown                 D  Content Ratio = -1.0
2026-01-17 19:15:35.228 11239-11239 IconCustomizer          com.example.slowdown                 D  Generate customized icon for com.sankuai.meituan.png
2026-01-17 19:15:35.232 11239-11239 IconCustomizer          com.example.slowdown                 D  Content Ratio = 1.1818181
2026-01-17 19:15:35.232 11239-11239 IconCustomizer          com.example.slowdown                 D  Generate customized icon for com.sdu.didi.psnger.png
2026-01-17 19:15:35.237 11239-11239 IconCustomizer          com.example.slowdown                 D  Content Ratio = 0.8678161
2026-01-17 19:15:35.237 11239-11239 IconCustomizer          com.example.slowdown                 D  Generate customized icon for com.smartisan.notes.png
2026-01-17 19:15:35.244 11239-11239 IconCustomizer          com.example.slowdown                 D  Content Ratio = 0.6638298
2026-01-17 19:15:35.245 11239-11239 IconCustomizer          com.example.slowdown                 D  Generate customized icon for com.taobao.idlefish.png
2026-01-17 19:15:35.256 11239-11239 IconCustomizer          com.example.slowdown                 D  Content Ratio = 0.4431818
2026-01-17 19:15:35.256 11239-11239 IconCustomizer          com.example.slowdown                 D  Generate customized icon for com.taobao.trip.png
2026-01-17 19:15:35.268 11239-11239 IconCustomizer          com.example.slowdown                 D  Content Ratio = -1.0
2026-01-17 19:15:35.269 11239-11239 IconCustomizer          com.example.slowdown                 D  Generate customized icon for com.tencent.hunyuan.app.chat.png
2026-01-17 19:15:35.287 11239-11239 IconCustomizer          com.example.slowdown                 D  Content Ratio = 1.1818181
2026-01-17 19:15:35.288 11239-11239 IconCustomizer          com.example.slowdown                 D  Generate customized icon for com.tencent.tim.png
2026-01-17 19:15:35.297 11239-11239 IconCustomizer          com.example.slowdown                 D  Content Ratio = 1.1818181
2026-01-17 19:15:35.297 11239-11239 IconCustomizer          com.example.slowdown                 D  Generate customized icon for com.tencent.weread.png
2026-01-17 19:15:35.303 11239-11239 IconCustomizer          com.example.slowdown                 D  Content Ratio = -1.0
2026-01-17 19:15:35.304 11239-11239 IconCustomizer          com.example.slowdown                 D  Generate customized icon for com.ticktick.task.png
2026-01-17 19:15:35.312 11239-11239 IconCustomizer          com.example.slowdown                 D  Content Ratio = -1.0
2026-01-17 19:15:35.313 11239-11239 IconCustomizer          com.example.slowdown                 D  Generate customized icon for com.twitter.android.png
2026-01-17 19:15:35.318 11239-11239 IconCustomizer          com.example.slowdown                 D  Content Ratio = 1.1818181
2026-01-17 19:15:35.318 11239-11239 IconCustomizer          com.example.slowdown                 D  Generate customized icon for com.unionpay.png
2026-01-17 19:15:35.330 11239-11239 IconCustomizer          com.example.slowdown                 D  Content Ratio = 1.1818181
2026-01-17 19:15:35.331 11239-11239 IconCustomizer          com.example.slowdown                 D  Generate customized icon for com.unnoo.quan.png
2026-01-17 19:15:35.339 11239-11239 IconCustomizer          com.example.slowdown                 D  Content Ratio = -1.0
2026-01-17 19:15:35.340 11239-11239 IconCustomizer          com.example.slowdown                 D  Generate customized icon for com.v2ray.ang.png
2026-01-17 19:15:35.351 11239-11239 IconCustomizer          com.example.slowdown                 D  Content Ratio = -1.0
2026-01-17 19:15:35.351 11239-11239 IconCustomizer          com.example.slowdown                 D  Generate customized icon for com.windyty.android.png
2026-01-17 19:15:35.357 11239-11239 IconCustomizer          com.example.slowdown                 D  Content Ratio = 1.1818181
2026-01-17 19:15:35.357 11239-11239 IconCustomizer          com.example.slowdown                 D  Generate customized icon for com.wuba.png
2026-01-17 19:15:35.366 11239-11239 IconCustomizer          com.example.slowdown                 D  Content Ratio = -1.0
2026-01-17 19:15:35.367 11239-11239 IconCustomizer          com.example.slowdown                 D  Generate customized icon for com.xd.xztt.global.google.png
2026-01-17 19:15:35.436  2674-3931  MIUIInput               system_server                        D  [MotionEvent] publisher action=0x0, 51280530, channel 'fd44df3 com.example.slowdown/com.example.slowdown.MainActivity (server)'
2026-01-17 19:15:35.496  2674-3931  MIUIInput               system_server                        D  [MotionEvent] publisher action=0x1, 51280590, channel 'fd44df3 com.example.slowdown/com.example.slowdown.MainActivity (server)'
2026-01-17 19:15:35.724 11239-11239 IconCustomizer          com.example.slowdown                 D  Content Ratio = 0.055397727
2026-01-17 19:15:35.724 11239-11239 IconCustomizer          com.example.slowdown                 D  Generate customized icon for com.xiaoe.client.png
2026-01-17 19:15:35.740 11239-11239 IconCustomizer          com.example.slowdown                 D  Content Ratio = -1.0
2026-01-17 19:15:35.741 11239-11239 IconCustomizer          com.example.slowdown                 D  Generate customized icon for com.xunmeng.pinduoduo.png
2026-01-17 19:15:35.752 11239-11239 IconCustomizer          com.example.slowdown                 D  Content Ratio = -1.0
2026-01-17 19:15:35.754 11239-11239 IconCustomizer          com.example.slowdown                 D  Generate customized icon for com.zhihu.android.png
2026-01-17 19:15:35.760 11239-11239 IconCustomizer          com.example.slowdown                 D  Content Ratio = -1.0
2026-01-17 19:15:35.761 11239-11239 IconCustomizer          com.example.slowdown                 D  Generate customized icon for hello.litiaotiao.app.png
2026-01-17 19:15:35.766 11239-11239 IconCustomizer          com.example.slowdown                 D  Content Ratio = -1.0
2026-01-17 19:15:35.767 11239-11239 IconCustomizer          com.example.slowdown                 D  Generate customized icon for li.songe.gkd.png
2026-01-17 19:15:35.776 11239-11239 IconCustomizer          com.example.slowdown                 D  Content Ratio = -1.0
2026-01-17 19:15:35.777 11239-11239 IconCustomizer          com.example.slowdown                 D  Generate customized icon for md.obsidian.png
2026-01-17 19:15:35.788 11239-11239 IconCustomizer          com.example.slowdown                 D  Content Ratio = -1.0
2026-01-17 19:15:35.789 11239-11239 IconCustomizer          com.example.slowdown                 D  Generate customized icon for notion.id.png
2026-01-17 19:15:35.797 11239-11239 IconCustomizer          com.example.slowdown                 D  Content Ratio = 0.8666667
2026-01-17 19:15:35.798 11239-11239 IconCustomizer          com.example.slowdown                 D  Content Ratio = 0.8666667
2026-01-17 19:15:35.798 11239-11239 IconCustomizer          com.example.slowdown                 D  BitmapDensity = 0  setTargetDensity = 0
2026-01-17 19:15:35.798 11239-11239 IconCustomizer          com.example.slowdown                 D  Generate customized icon for org.chromium.webapk.aba294c41cb5fb184_v2.png
2026-01-17 19:15:35.808 11239-11239 IconCustomizer          com.example.slowdown                 D  Content Ratio = -1.0
2026-01-17 19:15:35.809 11239-11239 IconCustomizer          com.example.slowdown                 D  Generate customized icon for org.cohortor.gstrings.png
2026-01-17 19:15:35.821 11239-11239 IconCustomizer          com.example.slowdown                 D  Content Ratio = 0.77040815
2026-01-17 19:15:35.824 11239-11239 IconCustomizer          com.example.slowdown                 D  Content Ratio = 0.77040815
2026-01-17 19:15:35.824 11239-11239 IconCustomizer          com.example.slowdown                 D  BitmapDensity = 160  setTargetDensity = 160
2026-01-17 19:15:35.825 11239-11239 IconCustomizer          com.example.slowdown                 D  Generate customized icon for org.epcdiy.memory.png
2026-01-17 19:15:35.840 11239-11239 IconCustomizer          com.example.slowdown                 D  Content Ratio = -1.0
2026-01-17 19:15:35.841 11239-11239 IconCustomizer          com.example.slowdown                 D  Generate customized icon for org.isoron.uhabits.png
2026-01-17 19:15:35.849 11239-11239 IconCustomizer          com.example.slowdown                 D  Content Ratio = -1.0
2026-01-17 19:15:35.851 11239-11239 IconCustomizer          com.example.slowdown                 D  Generate customized icon for org.telegram.messenger.png
2026-01-17 19:15:35.859 11239-11239 IconCustomizer          com.example.slowdown                 D  Content Ratio = 1.1818181
2026-01-17 19:15:35.859 11239-11239 IconCustomizer          com.example.slowdown                 D  Generate customized icon for unity.Annapurna.Gorogoa.png
2026-01-17 19:15:35.959 11239-11239 Looper                  com.example.slowdown                 W  PerfMonitor longMsg : seq=6333 plan=19:15:33.963 late=9ms wall=1986ms running=0ms h=android.view.Choreographer$FrameHandler c=android.view.Choreographer$FrameDisplayEventReceiver procState=-1
2026-01-17 19:15:35.959 11239-11239 Looper                  com.example.slowdown                 W  PerfMonitor doFrame : time=1986ms vsyncFrame=0 latency=9ms procState=-1 historyMsgCount=3
2026-01-17 19:15:35.969 11239-11239 Choreographer           com.example.slowdown                 I  Skipped 241 frames!  The application may be doing too much work on its main thread.
2026-01-17 19:15:35.993 11239-11239 Looper                  com.example.slowdown                 W  PerfMonitor doFrame : time=24ms vsyncFrame=0 latency=1990ms procState=-1 historyMsgCount=5 (msgIndex=1 wall=1986ms seq=6333 late=9ms h=android.view.Choreographer$FrameHandler c=android.view.Choreographer$FrameDisplayEventReceiver)
2026-01-17 19:15:36.007 11239-11387 OpenGLRenderer          com.example.slowdown                 I  Davey! duration=2025ms; Flags=0, FrameTimelineVsyncId=50956086, IntendedVsync=51279074378987, Vsync=51281061755121, InputEventId=535256242, HandleInputStart=51281064539706, AnimationStart=51281064541424, PerformTraversalsStart=51281070804185, DrawStart=51281070873091, FrameDeadline=51279088045653, FrameInterval=51281064470226, FrameStartTime=8247004, SyncQueued=51281087545695, SyncStart=51281087611112, IssueDrawCommandsStart=51281087968143, SwapBuffers=51281098360903, FrameCompleted=51281099564601, DequeueBufferDuration=8490, QueueBufferDuration=153542, GpuCompleted=51281099564601, SwapBuffersCompleted=51281098754862, DisplayPresentTime=51280120900330, CommandSubmissionCompleted=51281098360903, 
2026-01-17 19:15:36.012  2674-3931  MIUIInput               system_server                        D  [MotionEvent] publisher action=0x0, 51281106, channel 'fd44df3 com.example.slowdown/com.example.slowdown.MainActivity (server)'
2026-01-17 19:15:36.078  2674-3931  MIUIInput               system_server                        D  [MotionEvent] publisher action=0x1, 51281172, channel 'fd44df3 com.example.slowdown/com.example.slowdown.MainActivity (server)'
2026-01-17 19:15:38.813  2674-3931  MIUIInput               system_server                        D  [MotionEvent] publisher action=0x0, 51283905, channel 'fd44df3 com.example.slowdown/com.example.slowdown.MainActivity (server)'
2026-01-17 19:15:38.926  2674-3931  MIUIInput               system_server                        D  [MotionEvent] publisher action=0x1, 51284020, channel 'fd44df3 com.example.slowdown/com.example.slowdown.MainActivity (server)'
2026-01-17 19:15:39.459  2674-3931  MIUIInput               system_server                        D  [MotionEvent] publisher action=0x0, 51284551, channel 'fd44df3 com.example.slowdown/com.example.slowdown.MainActivity (server)'
2026-01-17 19:15:39.532  2674-3931  MIUIInput               system_server                        D  [MotionEvent] publisher action=0x1, 51284626, channel 'fd44df3 com.example.slowdown/com.example.slowdown.MainActivity (server)'
2026-01-17 19:15:39.831  2674-3931  MIUIInput               system_server                        D  [MotionEvent] publisher action=0x0, 51284924, channel 'fd44df3 com.example.slowdown/com.example.slowdown.MainActivity (server)'
2026-01-17 19:15:40.297  2674-3931  MIUIInput               system_server                        D  [MotionEvent] publisher action=0x1, 51285391, channel 'fd44df3 com.example.slowdown/com.example.slowdown.MainActivity (server)'
2026-01-17 19:15:41.968  2674-3931  MIUIInput               system_server                        D  [MotionEvent] publisher action=0x0, 51287062, channel 'fd44df3 com.example.slowdown/com.example.slowdown.MainActivity (server)'
2026-01-17 19:15:42.044  2674-3931  MIUIInput               system_server                        D  [MotionEvent] publisher action=0x1, 51287138, channel 'fd44df3 com.example.slowdown/com.example.slowdown.MainActivity (server)'
2026-01-17 19:15:44.704  2674-3931  MIUIInput               system_server                        D  [MotionEvent] publisher action=0x0, 51289797, channel 'fd44df3 com.example.slowdown/com.example.slowdown.MainActivity (server)'
2026-01-17 19:15:44.812  2674-3931  MIUIInput               system_server                        D  [MotionEvent] publisher action=0x1, 51289904, channel 'fd44df3 com.example.slowdown/com.example.slowdown.MainActivity (server)'
2026-01-17 19:15:46.542  2674-3931  MIUIInput               system_server                        D  [MotionEvent] publisher action=0x0, 51291633, channel 'fd44df3 com.example.slowdown/com.example.slowdown.MainActivity (server)'
2026-01-17 19:15:46.604  2674-3931  MIUIInput               system_server                        D  [MotionEvent] publisher action=0x1, 51291698, channel 'fd44df3 com.example.slowdown/com.example.slowdown.MainActivity (server)'
2026-01-17 19:15:46.668 11239-11239 SlowDown                com.example.slowdown                 D  [MiuiHelper] canBackgroundStart check: opCode=10021, result=0, allowed=true
2026-01-17 19:15:47.550  2674-3931  MIUIInput               system_server                        D  [MotionEvent] publisher action=0x0, 51292644, channel 'fd44df3 com.example.slowdown/com.example.slowdown.MainActivity (server)'
2026-01-17 19:15:47.627  2674-3931  MIUIInput               system_server                        D  [MotionEvent] publisher action=0x1, 51292721, channel 'fd44df3 com.example.slowdown/com.example.slowdown.MainActivity (server)'
2026-01-17 19:15:47.756 11239-11239 ActivityThread          com.example.slowdown                 I  Schedule relaunch activity: com.example.slowdown.MainActivity
